******************************************************************************
             TMS320C2000 Linker PC v22.6.1                     
******************************************************************************
>> Linked Thu Jul  2 16:16:54 2026

OUTPUT FILE NAME:   <project01_sci_test.out>
ENTRY POINT SYMBOL: "code_start"  address: 00000000


MEMORY CONFIGURATION

         name            origin    length      used     unused   attr    fill
----------------------  --------  ---------  --------  --------  ----  --------
  BEGIN                 00000000   00000002  00000002  00000000  RWIX
  BOOT_RSVD             00000002   00000126  00000000  00000126  RWIX
  RAMM0                 00000128   000002d8  0000001e  000002ba  RWIX
  RAMM1                 00000400   000003f8  00000200  000001f8  RWIX
  RAMLS0                00008000   00000800  00000800  00000000  RWIX
  RAMLS1                00008800   00000800  00000800  00000000  RWIX
  RAMLS2                00009000   00000800  00000016  000007ea  RWIX
  RAMLS3                00009800   00000800  00000000  00000800  RWIX
  RAMLS4                0000a000   00000800  00000000  00000800  RWIX
  RAMLS5                0000a800   00000800  000004b2  0000034e  RWIX
  RAMLS6_7              0000b000   00001000  00000000  00001000  RWIX
  RAMGS0                0000c000   00001000  00000000  00001000  RWIX
  RAMGS1                0000d000   00001000  00000000  00001000  RWIX
  RAMGS2                0000e000   00001000  00000000  00001000  RWIX
  RAMGS3                0000f000   00000ff8  00000000  00000ff8  RWIX
  FLASH_BANK0_SEC0      00080002   00000ffe  00000000  00000ffe  RWIX
  FLASH_BANK0_SEC1      00081000   00001000  00000000  00001000  RWIX
  FLASH_BANK0_SEC2      00082000   00001000  00000000  00001000  RWIX
  FLASH_BANK0_SEC3      00083000   00001000  00000000  00001000  RWIX
  FLASH_BANK0_SEC4      00084000   00001000  00000000  00001000  RWIX
  FLASH_BANK0_SEC5      00085000   00001000  00000000  00001000  RWIX
  FLASH_BANK0_SEC6      00086000   00001000  00000000  00001000  RWIX
  FLASH_BANK0_SEC7      00087000   00001000  00000000  00001000  RWIX
  FLASH_BANK0_SEC8      00088000   00001000  00000000  00001000  RWIX
  FLASH_BANK0_SEC9      00089000   00001000  00000000  00001000  RWIX
  FLASH_BANK0_SEC10     0008a000   00001000  00000000  00001000  RWIX
  FLASH_BANK0_SEC11     0008b000   00001000  00000000  00001000  RWIX
  FLASH_BANK0_SEC12     0008c000   00001000  00000000  00001000  RWIX
  FLASH_BANK0_SEC13     0008d000   00001000  00000000  00001000  RWIX
  FLASH_BANK0_SEC14     0008e000   00001000  00000000  00001000  RWIX
  FLASH_BANK0_SEC15     0008f000   00001000  00000000  00001000  RWIX
  FLASH_BANK1_SEC0      00090000   00001000  00000000  00001000  RWIX
  FLASH_BANK1_SEC1      00091000   00001000  00000000  00001000  RWIX
  FLASH_BANK1_SEC2      00092000   00001000  00000000  00001000  RWIX
  FLASH_BANK1_SEC3      00093000   00001000  00000000  00001000  RWIX
  FLASH_BANK1_SEC4      00094000   00001000  00000000  00001000  RWIX
  FLASH_BANK1_SEC5      00095000   00001000  00000000  00001000  RWIX
  FLASH_BANK1_SEC6      00096000   00001000  00000000  00001000  RWIX
  FLASH_BANK1_SEC7      00097000   00001000  00000000  00001000  RWIX
  FLASH_BANK1_SEC8      00098000   00001000  00000000  00001000  RWIX
  FLASH_BANK1_SEC9      00099000   00001000  00000000  00001000  RWIX
  FLASH_BANK1_SEC10     0009a000   00001000  00000000  00001000  RWIX
  FLASH_BANK1_SEC11     0009b000   00001000  00000000  00001000  RWIX
  FLASH_BANK1_SEC12     0009c000   00001000  00000000  00001000  RWIX
  FLASH_BANK1_SEC13     0009d000   00001000  00000000  00001000  RWIX
  FLASH_BANK1_SEC14     0009e000   00001000  00000000  00001000  RWIX
  FLASH_BANK1_SEC15     0009f000   00001000  00000000  00001000  RWIX
  FLASH_BANK2_SEC0      000a0000   00001000  00000000  00001000  RWIX
  FLASH_BANK2_SEC1      000a1000   00001000  00000000  00001000  RWIX
  FLASH_BANK2_SEC2      000a2000   00001000  00000000  00001000  RWIX
  FLASH_BANK2_SEC3      000a3000   00001000  00000000  00001000  RWIX
  FLASH_BANK2_SEC4      000a4000   00001000  00000000  00001000  RWIX
  FLASH_BANK2_SEC5      000a5000   00001000  00000000  00001000  RWIX
  FLASH_BANK2_SEC6      000a6000   00001000  00000000  00001000  RWIX
  FLASH_BANK2_SEC7      000a7000   00001000  00000000  00001000  RWIX
  FLASH_BANK2_SEC8      000a8000   00001000  00000000  00001000  RWIX
  FLASH_BANK2_SEC9      000a9000   00001000  00000000  00001000  RWIX
  FLASH_BANK2_SEC10     000aa000   00001000  00000000  00001000  RWIX
  FLASH_BANK2_SEC11     000ab000   00001000  00000000  00001000  RWIX
  FLASH_BANK2_SEC12     000ac000   00001000  00000000  00001000  RWIX
  FLASH_BANK2_SEC13     000ad000   00001000  00000000  00001000  RWIX
  FLASH_BANK2_SEC14     000ae000   00001000  00000000  00001000  RWIX
  FLASH_BANK2_SEC15     000af000   00000ff0  00000000  00000ff0  RWIX
  SECURE_ROM            003f2000   00006000  00000000  00006000  RWIX
  BOOTROM               003f8000   00007fc0  00000000  00007fc0  RWIX
  RESET                 003fffc0   00000002  00000000  00000002  RWIX


SECTION ALLOCATION MAP

 output                                  attributes/
section   page    origin      length       input sections
--------  ----  ----------  ----------   ----------------
codestart 
*          0    00000000    00000002     
                  00000000    00000002     f28003x_codestartbranch.obj (codestart)

.TI.ramfunc 
*          0    00000128    00000004     
                  00000128    00000004     driverlib.lib : sysctl.obj (.TI.ramfunc)

.cinit     0    0000012c    0000001a     
                  0000012c    00000008     (.cinit..data.load) [load image, compression = lzss]
                  00000134    00000006     (__TI_handler_table)
                  0000013a    00000004     (.cinit..bss.load) [load image, compression = zero_init]
                  0000013e    00000008     (__TI_cinit_table)

.reset     0    003fffc0    00000000     DSECT

.stack     0    00000400    00000200     UNINITIALIZED
                  00000400    00000200     --HOLE--

.bss       0    0000a80a    00000002     UNINITIALIZED
                  0000a80a    00000002     project01_main.obj (.bss)

.init_array 
*          0    00000128    00000000     UNINITIALIZED

.data      0    0000a800    0000000a     UNINITIALIZED
                  0000a800    00000006     rts2800_fpu32_eabi.lib : exit.c.obj (.data)
                  0000a806    00000002                            : _lock.c.obj (.data:_lock)
                  0000a808    00000002                            : _lock.c.obj (.data:_unlock)

.const     0    0000a80c    000004a6     
                  0000a80c    00000152     project01_main.obj (.const:.string)
                  0000a95e    000000db     board.obj (.const:.string)
                  0000aa39    00000001     --HOLE-- [fill = 0]
                  0000aa3a    0000009a     driverlib.lib : sysctl.obj (.const:.string)
                  0000aad4    00000098                   : gpio.obj (.const:.string)
                  0000ab6c    00000097                   : sci.obj (.const:.string)
                  0000ac03    00000001     --HOLE-- [fill = 0]
                  0000ac04    0000005d     device.obj (.const:.string)
                  0000ac61    00000001     --HOLE-- [fill = 0]
                  0000ac62    00000050     driverlib.lib : cputimer.obj (.const:.string)

.text.1    0    00008000    00000800     
                  00008000    00000123     driverlib.lib : sysctl.obj (.text:SysCtl_setClock)
                  00008123    000000fe                   : sysctl.obj (.text:SysCtl_isPLLValid)
                  00008221    000000ce     device.obj (.text:Device_enableAllPeripherals)
                  000082ef    00000088     rts2800_fpu32_eabi.lib : fs_div28.asm.obj (.text)
                  00008377    00000073     driverlib.lib : sysctl.obj (.text:DCC_setCounterSeeds)
                  000083ea    0000006a                   : gpio.obj (.text:GPIO_setAnalogMode)
                  00008454    00000065                   : sysctl.obj (.text:SysCtl_getClock)
                  000084b9    00000052                   : gpio.obj (.text:GPIO_setPadConfig)
                  0000850b    00000049                   : sysctl.obj (.text:SysCtl_selectOscSource)
                  00008554    00000046                   : sysctl.obj (.text:SysCtl_selectXTAL)
                  0000859a    00000045                   : sci.obj (.text:SCI_clearInterruptStatus)
                  000085df    00000045                   : sysctl.obj (.text:SysCtl_pollX1Counter)
                  00008624    00000045     project01_main.obj (.text:main)
                  00008669    00000041     driverlib.lib : sci.obj (.text:SCI_writeCharArray)
                  000086aa    0000003e     device.obj (.text:Device_init)
                  000086e8    0000003e     driverlib.lib : sci.obj (.text:SCI_setConfig)
                  00008726    0000003d                   : interrupt.obj (.text:Interrupt_initModule)
                  00008763    0000003d     board.obj (.text:mySCIB_init)
                  000087a0    00000038     project01_main.obj (.text:INT_myCPUTIMER0_ISR)
                  000087d8    00000027     board.obj (.text:GPIO_writePin)
                  000087ff    00000001     c2000ware_libraries.obj (.text:C2000Ware_libraries_init)

.text.2    0    00008800    00000800     
                  00008800    00000037     driverlib.lib : gpio.obj (.text:GPIO_setControllerCore)
                  00008837    00000037                   : gpio.obj (.text:GPIO_setPinConfig)
                  0000886e    00000037                   : gpio.obj (.text:GPIO_setQualificationMode)
                  000088a5    00000037                   : interrupt.obj (.text:Interrupt_enable)
                  000088dc    00000031                   : gpio.obj (.text:GPIO_setDirectionMode)
                  0000890d    00000030     rts2800_fpu32_eabi.lib : copy_decompress_lzss.c.obj (.text:decompress:lzss)
                  0000893d    0000002b                            : autoinit.c.obj (.text:__TI_auto_init_nobinit_nopinit)
                  00008968    00000029                            : exit.c.obj (.text)
                  00008991    00000026     board.obj (.text:SCI_setFIFOInterruptLevel)
                  000089b7    00000025     driverlib.lib : sysctl.obj (.text:SysCtl_selectXTALSingleEnded)
                  000089dc    00000024                   : sysctl.obj (.text:DCC_enableSingleShotMode)
                  00008a00    00000024     board.obj (.text:PinMux_init)
                  00008a24    00000021     board.obj (.text:myCPUTIMER0_init)
                  00008a45    00000020     driverlib.lib : sci.obj (.text:SCI_isFIFOEnabled)
                  00008a65    0000001f     project01_main.obj (.text:GPIO_togglePin)
                  00008a84    0000001e     driverlib.lib : sysctl.obj (.text:DCC_setCounter0ClkSource)
                  00008aa2    0000001e                   : sysctl.obj (.text:DCC_setCounter1ClkSource)
                  00008ac0    0000001e                   : interrupt.obj (.text:Interrupt_initVectorTable)
                  00008ade    0000001e     project01_main.obj (.text:SCI_readCharBlockingFIFO)
                  00008afc    0000001d     board.obj (.text:SCI_enableFIFO)
                  00008b19    0000001d     rts2800_fpu32_eabi.lib : memcpy.c.obj (.text)
                  00008b36    0000001a     project01_main.obj (.text:CPUTimer_startTimer)
                  00008b50    0000001a     driverlib.lib : sci.obj (.text:SCI_isSpaceAvailableNonFIFO)
                  00008b6a    0000001a     project01_main.obj (.text:SCI_isSpaceAvailableNonFIFO)
                  00008b84    0000001a     driverlib.lib : sysctl.obj (.text:SysCtl_getLowSpeedClock)
                  00008b9e    00000019     board.obj (.text:LED0_init)
                  00008bb7    00000019     project01_main.obj (.text:SCI_writeCharBlockingNonFIFO)
                  00008bd0    00000019     driverlib.lib : sysctl.obj (.text:SysCtl_setPLLSysClk)
                  00008be9    00000018                   : sci.obj (.text:SCI_disableModule)
                  00008c01    00000018     board.obj (.text:SCI_performSoftwareReset)
                  00008c19    00000018     driverlib.lib : sci.obj (.text:SCI_performSoftwareReset)
                  00008c31    00000018     board.obj (.text:SCI_resetChannels)
                  00008c49    00000018     board.obj (.text:SCI_resetRxFIFO)
                  00008c61    00000018     board.obj (.text:SCI_resetTxFIFO)
                  00008c79    00000017     board.obj (.text:CPUTimer_isBaseValid)
                  00008c90    00000017     driverlib.lib : cputimer.obj (.text:CPUTimer_isBaseValid)
                  00008ca7    00000017     project01_main.obj (.text:CPUTimer_isBaseValid)
                  00008cbe    00000017     board.obj (.text:CPUTimer_setPreScaler)
                  00008cd5    00000017     device.obj (.text:SysCtl_enablePeripheral)
                  00008cec    00000017     driverlib.lib : sysctl.obj (.text:SysCtl_enablePeripheral)
                  00008d03    00000017     rts2800_fpu32_eabi.lib : boot28.asm.obj (.text)
                  00008d1a    00000016     driverlib.lib : sysctl.obj (.text:DCC_disableDoneSignal)
                  00008d30    00000016                   : interrupt.obj (.text:Interrupt_defaultHandler)
                  00008d46    00000015     board.obj (.text:CPUTimer_enableInterrupt)
                  00008d5b    00000015     driverlib.lib : sysctl.obj (.text:DCC_clearDoneFlag)
                  00008d70    00000015                   : sysctl.obj (.text:DCC_clearErrorFlag)
                  00008d85    00000015                   : sysctl.obj (.text:DCC_disableErrorSignal)
                  00008d9a    00000015                   : sysctl.obj (.text:DCC_isBaseValid)
                  00008daf    00000015     device.obj (.text:GPIO_unlockPortConfig)
                  00008dc4    00000014     board.obj (.text:CPUTimer_reloadTimerCounter)
                  00008dd8    00000014     board.obj (.text:CPUTimer_stopTimer)
                  00008dec    00000014     driverlib.lib : sysctl.obj (.text:DCC_disableModule)
                  00008e00    00000014                   : sysctl.obj (.text:DCC_enableModule)
                  00008e14    00000014     board.obj (.text:GPIO_isPinValid)
                  00008e28    00000014     driverlib.lib : gpio.obj (.text:GPIO_isPinValid)
                  00008e3c    00000014     project01_main.obj (.text:GPIO_isPinValid)
                  00008e50    00000014     project01_main.obj (.text:SCI_getRxFIFOStatus)
                  00008e64    00000014     driverlib.lib : sci.obj (.text:SCI_getTxFIFOStatus)
                  00008e78    00000013                   : cputimer.obj (.text:CPUTimer_setEmulationMode)
                  00008e8b    00000013     board.obj (.text:SCI_clearOverflowStatus)
                  00008e9e    00000013     board.obj (.text:SCI_enableModule)
                  00008eb1    00000013     driverlib.lib : sci.obj (.text:SCI_enableModule)
                  00008ec4    00000013     board.obj (.text:SCI_isBaseValid)
                  00008ed7    00000013     driverlib.lib : sci.obj (.text:SCI_isBaseValid)
                  00008eea    00000013     project01_main.obj (.text:SCI_isBaseValid)
                  00008efd    00000011     board.obj (.text:CPUTimer_setPeriod)
                  00008f0e    00000011     board.obj (.text:SCI_disableLoopback)
                  00008f1f    00000010     device.obj (.text:Device_initGPIO)
                  00008f2f    00000010     project01_main.obj (.text:SCI_getRxStatus)
                  00008f3f    0000000f     board.obj (.text:Interrupt_register)
                  00008f4e    0000000d     board.obj (.text:Board_init)
                  00008f5b    0000000d     board.obj (.text:INTERRUPT_init)
                  00008f68    0000000d     driverlib.lib : interrupt.obj (.text:Interrupt_disableGlobal)
                  00008f75    0000000d                   : interrupt.obj (.text:Interrupt_enableGlobal)
                  00008f82    0000000d     device.obj (.text:SysCtl_setLowSpeedClock)
                  00008f8f    0000000d     rts2800_fpu32_eabi.lib : copy_zero_init.c.obj (.text:decompress:ZI:__TI_zero_init_nomemset)
                  00008f9c    0000000c                            : args_main.c.obj (.text)
                  00008fa8    0000000b     device.obj (.text:SysCtl_disableWatchdog)
                  00008fb3    0000000b     driverlib.lib : sysctl.obj (.text:SysCtl_isMCDClockFailureDetected)
                  00008fbe    0000000a                   : interrupt.obj (.text:Interrupt_illegalOperationHandler)
                  00008fc8    0000000a                   : interrupt.obj (.text:Interrupt_nmiHandler)
                  00008fd2    00000009     rts2800_fpu32_eabi.lib : _lock.c.obj (.text)
                  00008fdb    00000008                            : copy_decompress_none.c.obj (.text:decompress:none)
                  00008fe3    00000008     f28003x_codestartbranch.obj (.text)
                  00008feb    00000007     device.obj (.text:ASysCtl_lockVREG)
                  00008ff2    00000007     driverlib.lib : sysctl.obj (.text:SysCtl_resetMCD)
                  00008ff9    00000007     device.obj (.text:__error__)

.text.3    0    00009000    00000016     
                  00009000    00000006     project01_main.obj (.text:Interrupt_clearACKGroup)
                  00009006    00000004     device.obj (.text:SysCtl_deviceCal)
                  0000900a    00000003     board.obj (.text:CPUTIMER_init)
                  0000900d    00000003     board.obj (.text:GPIO_init)
                  00009010    00000003     board.obj (.text:SCI_init)
                  00009013    00000002     rts2800_fpu32_eabi.lib : pre_init.c.obj (.text)
                  00009015    00000001                            : startup.c.obj (.text)

MODULE SUMMARY

       Module                        code   ro data   rw data
       ------                        ----   -------   -------
    .\
       project01_main.obj            367    338       2      
    +--+-----------------------------+------+---------+---------+
       Total:                        367    338       2      
                                                             
    .\device\
       device.obj                    370    93        0      
       f28003x_codestartbranch.obj   10     0         0      
    +--+-----------------------------+------+---------+---------+
       Total:                        380    93        0      
                                                             
    .\syscfg\
       board.obj                     625    219       0      
       c2000ware_libraries.obj       1      0         0      
    +--+-----------------------------+------+---------+---------+
       Total:                        626    219       0      
                                                             
    C:/TI/C2000Ware/C2000Ware_5_02_00_00/driverlib/f28003x/driverlib/ccs/Debug/driverlib.lib
       sysctl.obj                    1348   154       0      
       gpio.obj                      422    152       0      
       sci.obj                       360    151       0      
       interrupt.obj                 214    0         0      
       cputimer.obj                  42     80        0      
    +--+-----------------------------+------+---------+---------+
       Total:                        2386   537       0      
                                                             
    C:\TI\ccs1281\ccs\tools\compiler\ti-cgt-c2000_22.6.1.LTS\lib\rts2800_fpu32_eabi.lib
       fs_div28.asm.obj              136    0         0      
       copy_decompress_lzss.c.obj    48     0         0      
       exit.c.obj                    41     0         6      
       autoinit.c.obj                43     0         0      
       memcpy.c.obj                  29     0         0      
       boot28.asm.obj                23     0         0      
       _lock.c.obj                   9      0         4      
       copy_zero_init.c.obj          13     0         0      
       args_main.c.obj               12     0         0      
       copy_decompress_none.c.obj    8      0         0      
       pre_init.c.obj                2      0         0      
       startup.c.obj                 1      0         0      
    +--+-----------------------------+------+---------+---------+
       Total:                        365    0         10     
                                                             
       Stack:                        0      0         512    
       Linker Generated:             0      26        0      
    +--+-----------------------------+------+---------+---------+
       Grand Total:                  4124   1213      524    


LINKER GENERATED COPY TABLES

__TI_cinit_table @ 0000013e records: 2, size/record: 4, table size: 8
	.data: load addr=0000012c, load size=00000008 bytes, run addr=0000a800, run size=0000000a bytes, compression=lzss
	.bss: load addr=0000013a, load size=00000004 bytes, run addr=0000a80a, run size=00000002 bytes, compression=zero_init


LINKER GENERATED HANDLER TABLE

__TI_handler_table @ 00000134 records: 3, size/record: 2, table size: 6
	index: 0, handler: __TI_zero_init
	index: 1, handler: __TI_decompress_lzss
	index: 2, handler: __TI_decompress_none


GLOBAL DATA SYMBOLS: SORTED BY DATA PAGE

address     data page           name
--------    ----------------    ----
00000400      10 (00000400)     __stack

0000a800     2a0 (0000a800)     __TI_enable_exit_profile_output
0000a802     2a0 (0000a800)     __TI_cleanup_ptr
0000a804     2a0 (0000a800)     __TI_dtors_ptr
0000a806     2a0 (0000a800)     _lock
0000a808     2a0 (0000a800)     _unlock
0000a80a     2a0 (0000a800)     cpuTimer0IntCount
0000a80b     2a0 (0000a800)     delayCount


GLOBAL SYMBOLS: SORTED ALPHABETICALLY BY Name 

page  address   name                             
----  -------   ----                             
0     00008f4e  Board_init                       
0     00008968  C$$EXIT                          
0     000087ff  C2000Ware_libraries_init         
0     0000900a  CPUTIMER_init                    
0     00008e78  CPUTimer_setEmulationMode        
0     00008221  Device_enableAllPeripherals      
0     000086aa  Device_init                      
0     00008f1f  Device_initGPIO                  
0     0000900d  GPIO_init                        
0     000083ea  GPIO_setAnalogMode               
0     00008800  GPIO_setControllerCore           
0     000088dc  GPIO_setDirectionMode            
0     000084b9  GPIO_setPadConfig                
0     00008837  GPIO_setPinConfig                
0     0000886e  GPIO_setQualificationMode        
0     00008f5b  INTERRUPT_init                   
0     000087a0  INT_myCPUTIMER0_ISR              
0     00008d30  Interrupt_defaultHandler         
0     000088a5  Interrupt_enable                 
0     00008fbe  Interrupt_illegalOperationHandler
0     00008726  Interrupt_initModule             
0     00008ac0  Interrupt_initVectorTable        
0     00008fc8  Interrupt_nmiHandler             
0     00008b9e  LED0_init                        
0     00008a00  PinMux_init                      
0     0000859a  SCI_clearInterruptStatus         
0     00009010  SCI_init                         
0     000086e8  SCI_setConfig                    
0     00008669  SCI_writeCharArray               
0     00000128  SysCtl_delay                     
0     00008454  SysCtl_getClock                  
0     00008b84  SysCtl_getLowSpeedClock          
0     00008123  SysCtl_isPLLValid                
0     0000850b  SysCtl_selectOscSource           
0     00008554  SysCtl_selectXTAL                
0     000089b7  SysCtl_selectXTALSingleEnded     
0     00008000  SysCtl_setClock                  
0     0000013e  __TI_CINIT_Base                  
0     00000146  __TI_CINIT_Limit                 
0     00000146  __TI_CINIT_Warm                  
0     00000134  __TI_Handler_Table_Base          
0     0000013a  __TI_Handler_Table_Limit         
0     00000600  __TI_STACK_END                   
abs   00000200  __TI_STACK_SIZE                  
0     0000893d  __TI_auto_init_nobinit_nopinit   
0     0000a802  __TI_cleanup_ptr                 
0     0000890d  __TI_decompress_lzss             
0     00008fdb  __TI_decompress_none             
0     0000a804  __TI_dtors_ptr                   
0     0000a800  __TI_enable_exit_profile_output  
abs   ffffffff  __TI_pprof_out_hndl              
abs   ffffffff  __TI_prof_data_size              
abs   ffffffff  __TI_prof_data_start             
0     00008f8f  __TI_zero_init_nomemset          
0     000082ef  __c28xabi_divf                   
n/a   UNDEFED   __c_args__                       
0     00008ff9  __error__                        
0     00000400  __stack                          
0     00008f9c  _args_main                       
0     00008d03  _c_int00                         
0     0000a806  _lock                            
0     00008fda  _nop                             
0     00008fd6  _register_lock                   
0     00008fd2  _register_unlock                 
0     00009015  _system_post_cinit               
0     00009013  _system_pre_init                 
0     0000a808  _unlock                          
0     00008968  abort                            
0     00000000  code_start                       
0     0000a80a  cpuTimer0IntCount                
0     0000a80b  delayCount                       
0     0000896a  exit                             
0     00008624  main                             
0     00008b19  memcpy                           
0     00008a24  myCPUTIMER0_init                 
0     00008763  mySCIB_init                      


GLOBAL SYMBOLS: SORTED BY Symbol Address 

page  address   name                             
----  -------   ----                             
0     00000000  code_start                       
0     00000128  SysCtl_delay                     
0     00000134  __TI_Handler_Table_Base          
0     0000013a  __TI_Handler_Table_Limit         
0     0000013e  __TI_CINIT_Base                  
0     00000146  __TI_CINIT_Limit                 
0     00000146  __TI_CINIT_Warm                  
0     00000400  __stack                          
0     00000600  __TI_STACK_END                   
0     00008000  SysCtl_setClock                  
0     00008123  SysCtl_isPLLValid                
0     00008221  Device_enableAllPeripherals      
0     000082ef  __c28xabi_divf                   
0     000083ea  GPIO_setAnalogMode               
0     00008454  SysCtl_getClock                  
0     000084b9  GPIO_setPadConfig                
0     0000850b  SysCtl_selectOscSource           
0     00008554  SysCtl_selectXTAL                
0     0000859a  SCI_clearInterruptStatus         
0     00008624  main                             
0     00008669  SCI_writeCharArray               
0     000086aa  Device_init                      
0     000086e8  SCI_setConfig                    
0     00008726  Interrupt_initModule             
0     00008763  mySCIB_init                      
0     000087a0  INT_myCPUTIMER0_ISR              
0     000087ff  C2000Ware_libraries_init         
0     00008800  GPIO_setControllerCore           
0     00008837  GPIO_setPinConfig                
0     0000886e  GPIO_setQualificationMode        
0     000088a5  Interrupt_enable                 
0     000088dc  GPIO_setDirectionMode            
0     0000890d  __TI_decompress_lzss             
0     0000893d  __TI_auto_init_nobinit_nopinit   
0     00008968  C$$EXIT                          
0     00008968  abort                            
0     0000896a  exit                             
0     000089b7  SysCtl_selectXTALSingleEnded     
0     00008a00  PinMux_init                      
0     00008a24  myCPUTIMER0_init                 
0     00008ac0  Interrupt_initVectorTable        
0     00008b19  memcpy                           
0     00008b84  SysCtl_getLowSpeedClock          
0     00008b9e  LED0_init                        
0     00008d03  _c_int00                         
0     00008d30  Interrupt_defaultHandler         
0     00008e78  CPUTimer_setEmulationMode        
0     00008f1f  Device_initGPIO                  
0     00008f4e  Board_init                       
0     00008f5b  INTERRUPT_init                   
0     00008f8f  __TI_zero_init_nomemset          
0     00008f9c  _args_main                       
0     00008fbe  Interrupt_illegalOperationHandler
0     00008fc8  Interrupt_nmiHandler             
0     00008fd2  _register_unlock                 
0     00008fd6  _register_lock                   
0     00008fda  _nop                             
0     00008fdb  __TI_decompress_none             
0     00008ff9  __error__                        
0     0000900a  CPUTIMER_init                    
0     0000900d  GPIO_init                        
0     00009010  SCI_init                         
0     00009013  _system_pre_init                 
0     00009015  _system_post_cinit               
0     0000a800  __TI_enable_exit_profile_output  
0     0000a802  __TI_cleanup_ptr                 
0     0000a804  __TI_dtors_ptr                   
0     0000a806  _lock                            
0     0000a808  _unlock                          
0     0000a80a  cpuTimer0IntCount                
0     0000a80b  delayCount                       
abs   00000200  __TI_STACK_SIZE                  
abs   ffffffff  __TI_pprof_out_hndl              
abs   ffffffff  __TI_prof_data_size              
abs   ffffffff  __TI_prof_data_start             
n/a   UNDEFED   __c_args__                       

[76 symbols]
