******************************************************************************
             TMS320C2000 Linker PC v22.6.1                     
******************************************************************************
>> Linked Thu Jul  2 17:46:37 2026

OUTPUT FILE NAME:   <project02_w25q16_driver.out>
ENTRY POINT SYMBOL: "code_start"  address: 00000000


MEMORY CONFIGURATION

         name            origin    length      used     unused   attr    fill
----------------------  --------  ---------  --------  --------  ----  --------
  BEGIN                 00000000   00000002  00000002  00000000  RWIX
  BOOT_RSVD             00000002   00000126  00000000  00000126  RWIX
  RAMM0                 00000128   000002d8  00000032  000002a6  RWIX
  RAMM1                 00000400   000003f8  00000200  000001f8  RWIX
  RAMLS0                00008000   00000800  00000800  00000000  RWIX
  RAMLS1                00008800   00000800  00000800  00000000  RWIX
  RAMLS2                00009000   00000800  00000800  00000000  RWIX
  RAMLS3                00009800   00000800  00000800  00000000  RWIX
  RAMLS4                0000a000   00000800  00000800  00000000  RWIX
  RAMLS5                0000a800   00000800  000007f6  0000000a  RWIX
  RAMLS6_7              0000b000   00001000  00000000  00001000  RWIX
  RAMGS0                0000c000   00001000  00000000  00001000  RWIX
  RAMGS1                0000d000   00001000  00000000  00001000  RWIX
  RAMGS2                0000e000   00001000  00000000  00001000  RWIX
  RAMGS3                0000f000   00000ff8  00000000  00000ff8  RWIX
  FLASH_BANK0_SEC0      00080002   00000ffe  00000000  00000ffe  RWIX
  FLASH_BANK0_SEC1      00081000   00001000  00000000  00001000  RWIX
  FLASH_BANK0_SEC2      00082000   00001000  00000000  00001000  RWIX
  FLASH_BANK0_SEC3      00083000   00001000  00000000  00001000  RWIX
  FLASH_BANK0_SEC4      00084000   00001000  00000000  00001000  RWIX
  FLASH_BANK0_SEC5      00085000   00001000  00000000  00001000  RWIX
  FLASH_BANK0_SEC6      00086000   00001000  00000000  00001000  RWIX
  FLASH_BANK0_SEC7      00087000   00001000  00000000  00001000  RWIX
  FLASH_BANK0_SEC8      00088000   00001000  00000000  00001000  RWIX
  FLASH_BANK0_SEC9      00089000   00001000  00000000  00001000  RWIX
  FLASH_BANK0_SEC10     0008a000   00001000  00000000  00001000  RWIX
  FLASH_BANK0_SEC11     0008b000   00001000  00000000  00001000  RWIX
  FLASH_BANK0_SEC12     0008c000   00001000  00000000  00001000  RWIX
  FLASH_BANK0_SEC13     0008d000   00001000  00000000  00001000  RWIX
  FLASH_BANK0_SEC14     0008e000   00001000  00000000  00001000  RWIX
  FLASH_BANK0_SEC15     0008f000   00001000  00000000  00001000  RWIX
  FLASH_BANK1_SEC0      00090000   00001000  00000000  00001000  RWIX
  FLASH_BANK1_SEC1      00091000   00001000  00000000  00001000  RWIX
  FLASH_BANK1_SEC2      00092000   00001000  00000000  00001000  RWIX
  FLASH_BANK1_SEC3      00093000   00001000  00000000  00001000  RWIX
  FLASH_BANK1_SEC4      00094000   00001000  00000000  00001000  RWIX
  FLASH_BANK1_SEC5      00095000   00001000  00000000  00001000  RWIX
  FLASH_BANK1_SEC6      00096000   00001000  00000000  00001000  RWIX
  FLASH_BANK1_SEC7      00097000   00001000  00000000  00001000  RWIX
  FLASH_BANK1_SEC8      00098000   00001000  00000000  00001000  RWIX
  FLASH_BANK1_SEC9      00099000   00001000  00000000  00001000  RWIX
  FLASH_BANK1_SEC10     0009a000   00001000  00000000  00001000  RWIX
  FLASH_BANK1_SEC11     0009b000   00001000  00000000  00001000  RWIX
  FLASH_BANK1_SEC12     0009c000   00001000  00000000  00001000  RWIX
  FLASH_BANK1_SEC13     0009d000   00001000  00000000  00001000  RWIX
  FLASH_BANK1_SEC14     0009e000   00001000  00000000  00001000  RWIX
  FLASH_BANK1_SEC15     0009f000   00001000  00000000  00001000  RWIX
  FLASH_BANK2_SEC0      000a0000   00001000  00000000  00001000  RWIX
  FLASH_BANK2_SEC1      000a1000   00001000  00000000  00001000  RWIX
  FLASH_BANK2_SEC2      000a2000   00001000  00000000  00001000  RWIX
  FLASH_BANK2_SEC3      000a3000   00001000  00000000  00001000  RWIX
  FLASH_BANK2_SEC4      000a4000   00001000  00000000  00001000  RWIX
  FLASH_BANK2_SEC5      000a5000   00001000  00000000  00001000  RWIX
  FLASH_BANK2_SEC6      000a6000   00001000  00000000  00001000  RWIX
  FLASH_BANK2_SEC7      000a7000   00001000  00000000  00001000  RWIX
  FLASH_BANK2_SEC8      000a8000   00001000  00000000  00001000  RWIX
  FLASH_BANK2_SEC9      000a9000   00001000  00000000  00001000  RWIX
  FLASH_BANK2_SEC10     000aa000   00001000  00000000  00001000  RWIX
  FLASH_BANK2_SEC11     000ab000   00001000  00000000  00001000  RWIX
  FLASH_BANK2_SEC12     000ac000   00001000  00000000  00001000  RWIX
  FLASH_BANK2_SEC13     000ad000   00001000  00000000  00001000  RWIX
  FLASH_BANK2_SEC14     000ae000   00001000  00000000  00001000  RWIX
  FLASH_BANK2_SEC15     000af000   00000ff0  00000000  00000ff0  RWIX
  SECURE_ROM            003f2000   00006000  00000000  00006000  RWIX
  BOOTROM               003f8000   00007fc0  00000000  00007fc0  RWIX
  RESET                 003fffc0   00000002  00000000  00000002  RWIX


SECTION ALLOCATION MAP

 output                                  attributes/
section   page    origin      length       input sections
--------  ----  ----------  ----------   ----------------
codestart 
*          0    00000000    00000002     
                  00000000    00000002     f28003x_codestartbranch.obj (codestart)

.TI.ramfunc 
*          0    00000128    00000004     
                  00000128    00000004     driverlib.lib : sysctl.obj (.TI.ramfunc)

.cinit     0    0000012c    0000002e     
                  0000012c    0000001b     (.cinit..data.load) [load image, compression = lzss]
                  00000147    00000001     --HOLE-- [fill = 0]
                  00000148    00000006     (__TI_handler_table)
                  0000014e    00000004     (.cinit..bss.load) [load image, compression = zero_init]
                  00000152    00000008     (__TI_cinit_table)

.reset     0    003fffc0    00000000     DSECT

.stack     0    00000400    00000200     UNINITIALIZED
                  00000400    00000200     --HOLE--

.bss       0    0000ac36    000001ca     UNINITIALIZED
                  0000ac36    00000120     rts2800_fpu32_eabi.lib : trgmsg.c.obj (.bss:_CIOBUF_)
                  0000ad56    000000a0                            : defs.c.obj (.bss:__TI_tmpnams)
                  0000adf6    00000008                            : hostopen.c.obj (.bss:parmbuf)
                  0000adfe    00000002                            : memory.c.obj (.bss)

.init_array 
*          0    00000128    00000000     UNINITIALIZED

.const     0    0000a800    00000435     
                  0000a800    00000101     rts2800_fpu32_eabi.lib : ctype.c.obj (.const:.string:_ctypes_)
                  0000a901    00000001     --HOLE-- [fill = 0]
                  0000a902    0000009a     driverlib.lib : sysctl.obj (.const:.string)
                  0000a99c    00000098                   : gpio.obj (.const:.string)
                  0000aa34    00000097                   : sci.obj (.const:.string)
                  0000aacb    00000001     --HOLE-- [fill = 0]
                  0000aacc    00000097                   : spi.obj (.const:.string)
                  0000ab63    00000001     --HOLE-- [fill = 0]
                  0000ab64    00000050                   : cputimer.obj (.const:.string)
                  0000abb4    00000026     rts2800_fpu32_eabi.lib : _printfi.c.obj (.const:.string)
                  0000abda    0000001c                            : _printfi.c.obj (.const)
                  0000abf6    00000008                            : s_frexp.c.obj (.const)
                  0000abfe    00000002                            : fputs.c.obj (.const:.string)
                  0000ac00    0000001c                            : s_scalbn.c.obj (.const)
                  0000ac1c    00000019     project02_main.obj (.const:.string)

.sysmem    0    0000ae00    00000100     UNINITIALIZED
                  0000ae00    00000004     rts2800_fpu32_eabi.lib : memory.c.obj (.sysmem)
                  0000ae04    000000fc     --HOLE--

.data      0    0000af00    000000f7     UNINITIALIZED
                  0000af00    00000078     rts2800_fpu32_eabi.lib : defs.c.obj (.data:_ftable)
                  0000af78    00000048                            : host_device.c.obj (.data:_device)
                  0000afc0    00000028                            : host_device.c.obj (.data:_stream)
                  0000afe8    00000006                            : exit.c.obj (.data)
                  0000afee    00000002                            : _lock.c.obj (.data:_lock)
                  0000aff0    00000002                            : _lock.c.obj (.data:_unlock)
                  0000aff2    00000001                            : defs.c.obj (.data)
                  0000aff3    00000001                            : errno.c.obj (.data)
                  0000aff4    00000001                            : fopen.c.obj (.data)
                  0000aff5    00000001                            : memory.c.obj (.data)
                  0000aff6    00000001                            : open.c.obj (.data)

.text.1    0    00000000    00000410     FAILED TO ALLOCATE
.text.2    0    00008000    00000800     
                  00008000    000006c2     rts2800_fpu32_eabi.lib : _printfi.c.obj (.text)
                  000086c2    00000123     driverlib.lib : sysctl.obj (.text:SysCtl_setClock)
                  000087e5    0000001a                   : sci.obj (.text:SCI_isSpaceAvailableNonFIFO)
                  000087ff    00000001     c2000ware_libraries.obj (.text:C2000Ware_libraries_init)

.text.3    0    00008800    00000800     
                  00008800    00000614     rts2800_fpu32_eabi.lib : _printfi.c.obj (.text:__TI_printfi)
                  00008e14    00000121                            : fopen.c.obj (.text)
                  00008f35    000000a9                            : s_scalbn.c.obj (.text)
                  00008fde    00000022     hw_w25qxx.obj (.text:w25qxx_read_id)

.text.4    0    00009000    00000800     
                  00009000    00000298     rts2800_fpu32_eabi.lib : memory.c.obj (.text)
                  00009298    00000107                            : ll_div28.asm.obj (.text)
                  0000939f    000000fe     driverlib.lib : sysctl.obj (.text:SysCtl_isPLLValid)
                  0000949d    000000d3     device.obj (.text:Device_enableAllPeripherals)
                  00009570    000000a8     rts2800_fpu32_eabi.lib : fputs.c.obj (.text)
                  00009618    0000009c                            : fd_add28.asm.obj (.text)
                  000096b4    00000095                            : trgmsg.c.obj (.text)
                  00009749    0000008b                            : fd_div28.asm.obj (.text)
                  000097d4    0000002b                            : autoinit.c.obj (.text:__TI_auto_init_nobinit_nopinit)
                  000097ff    00000001                            : startup.c.obj (.text)

.text.5    0    00009800    00000800     
                  00009800    00000088     rts2800_fpu32_eabi.lib : fs_div28.asm.obj (.text)
                  00009888    00000083                            : fd_mpy28.asm.obj (.text)
                  0000990b    0000007c                            : setvbuf.c.obj (.text)
                  00009987    00000075     project02_main.obj (.text:main)
                  000099fc    00000075     board.obj (.text:mySCIB_init)
                  00009a71    00000073     driverlib.lib : sysctl.obj (.text:DCC_setCounterSeeds)
                  00009ae4    00000073     rts2800_fpu32_eabi.lib : fflush.c.obj (.text)
                  00009b57    00000071                            : open.c.obj (.text)
                  00009bc8    0000006a     driverlib.lib : gpio.obj (.text:GPIO_setAnalogMode)
                  00009c32    00000065                   : sysctl.obj (.text:SysCtl_getClock)
                  00009c97    00000065     rts2800_fpu32_eabi.lib : _io_perm.c.obj (.text)
                  00009cfc    00000061                            : hostlseek.c.obj (.text)
                  00009d5d    0000005d                            : fclose.c.obj (.text)
                  00009dba    0000005c     driverlib.lib : spi.obj (.text:SPI_setConfig)
                  00009e16    0000005a     rts2800_fpu32_eabi.lib : s_frexp.c.obj (.text)
                  00009e70    00000053                            : fputc.c.obj (.text)
                  00009ec3    00000052     driverlib.lib : gpio.obj (.text:GPIO_setPadConfig)
                  00009f15    00000052     board.obj (.text:PinMux_init)
                  00009f67    00000051     rts2800_fpu32_eabi.lib : getdevice.c.obj (.text)
                  00009fb8    00000046     driverlib.lib : sysctl.obj (.text:SysCtl_selectXTAL)
                  00009ffe    00000002     rts2800_fpu32_eabi.lib : pre_init.c.obj (.text)

.text.6    0    0000a000    00000800     
                  0000a000    0000004b     device.obj (.text:Device_init)
                  0000a04b    00000049     driverlib.lib : sysctl.obj (.text:SysCtl_selectOscSource)
                  0000a094    00000045                   : sci.obj (.text:SCI_clearInterruptStatus)
                  0000a0d9    00000045                   : sysctl.obj (.text:SysCtl_pollX1Counter)
                  0000a11e    00000041                   : sci.obj (.text:SCI_writeCharArray)
                  0000a15f    0000003e                   : sci.obj (.text:SCI_setConfig)
                  0000a19d    0000003e     rts2800_fpu32_eabi.lib : hostrename.c.obj (.text)
                  0000a1db    0000003d     driverlib.lib : interrupt.obj (.text:Interrupt_initModule)
                  0000a218    0000003d     rts2800_fpu32_eabi.lib : fseek.c.obj (.text)
                  0000a255    0000003b     board.obj (.text:FLASH_SPI_init)
                  0000a290    0000003a     rts2800_fpu32_eabi.lib : hostopen.c.obj (.text)
                  0000a2ca    00000039                            : hostwrite.c.obj (.text)
                  0000a303    00000038                            : hostread.c.obj (.text)
                  0000a33b    00000037     driverlib.lib : gpio.obj (.text:GPIO_setControllerCore)
                  0000a372    00000037                   : gpio.obj (.text:GPIO_setPinConfig)
                  0000a3a9    00000037                   : gpio.obj (.text:GPIO_setQualificationMode)
                  0000a3e0    00000037                   : interrupt.obj (.text:Interrupt_enable)
                  0000a417    00000034     rts2800_fpu32_eabi.lib : printf.c.obj (.text)
                  0000a44b    00000033                            : close.c.obj (.text)
                  0000a47e    00000032                            : sprintf.c.obj (.text)
                  0000a4b0    00000031     driverlib.lib : gpio.obj (.text:GPIO_setDirectionMode)
                  0000a4e1    00000031     rts2800_fpu32_eabi.lib : atoi.c.obj (.text)
                  0000a512    00000030                            : copy_decompress_lzss.c.obj (.text:decompress:lzss)
                  0000a542    00000030                            : _ltoa.c.obj (.text)
                  0000a572    0000002f     hw_w25qxx.obj (.text:w25qxx_write)
                  0000a5a1    0000002a     rts2800_fpu32_eabi.lib : fd_cmp28.asm.obj (.text)
                  0000a5cb    0000002a                            : l_div28.asm.obj (.text)
                  0000a5f5    00000029                            : exit.c.obj (.text)
                  0000a61e    00000029                            : hostclose.c.obj (.text)
                  0000a647    00000027     board.obj (.text:myCPUTIMER0_init)
                  0000a66e    00000025     driverlib.lib : sysctl.obj (.text:SysCtl_selectXTALSingleEnded)
                  0000a693    00000024                   : sysctl.obj (.text:DCC_enableSingleShotMode)
                  0000a6b7    00000024     rts2800_fpu32_eabi.lib : hostunlink.c.obj (.text)
                  0000a6db    00000024                            : s_copysign.c.obj (.text)
                  0000a6ff    00000023     hw_w25qxx.obj (.text:w25qxx_read)
                  0000a722    00000021     rts2800_fpu32_eabi.lib : fd_toi28.asm.obj (.text)
                  0000a743    00000021     hw_w25qxx.obj (.text:w25qxx_erase_sector)
                  0000a764    00000020     driverlib.lib : sci.obj (.text:SCI_isFIFOEnabled)
                  0000a784    0000001f     rts2800_fpu32_eabi.lib : fd_tol28.asm.obj (.text)
                  0000a7a3    0000001e     driverlib.lib : sysctl.obj (.text:DCC_setCounter0ClkSource)
                  0000a7c1    0000001e                   : sysctl.obj (.text:DCC_setCounter1ClkSource)
                  0000a7df    0000001e                   : interrupt.obj (.text:Interrupt_initVectorTable)
                  0000a7fd    00000003     device.obj (.text:__error__)

MODULE SUMMARY

       Module                        code    ro data   rw data
       ------                        ----    -------   -------
    .\
       project02_main.obj            117     25        0      
    +--+-----------------------------+-------+---------+---------+
       Total:                        117     25        0      
                                                              
    .\bsp\src\
       hw_w25qxx.obj                 149     0         0      
    +--+-----------------------------+-------+---------+---------+
       Total:                        149     0         0      
                                                              
    .\device\
       device.obj                    289     0         0      
       f28003x_codestartbranch.obj   2       0         0      
    +--+-----------------------------+-------+---------+---------+
       Total:                        291     0         0      
                                                              
    .\syscfg\
       board.obj                     297     0         0      
       c2000ware_libraries.obj       1       0         0      
    +--+-----------------------------+-------+---------+---------+
       Total:                        298     0         0      
                                                              
    C:/TI/C2000Ware/C2000Ware_5_02_00_00/driverlib/f28003x/driverlib/ccs/Debug/driverlib.lib
       sysctl.obj                    1110    154       0      
       gpio.obj                      402     152       0      
       sci.obj                       254     151       0      
       spi.obj                       92      151       0      
       interrupt.obj                 146     0         0      
       cputimer.obj                  0       80        0      
    +--+-----------------------------+-------+---------+---------+
       Total:                        2004    688       0      
                                                              
    C:\TI\ccs1281\ccs\tools\compiler\ti-cgt-c2000_22.6.1.LTS\lib\rts2800_fpu32_eabi.lib
       _printfi.c.obj                3286    66        0      
       memory.c.obj                  664     0         3      
       trgmsg.c.obj                  149     0         288    
       fopen.c.obj                   289     0         1      
       defs.c.obj                    0       0         281    
       ll_div28.asm.obj              263     0         0      
       ctype.c.obj                   0       257       0      
       s_scalbn.c.obj                169     28        0      
       fputs.c.obj                   168     2         0      
       fd_add28.asm.obj              156     0         0      
       fd_div28.asm.obj              139     0         0      
       fs_div28.asm.obj              136     0         0      
       fd_mpy28.asm.obj              131     0         0      
       setvbuf.c.obj                 124     0         0      
       fflush.c.obj                  115     0         0      
       open.c.obj                    113     0         1      
       host_device.c.obj             0       0         112    
       _io_perm.c.obj                101     0         0      
       s_frexp.c.obj                 90      8         0      
       hostlseek.c.obj               97      0         0      
       fclose.c.obj                  93      0         0      
       fputc.c.obj                   83      0         0      
       getdevice.c.obj               81      0         0      
       hostopen.c.obj                58      0         8      
       hostrename.c.obj              62      0         0      
       fseek.c.obj                   61      0         0      
       hostwrite.c.obj               57      0         0      
       hostread.c.obj                56      0         0      
       printf.c.obj                  52      0         0      
       close.c.obj                   51      0         0      
       sprintf.c.obj                 50      0         0      
       atoi.c.obj                    49      0         0      
       _ltoa.c.obj                   48      0         0      
       copy_decompress_lzss.c.obj    48      0         0      
       exit.c.obj                    41      0         6      
       autoinit.c.obj                43      0         0      
       fd_cmp28.asm.obj              42      0         0      
       l_div28.asm.obj               42      0         0      
       hostclose.c.obj               41      0         0      
       hostunlink.c.obj              36      0         0      
       s_copysign.c.obj              36      0         0      
       fd_toi28.asm.obj              33      0         0      
       fd_tol28.asm.obj              31      0         0      
       _lock.c.obj                   0       0         4      
       pre_init.c.obj                2       0         0      
       errno.c.obj                   0       0         1      
       startup.c.obj                 1       0         0      
    +--+-----------------------------+-------+---------+---------+
       Total:                        7387    361       705    
                                                              
       Heap:                         0       0         256    
       Stack:                        0       0         512    
       Linker Generated:             0       45        0      
    +--+-----------------------------+-------+---------+---------+
       Grand Total:                  10246   1119      1473   


LINKER GENERATED COPY TABLES

__TI_cinit_table @ 00000152 records: 2, size/record: 4, table size: 8
	.data: load addr=0000012c, load size=0000001b bytes, run addr=0000af00, run size=000000f7 bytes, compression=lzss
	.bss: load addr=0000014e, load size=00000004 bytes, run addr=0000ac36, run size=000001ca bytes, compression=zero_init


LINKER GENERATED HANDLER TABLE

__TI_handler_table @ 00000148 records: 3, size/record: 2, table size: 6
	index: 0, handler: __TI_zero_init
	index: 1, handler: __TI_decompress_lzss
	index: 2, handler: __TI_decompress_none


GLOBAL DATA SYMBOLS: SORTED BY DATA PAGE

address     data page           name
--------    ----------------    ----
00000400      10 (00000400)     __stack

0000a800     2a0 (0000a800)     _ctypes_

0000ac36     2b0 (0000ac00)     __CIOBUF_

0000ad56     2b5 (0000ad40)     __TI_tmpnams

0000adf6     2b7 (0000adc0)     parmbuf

0000ae00     2b8 (0000ae00)     _sys_memory

0000af00     2bc (0000af00)     _ftable

0000af78     2bd (0000af40)     _device

0000afc0     2bf (0000afc0)     _stream
0000afe8     2bf (0000afc0)     __TI_enable_exit_profile_output
0000afea     2bf (0000afc0)     __TI_cleanup_ptr
0000afec     2bf (0000afc0)     __TI_dtors_ptr
0000afee     2bf (0000afc0)     _lock
0000aff0     2bf (0000afc0)     _unlock
0000aff2     2bf (0000afc0)     __TI_ft_end
0000aff3     2bf (0000afc0)     errno


GLOBAL SYMBOLS: SORTED ALPHABETICALLY BY Name 

page  address   name                             
----  -------   ----                             
0     0000030e  Board_init                       
0     0000a5f5  C$$EXIT                          
0     00009707  C$$IO$$                          
0     000087ff  C2000Ware_libraries_init         
0     0000a647  CPUTIMER_init                    
0     00000290  CPUTimer_setEmulationMode        
0     0000949d  Device_enableAllPeripherals      
0     0000a000  Device_init                      
0     000002ee  Device_initGPIO                  
0     00000254  FLASH_CS_init                    
0     0000a255  FLASH_SPI_init                   
0     00000406  GPIO_init                        
0     00009bc8  GPIO_setAnalogMode               
0     0000a33b  GPIO_setControllerCore           
0     0000a4b0  GPIO_setDirectionMode            
0     00009ec3  GPIO_setPadConfig                
0     0000a372  GPIO_setPinConfig                
0     0000a3a9  GPIO_setQualificationMode        
0     0000a61e  HOSTclose                        
0     00009cfc  HOSTlseek                        
0     0000a290  HOSTopen                         
0     0000a303  HOSTread                         
0     0000a19d  HOSTrename                       
0     0000a6b7  HOSTunlink                       
0     0000a2ca  HOSTwrite                        
0     0000035f  INTERRUPT_init                   
n/a   UNDEFED   INT_myCPUTIMER0_ISR              
0     000001ad  Interrupt_defaultHandler         
0     0000a3e0  Interrupt_enable                 
0     000003b0  Interrupt_illegalOperationHandler
0     0000a1db  Interrupt_initModule             
0     0000a7df  Interrupt_initVectorTable        
0     000003ba  Interrupt_nmiHandler             
0     0000008e  LED0_init                        
0     00009f15  PinMux_init                      
0     0000a094  SCI_clearInterruptStatus         
0     000099fc  SCI_init                         
0     0000a15f  SCI_setConfig                    
0     0000a11e  SCI_writeCharArray               
0     0000a255  SPI_init                         
0     00009dba  SPI_setConfig                    
0     00000128  SysCtl_delay                     
0     00009c32  SysCtl_getClock                  
0     00000074  SysCtl_getLowSpeedClock          
0     0000939f  SysCtl_isPLLValid                
0     0000a04b  SysCtl_selectOscSource           
0     00009fb8  SysCtl_selectXTAL                
0     0000a66e  SysCtl_selectXTALSingleEnded     
0     000086c2  SysCtl_setClock                  
0     0000ac36  __CIOBUF_                        
0     00000152  __TI_CINIT_Base                  
0     0000015a  __TI_CINIT_Limit                 
0     0000015a  __TI_CINIT_Warm                  
0     00000148  __TI_Handler_Table_Base          
0     0000014e  __TI_Handler_Table_Limit         
0     00000600  __TI_STACK_END                   
abs   00000200  __TI_STACK_SIZE                  
abs   00000100  __TI_SYSMEM_SIZE                 
0     000097d4  __TI_auto_init_nobinit_nopinit   
0     00008eb3  __TI_cleanup                     
0     0000afea  __TI_cleanup_ptr                 
0     00009d5d  __TI_closefile                   
0     0000a512  __TI_decompress_lzss             
0     000003e0  __TI_decompress_none             
0     00009ae4  __TI_doflush                     
0     0000afec  __TI_dtors_ptr                   
0     0000afe8  __TI_enable_exit_profile_output  
0     0000aff2  __TI_ft_end                      
0     00009296  __TI_heap_check                  
0     00009277  __TI_heap_largest_available      
0     00009258  __TI_heap_total_available        
0     0000a542  __TI_ltoa                        
abs   ffffffff  __TI_pprof_out_hndl              
0     00008c8f  __TI_printfi                     
abs   ffffffff  __TI_prof_data_size              
abs   ffffffff  __TI_prof_data_start             
0     00009cd1  __TI_rd_ok                       
0     0000970c  __TI_readmsg                     
0     0000ad56  __TI_tmpnams                     
0     000096b4  __TI_writemsg                    
0     00009c97  __TI_wrt_ok                      
0     00000345  __TI_zero_init_nomemset          
0     00009618  __c28xabi_addd                   
0     00000122  __c28xabi_andll                  
0     0000a5a1  __c28xabi_cmpd                   
0     00000000  __c28xabi_cmpll                  
0     00000012  __c28xabi_cmpull                 
0     00009749  __c28xabi_divd                   
0     00009800  __c28xabi_divf                   
0     0000a5cb  __c28xabi_divl                   
0     00009298  __c28xabi_divll                  
0     0000a5e8  __c28xabi_divul                  
0     0000930e  __c28xabi_divull                 
0     0000a722  __c28xabi_dtoi                   
0     0000a784  __c28xabi_dtol                   
0     0000001e  __c28xabi_itod                   
0     00000058  __c28xabi_ltod                   
0     0000a5da  __c28xabi_modl                   
0     000092d4  __c28xabi_modll                  
0     0000a5ef  __c28xabi_modul                  
0     0000933d  __c28xabi_modull                 
0     00009888  __c28xabi_mpyd                   
0     000003d7  __c28xabi_negd                   
0     0000012a  __c28xabi_orll                   
0     0000031d  __c28xabi_subd                   
0     00000132  __c28xabi_xorll                  
n/a   UNDEFED   __c_args__                       
0     0000a7fd  __error__                        
0     00000400  __stack                          
0     0000036b  _args_main                       
0     00000180  _c_int00                         
0     0000a800  _ctypes_                         
0     0000af78  _device                          
0     0000af00  _ftable                          
0     0000afee  _lock                            
0     000003d6  _nop                             
0     000003d2  _register_lock                   
0     000003ce  _register_unlock                 
0     0000afc0  _stream                          
0     0000ae00  _sys_memory                      
0     000097ff  _system_post_cinit               
0     00009ffe  _system_pre_init                 
0     0000aff0  _unlock                          
0     0000a5f5  abort                            
0     000091aa  aligned_alloc                    
0     0000a4e1  atoi                             
0     0000917d  calloc                           
0     0000a44b  close                            
0     00000000  code_start                       
0     0000a6db  copysign                         
0     0000a6db  copysignl                        
0     0000aff3  errno                            
0     0000a5f7  exit                             
0     00009da1  fclose                           
0     00009b13  fflush                           
0     00009f67  finddevice                       
0     00008eee  fopen                            
0     00009e70  fputc                            
0     00009570  fputs                            
0     0000902b  free                             
0     00008ed0  freopen                          
0     00009e16  frexp                            
0     00009e16  frexpl                           
0     0000a218  fseek                            
0     0000a218  fseeko                           
0     00009f82  getdevice                        
0     00008f35  ldexp                            
0     00008f35  ldexpl                           
0     0000013a  lseek                            
0     00009987  main                             
0     00009000  malloc                           
0     000091aa  memalign                         
0     000002fe  memccpy                          
0     00000352  memchr                           
0     0000003b  memcpy                           
0     000003ff  memset                           
0     00009179  minit                            
0     0000a647  myCPUTIMER0_init                 
0     000099fc  mySCIB_init                      
0     00009b57  open                             
0     0000adf6  parmbuf                          
0     0000a41d  printf                           
0     00009e70  putc                             
0     00009ebe  putchar                          
0     00009605  puts                             
0     000090f5  realloc                          
0     000000c0  remove                           
0     00008f35  scalbn                           
0     00008f35  scalbnl                          
0     0000990b  setvbuf                          
0     000003a5  spi_read_write_byte              
0     0000a47e  sprintf                          
0     00000377  strchr                           
0     000003c4  strcmp                           
0     0000040b  strcpy                           
0     000003f0  strlen                           
0     00000217  strncpy                          
0     000000c0  unlink                           
0     0000a743  w25qxx_erase_sector              
0     0000a6ff  w25qxx_read                      
0     00008fde  w25qxx_read_id                   
0     000002dc  w25qxx_wait_busy                 
0     0000a572  w25qxx_write                     
0     00000383  w25qxx_write_enable              
0     0000039a  wcslen                           
0     000000d9  write                            


GLOBAL SYMBOLS: SORTED BY Symbol Address 

page  address   name                             
----  -------   ----                             
0     00000000  __c28xabi_cmpll                  
0     00000000  code_start                       
0     00000012  __c28xabi_cmpull                 
0     0000001e  __c28xabi_itod                   
0     0000003b  memcpy                           
0     00000058  __c28xabi_ltod                   
0     00000074  SysCtl_getLowSpeedClock          
0     0000008e  LED0_init                        
0     000000c0  remove                           
0     000000c0  unlink                           
0     000000d9  write                            
0     00000122  __c28xabi_andll                  
0     00000128  SysCtl_delay                     
0     0000012a  __c28xabi_orll                   
0     00000132  __c28xabi_xorll                  
0     0000013a  lseek                            
0     00000148  __TI_Handler_Table_Base          
0     0000014e  __TI_Handler_Table_Limit         
0     00000152  __TI_CINIT_Base                  
0     0000015a  __TI_CINIT_Limit                 
0     0000015a  __TI_CINIT_Warm                  
0     00000180  _c_int00                         
0     000001ad  Interrupt_defaultHandler         
0     00000217  strncpy                          
0     00000254  FLASH_CS_init                    
0     00000290  CPUTimer_setEmulationMode        
0     000002dc  w25qxx_wait_busy                 
0     000002ee  Device_initGPIO                  
0     000002fe  memccpy                          
0     0000030e  Board_init                       
0     0000031d  __c28xabi_subd                   
0     00000345  __TI_zero_init_nomemset          
0     00000352  memchr                           
0     0000035f  INTERRUPT_init                   
0     0000036b  _args_main                       
0     00000377  strchr                           
0     00000383  w25qxx_write_enable              
0     0000039a  wcslen                           
0     000003a5  spi_read_write_byte              
0     000003b0  Interrupt_illegalOperationHandler
0     000003ba  Interrupt_nmiHandler             
0     000003c4  strcmp                           
0     000003ce  _register_unlock                 
0     000003d2  _register_lock                   
0     000003d6  _nop                             
0     000003d7  __c28xabi_negd                   
0     000003e0  __TI_decompress_none             
0     000003f0  strlen                           
0     000003ff  memset                           
0     00000400  __stack                          
0     00000406  GPIO_init                        
0     0000040b  strcpy                           
0     00000600  __TI_STACK_END                   
0     000086c2  SysCtl_setClock                  
0     000087ff  C2000Ware_libraries_init         
0     00008c8f  __TI_printfi                     
0     00008eb3  __TI_cleanup                     
0     00008ed0  freopen                          
0     00008eee  fopen                            
0     00008f35  ldexp                            
0     00008f35  ldexpl                           
0     00008f35  scalbn                           
0     00008f35  scalbnl                          
0     00008fde  w25qxx_read_id                   
0     00009000  malloc                           
0     0000902b  free                             
0     000090f5  realloc                          
0     00009179  minit                            
0     0000917d  calloc                           
0     000091aa  aligned_alloc                    
0     000091aa  memalign                         
0     00009258  __TI_heap_total_available        
0     00009277  __TI_heap_largest_available      
0     00009296  __TI_heap_check                  
0     00009298  __c28xabi_divll                  
0     000092d4  __c28xabi_modll                  
0     0000930e  __c28xabi_divull                 
0     0000933d  __c28xabi_modull                 
0     0000939f  SysCtl_isPLLValid                
0     0000949d  Device_enableAllPeripherals      
0     00009570  fputs                            
0     00009605  puts                             
0     00009618  __c28xabi_addd                   
0     000096b4  __TI_writemsg                    
0     00009707  C$$IO$$                          
0     0000970c  __TI_readmsg                     
0     00009749  __c28xabi_divd                   
0     000097d4  __TI_auto_init_nobinit_nopinit   
0     000097ff  _system_post_cinit               
0     00009800  __c28xabi_divf                   
0     00009888  __c28xabi_mpyd                   
0     0000990b  setvbuf                          
0     00009987  main                             
0     000099fc  SCI_init                         
0     000099fc  mySCIB_init                      
0     00009ae4  __TI_doflush                     
0     00009b13  fflush                           
0     00009b57  open                             
0     00009bc8  GPIO_setAnalogMode               
0     00009c32  SysCtl_getClock                  
0     00009c97  __TI_wrt_ok                      
0     00009cd1  __TI_rd_ok                       
0     00009cfc  HOSTlseek                        
0     00009d5d  __TI_closefile                   
0     00009da1  fclose                           
0     00009dba  SPI_setConfig                    
0     00009e16  frexp                            
0     00009e16  frexpl                           
0     00009e70  fputc                            
0     00009e70  putc                             
0     00009ebe  putchar                          
0     00009ec3  GPIO_setPadConfig                
0     00009f15  PinMux_init                      
0     00009f67  finddevice                       
0     00009f82  getdevice                        
0     00009fb8  SysCtl_selectXTAL                
0     00009ffe  _system_pre_init                 
0     0000a000  Device_init                      
0     0000a04b  SysCtl_selectOscSource           
0     0000a094  SCI_clearInterruptStatus         
0     0000a11e  SCI_writeCharArray               
0     0000a15f  SCI_setConfig                    
0     0000a19d  HOSTrename                       
0     0000a1db  Interrupt_initModule             
0     0000a218  fseek                            
0     0000a218  fseeko                           
0     0000a255  FLASH_SPI_init                   
0     0000a255  SPI_init                         
0     0000a290  HOSTopen                         
0     0000a2ca  HOSTwrite                        
0     0000a303  HOSTread                         
0     0000a33b  GPIO_setControllerCore           
0     0000a372  GPIO_setPinConfig                
0     0000a3a9  GPIO_setQualificationMode        
0     0000a3e0  Interrupt_enable                 
0     0000a41d  printf                           
0     0000a44b  close                            
0     0000a47e  sprintf                          
0     0000a4b0  GPIO_setDirectionMode            
0     0000a4e1  atoi                             
0     0000a512  __TI_decompress_lzss             
0     0000a542  __TI_ltoa                        
0     0000a572  w25qxx_write                     
0     0000a5a1  __c28xabi_cmpd                   
0     0000a5cb  __c28xabi_divl                   
0     0000a5da  __c28xabi_modl                   
0     0000a5e8  __c28xabi_divul                  
0     0000a5ef  __c28xabi_modul                  
0     0000a5f5  C$$EXIT                          
0     0000a5f5  abort                            
0     0000a5f7  exit                             
0     0000a61e  HOSTclose                        
0     0000a647  CPUTIMER_init                    
0     0000a647  myCPUTIMER0_init                 
0     0000a66e  SysCtl_selectXTALSingleEnded     
0     0000a6b7  HOSTunlink                       
0     0000a6db  copysign                         
0     0000a6db  copysignl                        
0     0000a6ff  w25qxx_read                      
0     0000a722  __c28xabi_dtoi                   
0     0000a743  w25qxx_erase_sector              
0     0000a784  __c28xabi_dtol                   
0     0000a7df  Interrupt_initVectorTable        
0     0000a7fd  __error__                        
0     0000a800  _ctypes_                         
0     0000ac36  __CIOBUF_                        
0     0000ad56  __TI_tmpnams                     
0     0000adf6  parmbuf                          
0     0000ae00  _sys_memory                      
0     0000af00  _ftable                          
0     0000af78  _device                          
0     0000afc0  _stream                          
0     0000afe8  __TI_enable_exit_profile_output  
0     0000afea  __TI_cleanup_ptr                 
0     0000afec  __TI_dtors_ptr                   
0     0000afee  _lock                            
0     0000aff0  _unlock                          
0     0000aff2  __TI_ft_end                      
0     0000aff3  errno                            
abs   00000100  __TI_SYSMEM_SIZE                 
abs   00000200  __TI_STACK_SIZE                  
abs   ffffffff  __TI_pprof_out_hndl              
abs   ffffffff  __TI_prof_data_size              
abs   ffffffff  __TI_prof_data_start             
n/a   UNDEFED   INT_myCPUTIMER0_ISR              
n/a   UNDEFED   __c_args__                       

[186 symbols]
