<?xml version="1.0" encoding="ISO-8859-1" ?>
<link_info>
   <banner>TMS320C2000 Linker PC v22.6.1.LTS</banner>
   <copyright>Copyright (c) 1996-2018 Texas Instruments Incorporated</copyright>
   <link_time>0x6a46337d</link_time>
   <link_errors>0x2</link_errors>
   <output_file>project02_w25q16_driver.out</output_file>
   <entry_point>
      <name>code_start</name>
      <address>0x0</address>
   </entry_point>
   <input_file_list>
      <input_file id="fl-2">
         <path>.\syscfg\</path>
         <kind>object</kind>
         <file>board.obj</file>
         <name>board.obj</name>
      </input_file>
      <input_file id="fl-3">
         <path>.\syscfg\</path>
         <kind>object</kind>
         <file>c2000ware_libraries.obj</file>
         <name>c2000ware_libraries.obj</name>
      </input_file>
      <input_file id="fl-4">
         <path>.\</path>
         <kind>object</kind>
         <file>project02_main.obj</file>
         <name>project02_main.obj</name>
      </input_file>
      <input_file id="fl-5">
         <path>.\bsp\src\</path>
         <kind>object</kind>
         <file>hw_w25qxx.obj</file>
         <name>hw_w25qxx.obj</name>
      </input_file>
      <input_file id="fl-6">
         <path>.\device\</path>
         <kind>object</kind>
         <file>device.obj</file>
         <name>device.obj</name>
      </input_file>
      <input_file id="fl-7">
         <path>.\device\</path>
         <kind>object</kind>
         <file>f28003x_codestartbranch.obj</file>
         <name>f28003x_codestartbranch.obj</name>
      </input_file>
      <input_file id="fl-d">
         <kind>object</kind>
         <file>&lt;internal&gt;</file>
         <name>&lt;internal&gt;</name>
      </input_file>
      <input_file id="fl-e">
         <path>C:\TI\C2000Ware\C2000Ware_5_02_00_00\driverlib\f28003x\driverlib\ccs\Debug\</path>
         <kind>archive</kind>
         <file>driverlib.lib</file>
         <name>cputimer.obj</name>
      </input_file>
      <input_file id="fl-f">
         <path>C:\TI\C2000Ware\C2000Ware_5_02_00_00\driverlib\f28003x\driverlib\ccs\Debug\</path>
         <kind>archive</kind>
         <file>driverlib.lib</file>
         <name>dcc.obj</name>
      </input_file>
      <input_file id="fl-10">
         <path>C:\TI\C2000Ware\C2000Ware_5_02_00_00\driverlib\f28003x\driverlib\ccs\Debug\</path>
         <kind>archive</kind>
         <file>driverlib.lib</file>
         <name>gpio.obj</name>
      </input_file>
      <input_file id="fl-11">
         <path>C:\TI\C2000Ware\C2000Ware_5_02_00_00\driverlib\f28003x\driverlib\ccs\Debug\</path>
         <kind>archive</kind>
         <file>driverlib.lib</file>
         <name>interrupt.obj</name>
      </input_file>
      <input_file id="fl-12">
         <path>C:\TI\C2000Ware\C2000Ware_5_02_00_00\driverlib\f28003x\driverlib\ccs\Debug\</path>
         <kind>archive</kind>
         <file>driverlib.lib</file>
         <name>sci.obj</name>
      </input_file>
      <input_file id="fl-13">
         <path>C:\TI\C2000Ware\C2000Ware_5_02_00_00\driverlib\f28003x\driverlib\ccs\Debug\</path>
         <kind>archive</kind>
         <file>driverlib.lib</file>
         <name>spi.obj</name>
      </input_file>
      <input_file id="fl-14">
         <path>C:\TI\C2000Ware\C2000Ware_5_02_00_00\driverlib\f28003x\driverlib\ccs\Debug\</path>
         <kind>archive</kind>
         <file>driverlib.lib</file>
         <name>sysctl.obj</name>
      </input_file>
      <input_file id="fl-20">
         <path>C:\TI\ccs1281\ccs\tools\compiler\ti-cgt-c2000_22.6.1.LTS\lib\</path>
         <kind>archive</kind>
         <file>rts2800_fpu32_eabi.lib</file>
         <name>printf.c.obj</name>
      </input_file>
      <input_file id="fl-21">
         <path>C:\TI\ccs1281\ccs\tools\compiler\ti-cgt-c2000_22.6.1.LTS\lib\</path>
         <kind>archive</kind>
         <file>rts2800_fpu32_eabi.lib</file>
         <name>_printfi.c.obj</name>
      </input_file>
      <input_file id="fl-22">
         <path>C:\TI\ccs1281\ccs\tools\compiler\ti-cgt-c2000_22.6.1.LTS\lib\</path>
         <kind>archive</kind>
         <file>rts2800_fpu32_eabi.lib</file>
         <name>sprintf.c.obj</name>
      </input_file>
      <input_file id="fl-23">
         <path>C:\TI\ccs1281\ccs\tools\compiler\ti-cgt-c2000_22.6.1.LTS\lib\</path>
         <kind>archive</kind>
         <file>rts2800_fpu32_eabi.lib</file>
         <name>fputc.c.obj</name>
      </input_file>
      <input_file id="fl-24">
         <path>C:\TI\ccs1281\ccs\tools\compiler\ti-cgt-c2000_22.6.1.LTS\lib\</path>
         <kind>archive</kind>
         <file>rts2800_fpu32_eabi.lib</file>
         <name>fputs.c.obj</name>
      </input_file>
      <input_file id="fl-25">
         <path>C:\TI\ccs1281\ccs\tools\compiler\ti-cgt-c2000_22.6.1.LTS\lib\</path>
         <kind>archive</kind>
         <file>rts2800_fpu32_eabi.lib</file>
         <name>_io_perm.c.obj</name>
      </input_file>
      <input_file id="fl-26">
         <path>C:\TI\ccs1281\ccs\tools\compiler\ti-cgt-c2000_22.6.1.LTS\lib\</path>
         <kind>archive</kind>
         <file>rts2800_fpu32_eabi.lib</file>
         <name>setvbuf.c.obj</name>
      </input_file>
      <input_file id="fl-27">
         <path>C:\TI\ccs1281\ccs\tools\compiler\ti-cgt-c2000_22.6.1.LTS\lib\</path>
         <kind>archive</kind>
         <file>rts2800_fpu32_eabi.lib</file>
         <name>boot28.asm.obj</name>
      </input_file>
      <input_file id="fl-28">
         <path>C:\TI\ccs1281\ccs\tools\compiler\ti-cgt-c2000_22.6.1.LTS\lib\</path>
         <kind>archive</kind>
         <file>rts2800_fpu32_eabi.lib</file>
         <name>fd_cmp28.asm.obj</name>
      </input_file>
      <input_file id="fl-29">
         <path>C:\TI\ccs1281\ccs\tools\compiler\ti-cgt-c2000_22.6.1.LTS\lib\</path>
         <kind>archive</kind>
         <file>rts2800_fpu32_eabi.lib</file>
         <name>fd_mpy28.asm.obj</name>
      </input_file>
      <input_file id="fl-2a">
         <path>C:\TI\ccs1281\ccs\tools\compiler\ti-cgt-c2000_22.6.1.LTS\lib\</path>
         <kind>archive</kind>
         <file>rts2800_fpu32_eabi.lib</file>
         <name>fd_neg28.asm.obj</name>
      </input_file>
      <input_file id="fl-2b">
         <path>C:\TI\ccs1281\ccs\tools\compiler\ti-cgt-c2000_22.6.1.LTS\lib\</path>
         <kind>archive</kind>
         <file>rts2800_fpu32_eabi.lib</file>
         <name>fd_sub28.asm.obj</name>
      </input_file>
      <input_file id="fl-2c">
         <path>C:\TI\ccs1281\ccs\tools\compiler\ti-cgt-c2000_22.6.1.LTS\lib\</path>
         <kind>archive</kind>
         <file>rts2800_fpu32_eabi.lib</file>
         <name>fd_toi28.asm.obj</name>
      </input_file>
      <input_file id="fl-2d">
         <path>C:\TI\ccs1281\ccs\tools\compiler\ti-cgt-c2000_22.6.1.LTS\lib\</path>
         <kind>archive</kind>
         <file>rts2800_fpu32_eabi.lib</file>
         <name>fd_tol28.asm.obj</name>
      </input_file>
      <input_file id="fl-2e">
         <path>C:\TI\ccs1281\ccs\tools\compiler\ti-cgt-c2000_22.6.1.LTS\lib\</path>
         <kind>archive</kind>
         <file>rts2800_fpu32_eabi.lib</file>
         <name>fs_div28.asm.obj</name>
      </input_file>
      <input_file id="fl-2f">
         <path>C:\TI\ccs1281\ccs\tools\compiler\ti-cgt-c2000_22.6.1.LTS\lib\</path>
         <kind>archive</kind>
         <file>rts2800_fpu32_eabi.lib</file>
         <name>ll_aox28.asm.obj</name>
      </input_file>
      <input_file id="fl-30">
         <path>C:\TI\ccs1281\ccs\tools\compiler\ti-cgt-c2000_22.6.1.LTS\lib\</path>
         <kind>archive</kind>
         <file>rts2800_fpu32_eabi.lib</file>
         <name>ll_cmp28.asm.obj</name>
      </input_file>
      <input_file id="fl-31">
         <path>C:\TI\ccs1281\ccs\tools\compiler\ti-cgt-c2000_22.6.1.LTS\lib\</path>
         <kind>archive</kind>
         <file>rts2800_fpu32_eabi.lib</file>
         <name>ll_div28.asm.obj</name>
      </input_file>
      <input_file id="fl-32">
         <path>C:\TI\ccs1281\ccs\tools\compiler\ti-cgt-c2000_22.6.1.LTS\lib\</path>
         <kind>archive</kind>
         <file>rts2800_fpu32_eabi.lib</file>
         <name>i_tofd28.asm.obj</name>
      </input_file>
      <input_file id="fl-33">
         <path>C:\TI\ccs1281\ccs\tools\compiler\ti-cgt-c2000_22.6.1.LTS\lib\</path>
         <kind>archive</kind>
         <file>rts2800_fpu32_eabi.lib</file>
         <name>l_tofd28.asm.obj</name>
      </input_file>
      <input_file id="fl-34">
         <path>C:\TI\ccs1281\ccs\tools\compiler\ti-cgt-c2000_22.6.1.LTS\lib\</path>
         <kind>archive</kind>
         <file>rts2800_fpu32_eabi.lib</file>
         <name>fd_div28.asm.obj</name>
      </input_file>
      <input_file id="fl-35">
         <path>C:\TI\ccs1281\ccs\tools\compiler\ti-cgt-c2000_22.6.1.LTS\lib\</path>
         <kind>archive</kind>
         <file>rts2800_fpu32_eabi.lib</file>
         <name>memcpy.c.obj</name>
      </input_file>
      <input_file id="fl-36">
         <path>C:\TI\ccs1281\ccs\tools\compiler\ti-cgt-c2000_22.6.1.LTS\lib\</path>
         <kind>archive</kind>
         <file>rts2800_fpu32_eabi.lib</file>
         <name>pre_init.c.obj</name>
      </input_file>
      <input_file id="fl-37">
         <path>C:\TI\ccs1281\ccs\tools\compiler\ti-cgt-c2000_22.6.1.LTS\lib\</path>
         <kind>archive</kind>
         <file>rts2800_fpu32_eabi.lib</file>
         <name>autoinit.c.obj</name>
      </input_file>
      <input_file id="fl-38">
         <path>C:\TI\ccs1281\ccs\tools\compiler\ti-cgt-c2000_22.6.1.LTS\lib\</path>
         <kind>archive</kind>
         <file>rts2800_fpu32_eabi.lib</file>
         <name>copy_zero_init.c.obj</name>
      </input_file>
      <input_file id="fl-39">
         <path>C:\TI\ccs1281\ccs\tools\compiler\ti-cgt-c2000_22.6.1.LTS\lib\</path>
         <kind>archive</kind>
         <file>rts2800_fpu32_eabi.lib</file>
         <name>copy_decompress_none.c.obj</name>
      </input_file>
      <input_file id="fl-3a">
         <path>C:\TI\ccs1281\ccs\tools\compiler\ti-cgt-c2000_22.6.1.LTS\lib\</path>
         <kind>archive</kind>
         <file>rts2800_fpu32_eabi.lib</file>
         <name>copy_decompress_lzss.c.obj</name>
      </input_file>
      <input_file id="fl-3b">
         <path>C:\TI\ccs1281\ccs\tools\compiler\ti-cgt-c2000_22.6.1.LTS\lib\</path>
         <kind>archive</kind>
         <file>rts2800_fpu32_eabi.lib</file>
         <name>exit.c.obj</name>
      </input_file>
      <input_file id="fl-3c">
         <path>C:\TI\ccs1281\ccs\tools\compiler\ti-cgt-c2000_22.6.1.LTS\lib\</path>
         <kind>archive</kind>
         <file>rts2800_fpu32_eabi.lib</file>
         <name>_lock.c.obj</name>
      </input_file>
      <input_file id="fl-3d">
         <path>C:\TI\ccs1281\ccs\tools\compiler\ti-cgt-c2000_22.6.1.LTS\lib\</path>
         <kind>archive</kind>
         <file>rts2800_fpu32_eabi.lib</file>
         <name>_ltoa.c.obj</name>
      </input_file>
      <input_file id="fl-3e">
         <path>C:\TI\ccs1281\ccs\tools\compiler\ti-cgt-c2000_22.6.1.LTS\lib\</path>
         <kind>archive</kind>
         <file>rts2800_fpu32_eabi.lib</file>
         <name>args_main.c.obj</name>
      </input_file>
      <input_file id="fl-3f">
         <path>C:\TI\ccs1281\ccs\tools\compiler\ti-cgt-c2000_22.6.1.LTS\lib\</path>
         <kind>archive</kind>
         <file>rts2800_fpu32_eabi.lib</file>
         <name>atoi.c.obj</name>
      </input_file>
      <input_file id="fl-40">
         <path>C:\TI\ccs1281\ccs\tools\compiler\ti-cgt-c2000_22.6.1.LTS\lib\</path>
         <kind>archive</kind>
         <file>rts2800_fpu32_eabi.lib</file>
         <name>ctype.c.obj</name>
      </input_file>
      <input_file id="fl-41">
         <path>C:\TI\ccs1281\ccs\tools\compiler\ti-cgt-c2000_22.6.1.LTS\lib\</path>
         <kind>archive</kind>
         <file>rts2800_fpu32_eabi.lib</file>
         <name>defs.c.obj</name>
      </input_file>
      <input_file id="fl-42">
         <path>C:\TI\ccs1281\ccs\tools\compiler\ti-cgt-c2000_22.6.1.LTS\lib\</path>
         <kind>archive</kind>
         <file>rts2800_fpu32_eabi.lib</file>
         <name>memccpy.c.obj</name>
      </input_file>
      <input_file id="fl-43">
         <path>C:\TI\ccs1281\ccs\tools\compiler\ti-cgt-c2000_22.6.1.LTS\lib\</path>
         <kind>archive</kind>
         <file>rts2800_fpu32_eabi.lib</file>
         <name>memchr.c.obj</name>
      </input_file>
      <input_file id="fl-44">
         <path>C:\TI\ccs1281\ccs\tools\compiler\ti-cgt-c2000_22.6.1.LTS\lib\</path>
         <kind>archive</kind>
         <file>rts2800_fpu32_eabi.lib</file>
         <name>memory.c.obj</name>
      </input_file>
      <input_file id="fl-45">
         <path>C:\TI\ccs1281\ccs\tools\compiler\ti-cgt-c2000_22.6.1.LTS\lib\</path>
         <kind>archive</kind>
         <file>rts2800_fpu32_eabi.lib</file>
         <name>memset.c.obj</name>
      </input_file>
      <input_file id="fl-46">
         <path>C:\TI\ccs1281\ccs\tools\compiler\ti-cgt-c2000_22.6.1.LTS\lib\</path>
         <kind>archive</kind>
         <file>rts2800_fpu32_eabi.lib</file>
         <name>strchr.c.obj</name>
      </input_file>
      <input_file id="fl-47">
         <path>C:\TI\ccs1281\ccs\tools\compiler\ti-cgt-c2000_22.6.1.LTS\lib\</path>
         <kind>archive</kind>
         <file>rts2800_fpu32_eabi.lib</file>
         <name>strcpy.c.obj</name>
      </input_file>
      <input_file id="fl-48">
         <path>C:\TI\ccs1281\ccs\tools\compiler\ti-cgt-c2000_22.6.1.LTS\lib\</path>
         <kind>archive</kind>
         <file>rts2800_fpu32_eabi.lib</file>
         <name>strlen.c.obj</name>
      </input_file>
      <input_file id="fl-49">
         <path>C:\TI\ccs1281\ccs\tools\compiler\ti-cgt-c2000_22.6.1.LTS\lib\</path>
         <kind>archive</kind>
         <file>rts2800_fpu32_eabi.lib</file>
         <name>write.c.obj</name>
      </input_file>
      <input_file id="fl-4a">
         <path>C:\TI\ccs1281\ccs\tools\compiler\ti-cgt-c2000_22.6.1.LTS\lib\</path>
         <kind>archive</kind>
         <file>rts2800_fpu32_eabi.lib</file>
         <name>host_device.c.obj</name>
      </input_file>
      <input_file id="fl-4b">
         <path>C:\TI\ccs1281\ccs\tools\compiler\ti-cgt-c2000_22.6.1.LTS\lib\</path>
         <kind>archive</kind>
         <file>rts2800_fpu32_eabi.lib</file>
         <name>errno.c.obj</name>
      </input_file>
      <input_file id="fl-4c">
         <path>C:\TI\ccs1281\ccs\tools\compiler\ti-cgt-c2000_22.6.1.LTS\lib\</path>
         <kind>archive</kind>
         <file>rts2800_fpu32_eabi.lib</file>
         <name>s_frexp.c.obj</name>
      </input_file>
      <input_file id="fl-4d">
         <path>C:\TI\ccs1281\ccs\tools\compiler\ti-cgt-c2000_22.6.1.LTS\lib\</path>
         <kind>archive</kind>
         <file>rts2800_fpu32_eabi.lib</file>
         <name>s_scalbn.c.obj</name>
      </input_file>
      <input_file id="fl-4e">
         <path>C:\TI\ccs1281\ccs\tools\compiler\ti-cgt-c2000_22.6.1.LTS\lib\</path>
         <kind>archive</kind>
         <file>rts2800_fpu32_eabi.lib</file>
         <name>wcslen.c.obj</name>
      </input_file>
      <input_file id="fl-4f">
         <path>C:\TI\ccs1281\ccs\tools\compiler\ti-cgt-c2000_22.6.1.LTS\lib\</path>
         <kind>archive</kind>
         <file>rts2800_fpu32_eabi.lib</file>
         <name>fflush.c.obj</name>
      </input_file>
      <input_file id="fl-50">
         <path>C:\TI\ccs1281\ccs\tools\compiler\ti-cgt-c2000_22.6.1.LTS\lib\</path>
         <kind>archive</kind>
         <file>rts2800_fpu32_eabi.lib</file>
         <name>fopen.c.obj</name>
      </input_file>
      <input_file id="fl-51">
         <path>C:\TI\ccs1281\ccs\tools\compiler\ti-cgt-c2000_22.6.1.LTS\lib\</path>
         <kind>archive</kind>
         <file>rts2800_fpu32_eabi.lib</file>
         <name>fseek.c.obj</name>
      </input_file>
      <input_file id="fl-52">
         <path>C:\TI\ccs1281\ccs\tools\compiler\ti-cgt-c2000_22.6.1.LTS\lib\</path>
         <kind>archive</kind>
         <file>rts2800_fpu32_eabi.lib</file>
         <name>fd_add28.asm.obj</name>
      </input_file>
      <input_file id="fl-53">
         <path>C:\TI\ccs1281\ccs\tools\compiler\ti-cgt-c2000_22.6.1.LTS\lib\</path>
         <kind>archive</kind>
         <file>rts2800_fpu32_eabi.lib</file>
         <name>l_div28.asm.obj</name>
      </input_file>
      <input_file id="fl-54">
         <path>C:\TI\ccs1281\ccs\tools\compiler\ti-cgt-c2000_22.6.1.LTS\lib\</path>
         <kind>archive</kind>
         <file>rts2800_fpu32_eabi.lib</file>
         <name>cpy_tbl.c.obj</name>
      </input_file>
      <input_file id="fl-55">
         <path>C:\TI\ccs1281\ccs\tools\compiler\ti-cgt-c2000_22.6.1.LTS\lib\</path>
         <kind>archive</kind>
         <file>rts2800_fpu32_eabi.lib</file>
         <name>startup.c.obj</name>
      </input_file>
      <input_file id="fl-56">
         <path>C:\TI\ccs1281\ccs\tools\compiler\ti-cgt-c2000_22.6.1.LTS\lib\</path>
         <kind>archive</kind>
         <file>rts2800_fpu32_eabi.lib</file>
         <name>hostclose.c.obj</name>
      </input_file>
      <input_file id="fl-57">
         <path>C:\TI\ccs1281\ccs\tools\compiler\ti-cgt-c2000_22.6.1.LTS\lib\</path>
         <kind>archive</kind>
         <file>rts2800_fpu32_eabi.lib</file>
         <name>hostlseek.c.obj</name>
      </input_file>
      <input_file id="fl-58">
         <path>C:\TI\ccs1281\ccs\tools\compiler\ti-cgt-c2000_22.6.1.LTS\lib\</path>
         <kind>archive</kind>
         <file>rts2800_fpu32_eabi.lib</file>
         <name>hostopen.c.obj</name>
      </input_file>
      <input_file id="fl-59">
         <path>C:\TI\ccs1281\ccs\tools\compiler\ti-cgt-c2000_22.6.1.LTS\lib\</path>
         <kind>archive</kind>
         <file>rts2800_fpu32_eabi.lib</file>
         <name>hostread.c.obj</name>
      </input_file>
      <input_file id="fl-5a">
         <path>C:\TI\ccs1281\ccs\tools\compiler\ti-cgt-c2000_22.6.1.LTS\lib\</path>
         <kind>archive</kind>
         <file>rts2800_fpu32_eabi.lib</file>
         <name>hostrename.c.obj</name>
      </input_file>
      <input_file id="fl-5b">
         <path>C:\TI\ccs1281\ccs\tools\compiler\ti-cgt-c2000_22.6.1.LTS\lib\</path>
         <kind>archive</kind>
         <file>rts2800_fpu32_eabi.lib</file>
         <name>hostunlink.c.obj</name>
      </input_file>
      <input_file id="fl-5c">
         <path>C:\TI\ccs1281\ccs\tools\compiler\ti-cgt-c2000_22.6.1.LTS\lib\</path>
         <kind>archive</kind>
         <file>rts2800_fpu32_eabi.lib</file>
         <name>hostwrite.c.obj</name>
      </input_file>
      <input_file id="fl-5d">
         <path>C:\TI\ccs1281\ccs\tools\compiler\ti-cgt-c2000_22.6.1.LTS\lib\</path>
         <kind>archive</kind>
         <file>rts2800_fpu32_eabi.lib</file>
         <name>trgmsg.c.obj</name>
      </input_file>
      <input_file id="fl-5e">
         <path>C:\TI\ccs1281\ccs\tools\compiler\ti-cgt-c2000_22.6.1.LTS\lib\</path>
         <kind>archive</kind>
         <file>rts2800_fpu32_eabi.lib</file>
         <name>open.c.obj</name>
      </input_file>
      <input_file id="fl-5f">
         <path>C:\TI\ccs1281\ccs\tools\compiler\ti-cgt-c2000_22.6.1.LTS\lib\</path>
         <kind>archive</kind>
         <file>rts2800_fpu32_eabi.lib</file>
         <name>lseek.c.obj</name>
      </input_file>
      <input_file id="fl-60">
         <path>C:\TI\ccs1281\ccs\tools\compiler\ti-cgt-c2000_22.6.1.LTS\lib\</path>
         <kind>archive</kind>
         <file>rts2800_fpu32_eabi.lib</file>
         <name>s_copysign.c.obj</name>
      </input_file>
      <input_file id="fl-61">
         <path>C:\TI\ccs1281\ccs\tools\compiler\ti-cgt-c2000_22.6.1.LTS\lib\</path>
         <kind>archive</kind>
         <file>rts2800_fpu32_eabi.lib</file>
         <name>fclose.c.obj</name>
      </input_file>
      <input_file id="fl-62">
         <path>C:\TI\ccs1281\ccs\tools\compiler\ti-cgt-c2000_22.6.1.LTS\lib\</path>
         <kind>archive</kind>
         <file>rts2800_fpu32_eabi.lib</file>
         <name>getdevice.c.obj</name>
      </input_file>
      <input_file id="fl-63">
         <path>C:\TI\ccs1281\ccs\tools\compiler\ti-cgt-c2000_22.6.1.LTS\lib\</path>
         <kind>archive</kind>
         <file>rts2800_fpu32_eabi.lib</file>
         <name>strcmp.c.obj</name>
      </input_file>
      <input_file id="fl-64">
         <path>C:\TI\ccs1281\ccs\tools\compiler\ti-cgt-c2000_22.6.1.LTS\lib\</path>
         <kind>archive</kind>
         <file>rts2800_fpu32_eabi.lib</file>
         <name>strncpy.c.obj</name>
      </input_file>
      <input_file id="fl-65">
         <path>C:\TI\ccs1281\ccs\tools\compiler\ti-cgt-c2000_22.6.1.LTS\lib\</path>
         <kind>archive</kind>
         <file>rts2800_fpu32_eabi.lib</file>
         <name>remove.c.obj</name>
      </input_file>
      <input_file id="fl-66">
         <path>C:\TI\ccs1281\ccs\tools\compiler\ti-cgt-c2000_22.6.1.LTS\lib\</path>
         <kind>archive</kind>
         <file>rts2800_fpu32_eabi.lib</file>
         <name>close.c.obj</name>
      </input_file>
      <input_file id="fl-67">
         <path>C:\TI\ccs1281\ccs\tools\compiler\ti-cgt-c2000_22.6.1.LTS\lib\</path>
         <kind>archive</kind>
         <file>rts2800_fpu32_eabi.lib</file>
         <name>unlink.c.obj</name>
      </input_file>
   </input_file_list>
   <object_component_list>
      <object_component id="oc-26">
         <name>codestart</name>
         <load_address>0x0</load_address>
         <run_address>0x0</run_address>
         <size>0x2</size>
         <input_file_ref idref="fl-7"/>
      </object_component>
      <object_component id="oc-125">
         <name>.TI.ramfunc</name>
         <load_address>0x128</load_address>
         <run_address>0x128</run_address>
         <size>0x4</size>
         <input_file_ref idref="fl-14"/>
      </object_component>
      <object_component id="oc-3aa">
         <name>.text</name>
         <load_address>0x0</load_address>
         <run_address>0x0</run_address>
         <size>0x1e</size>
         <input_file_ref idref="fl-30"/>
      </object_component>
      <object_component id="oc-472">
         <name>.text</name>
         <load_address>0x1e</load_address>
         <run_address>0x1e</run_address>
         <size>0x1d</size>
         <input_file_ref idref="fl-32"/>
      </object_component>
      <object_component id="oc-49">
         <name>.text</name>
         <load_address>0x3b</load_address>
         <run_address>0x3b</run_address>
         <size>0x1d</size>
         <input_file_ref idref="fl-35"/>
      </object_component>
      <object_component id="oc-457">
         <name>.text</name>
         <load_address>0x58</load_address>
         <run_address>0x58</run_address>
         <size>0x1c</size>
         <input_file_ref idref="fl-33"/>
      </object_component>
      <object_component id="oc-177">
         <name>.text:SysCtl_getLowSpeedClock</name>
         <load_address>0x74</load_address>
         <run_address>0x74</run_address>
         <size>0x1a</size>
         <input_file_ref idref="fl-14"/>
      </object_component>
      <object_component id="oc-258">
         <name>.text:LED0_init</name>
         <load_address>0x8e</load_address>
         <run_address>0x8e</run_address>
         <size>0x19</size>
         <input_file_ref idref="fl-2"/>
      </object_component>
      <object_component id="oc-225">
         <name>.text:SysCtl_setPLLSysClk</name>
         <load_address>0xa7</load_address>
         <run_address>0xa7</run_address>
         <size>0x19</size>
         <input_file_ref idref="fl-14"/>
      </object_component>
      <object_component id="oc-520">
         <name>.text</name>
         <load_address>0xc0</load_address>
         <run_address>0xc0</run_address>
         <size>0x19</size>
         <input_file_ref idref="fl-67"/>
      </object_component>
      <object_component id="oc-296">
         <name>.text</name>
         <load_address>0xd9</load_address>
         <run_address>0xd9</run_address>
         <size>0x19</size>
         <input_file_ref idref="fl-49"/>
      </object_component>
      <object_component id="oc-355">
         <name>.text:SCI_disableModule</name>
         <load_address>0xf2</load_address>
         <run_address>0xf2</run_address>
         <size>0x18</size>
         <input_file_ref idref="fl-12"/>
      </object_component>
      <object_component id="oc-34e">
         <name>.text:SCI_performSoftwareReset</name>
         <load_address>0x10a</load_address>
         <run_address>0x10a</run_address>
         <size>0x18</size>
         <input_file_ref idref="fl-12"/>
      </object_component>
      <object_component id="oc-3b4">
         <name>.text</name>
         <load_address>0x122</load_address>
         <run_address>0x122</run_address>
         <size>0x18</size>
         <input_file_ref idref="fl-2f"/>
      </object_component>
      <object_component id="oc-3f9">
         <name>.text</name>
         <load_address>0x13a</load_address>
         <run_address>0x13a</run_address>
         <size>0x18</size>
         <input_file_ref idref="fl-5f"/>
      </object_component>
      <object_component id="oc-337">
         <name>.text:CPUTimer_isBaseValid</name>
         <load_address>0x152</load_address>
         <run_address>0x152</run_address>
         <size>0x17</size>
         <input_file_ref idref="fl-e"/>
      </object_component>
      <object_component id="oc-2e5">
         <name>.text:SysCtl_enablePeripheral</name>
         <load_address>0x169</load_address>
         <run_address>0x169</run_address>
         <size>0x17</size>
         <input_file_ref idref="fl-14"/>
      </object_component>
      <object_component id="oc-7c">
         <name>.text</name>
         <load_address>0x180</load_address>
         <run_address>0x180</run_address>
         <size>0x17</size>
         <input_file_ref idref="fl-27"/>
      </object_component>
      <object_component id="oc-303">
         <name>.text:DCC_disableDoneSignal</name>
         <load_address>0x197</load_address>
         <run_address>0x197</run_address>
         <size>0x16</size>
         <input_file_ref idref="fl-14"/>
      </object_component>
      <object_component id="oc-2b">
         <name>.text:Interrupt_defaultHandler</name>
         <load_address>0x1ad</load_address>
         <run_address>0x1ad</run_address>
         <size>0x16</size>
         <input_file_ref idref="fl-11"/>
      </object_component>
      <object_component id="oc-2f1">
         <name>.text:DCC_clearDoneFlag</name>
         <load_address>0x1c3</load_address>
         <run_address>0x1c3</run_address>
         <size>0x15</size>
         <input_file_ref idref="fl-14"/>
      </object_component>
      <object_component id="oc-2eb">
         <name>.text:DCC_clearErrorFlag</name>
         <load_address>0x1d8</load_address>
         <run_address>0x1d8</run_address>
         <size>0x15</size>
         <input_file_ref idref="fl-14"/>
      </object_component>
      <object_component id="oc-2fd">
         <name>.text:DCC_disableErrorSignal</name>
         <load_address>0x1ed</load_address>
         <run_address>0x1ed</run_address>
         <size>0x15</size>
         <input_file_ref idref="fl-14"/>
      </object_component>
      <object_component id="oc-3da">
         <name>.text:DCC_isBaseValid</name>
         <load_address>0x202</load_address>
         <run_address>0x202</run_address>
         <size>0x15</size>
         <input_file_ref idref="fl-14"/>
      </object_component>
      <object_component id="oc-55f">
         <name>.text</name>
         <load_address>0x217</load_address>
         <run_address>0x217</run_address>
         <size>0x15</size>
         <input_file_ref idref="fl-64"/>
      </object_component>
      <object_component id="oc-2f7">
         <name>.text:DCC_disableModule</name>
         <load_address>0x22c</load_address>
         <run_address>0x22c</run_address>
         <size>0x14</size>
         <input_file_ref idref="fl-14"/>
      </object_component>
      <object_component id="oc-321">
         <name>.text:DCC_enableModule</name>
         <load_address>0x240</load_address>
         <run_address>0x240</run_address>
         <size>0x14</size>
         <input_file_ref idref="fl-14"/>
      </object_component>
      <object_component id="oc-25e">
         <name>.text:FLASH_CS_init</name>
         <load_address>0x254</load_address>
         <run_address>0x254</run_address>
         <size>0x14</size>
         <input_file_ref idref="fl-2"/>
      </object_component>
      <object_component id="oc-32f">
         <name>.text:GPIO_isPinValid</name>
         <load_address>0x268</load_address>
         <run_address>0x268</run_address>
         <size>0x14</size>
         <input_file_ref idref="fl-10"/>
      </object_component>
      <object_component id="oc-1e9">
         <name>.text:SCI_getTxFIFOStatus</name>
         <load_address>0x27c</load_address>
         <run_address>0x27c</run_address>
         <size>0x14</size>
         <input_file_ref idref="fl-12"/>
      </object_component>
      <object_component id="oc-251">
         <name>.text:CPUTimer_setEmulationMode</name>
         <load_address>0x290</load_address>
         <run_address>0x290</run_address>
         <size>0x13</size>
         <input_file_ref idref="fl-e"/>
      </object_component>
      <object_component id="oc-35b">
         <name>.text:SCI_enableModule</name>
         <load_address>0x2a3</load_address>
         <run_address>0x2a3</run_address>
         <size>0x13</size>
         <input_file_ref idref="fl-12"/>
      </object_component>
      <object_component id="oc-1dc">
         <name>.text:SCI_isBaseValid</name>
         <load_address>0x2b6</load_address>
         <run_address>0x2b6</run_address>
         <size>0x13</size>
         <input_file_ref idref="fl-12"/>
      </object_component>
      <object_component id="oc-362">
         <name>.text:SPI_isBaseValid</name>
         <load_address>0x2c9</load_address>
         <run_address>0x2c9</run_address>
         <size>0x13</size>
         <input_file_ref idref="fl-13"/>
      </object_component>
      <object_component id="oc-203">
         <name>.text:w25qxx_wait_busy</name>
         <load_address>0x2dc</load_address>
         <run_address>0x2dc</run_address>
         <size>0x12</size>
         <input_file_ref idref="fl-5"/>
      </object_component>
      <object_component id="oc-107">
         <name>.text:Device_initGPIO</name>
         <load_address>0x2ee</load_address>
         <run_address>0x2ee</run_address>
         <size>0x10</size>
         <input_file_ref idref="fl-6"/>
      </object_component>
      <object_component id="oc-39c">
         <name>.text</name>
         <load_address>0x2fe</load_address>
         <run_address>0x2fe</run_address>
         <size>0x10</size>
         <input_file_ref idref="fl-42"/>
      </object_component>
      <object_component id="oc-113">
         <name>.text:Board_init</name>
         <load_address>0x30e</load_address>
         <run_address>0x30e</run_address>
         <size>0xf</size>
         <input_file_ref idref="fl-2"/>
      </object_component>
      <object_component id="oc-45c">
         <name>.text</name>
         <load_address>0x31d</load_address>
         <run_address>0x31d</run_address>
         <size>0xe</size>
         <input_file_ref idref="fl-2b"/>
      </object_component>
      <object_component id="oc-18c">
         <name>.text:Interrupt_disableGlobal</name>
         <load_address>0x32b</load_address>
         <run_address>0x32b</run_address>
         <size>0xd</size>
         <input_file_ref idref="fl-11"/>
      </object_component>
      <object_component id="oc-36b">
         <name>.text:Interrupt_enableGlobal</name>
         <load_address>0x338</load_address>
         <run_address>0x338</run_address>
         <size>0xd</size>
         <input_file_ref idref="fl-11"/>
      </object_component>
      <object_component id="oc-51">
         <name>.text:decompress:ZI:__TI_zero_init_nomemset</name>
         <load_address>0x345</load_address>
         <run_address>0x345</run_address>
         <size>0xd</size>
         <input_file_ref idref="fl-38"/>
      </object_component>
      <object_component id="oc-29e">
         <name>.text</name>
         <load_address>0x352</load_address>
         <run_address>0x352</run_address>
         <size>0xd</size>
         <input_file_ref idref="fl-43"/>
      </object_component>
      <object_component id="oc-1b1">
         <name>.text:INTERRUPT_init</name>
         <load_address>0x35f</load_address>
         <run_address>0x35f</run_address>
         <size>0xc</size>
         <input_file_ref idref="fl-2"/>
      </object_component>
      <object_component id="oc-97">
         <name>.text</name>
         <load_address>0x36b</load_address>
         <run_address>0x36b</run_address>
         <size>0xc</size>
         <input_file_ref idref="fl-3e"/>
      </object_component>
      <object_component id="oc-477">
         <name>.text</name>
         <load_address>0x377</load_address>
         <run_address>0x377</run_address>
         <size>0xc</size>
         <input_file_ref idref="fl-46"/>
      </object_component>
      <object_component id="oc-1fd">
         <name>.text:w25qxx_write_enable</name>
         <load_address>0x383</load_address>
         <run_address>0x383</run_address>
         <size>0xc</size>
         <input_file_ref idref="fl-5"/>
      </object_component>
      <object_component id="oc-219">
         <name>.text:SysCtl_isMCDClockFailureDetected</name>
         <load_address>0x38f</load_address>
         <run_address>0x38f</run_address>
         <size>0xb</size>
         <input_file_ref idref="fl-14"/>
      </object_component>
      <object_component id="oc-3b9">
         <name>.text</name>
         <load_address>0x39a</load_address>
         <run_address>0x39a</run_address>
         <size>0xb</size>
         <input_file_ref idref="fl-4e"/>
      </object_component>
      <object_component id="oc-1bb">
         <name>.text:spi_read_write_byte</name>
         <load_address>0x3a5</load_address>
         <run_address>0x3a5</run_address>
         <size>0xb</size>
         <input_file_ref idref="fl-5"/>
      </object_component>
      <object_component id="oc-37">
         <name>.text:Interrupt_illegalOperationHandler</name>
         <load_address>0x3b0</load_address>
         <run_address>0x3b0</run_address>
         <size>0xa</size>
         <input_file_ref idref="fl-11"/>
      </object_component>
      <object_component id="oc-3d">
         <name>.text:Interrupt_nmiHandler</name>
         <load_address>0x3ba</load_address>
         <run_address>0x3ba</run_address>
         <size>0xa</size>
         <input_file_ref idref="fl-11"/>
      </object_component>
      <object_component id="oc-559">
         <name>.text</name>
         <load_address>0x3c4</load_address>
         <run_address>0x3c4</run_address>
         <size>0xa</size>
         <input_file_ref idref="fl-63"/>
      </object_component>
      <object_component id="oc-152">
         <name>.text</name>
         <load_address>0x3ce</load_address>
         <run_address>0x3ce</run_address>
         <size>0x9</size>
         <input_file_ref idref="fl-3c"/>
      </object_component>
      <object_component id="oc-43d">
         <name>.text</name>
         <load_address>0x3d7</load_address>
         <run_address>0x3d7</run_address>
         <size>0x9</size>
         <input_file_ref idref="fl-2a"/>
      </object_component>
      <object_component id="oc-1f">
         <name>.text:decompress:none</name>
         <load_address>0x3e0</load_address>
         <run_address>0x3e0</run_address>
         <size>0x8</size>
         <input_file_ref idref="fl-39"/>
      </object_component>
      <object_component id="oc-5d">
         <name>.text</name>
         <load_address>0x3e8</load_address>
         <run_address>0x3e8</run_address>
         <size>0x8</size>
         <input_file_ref idref="fl-7"/>
      </object_component>
      <object_component id="oc-133">
         <name>.text</name>
         <load_address>0x3f0</load_address>
         <run_address>0x3f0</run_address>
         <size>0x8</size>
         <input_file_ref idref="fl-48"/>
      </object_component>
      <object_component id="oc-3d0">
         <name>.text:SysCtl_resetMCD</name>
         <load_address>0x3f8</load_address>
         <run_address>0x3f8</run_address>
         <size>0x7</size>
         <input_file_ref idref="fl-14"/>
      </object_component>
      <object_component id="oc-75">
         <name>.text</name>
         <load_address>0x3ff</load_address>
         <run_address>0x3ff</run_address>
         <size>0x7</size>
         <input_file_ref idref="fl-45"/>
      </object_component>
      <object_component id="oc-19f">
         <name>.text:GPIO_init</name>
         <load_address>0x406</load_address>
         <run_address>0x406</run_address>
         <size>0x5</size>
         <input_file_ref idref="fl-2"/>
      </object_component>
      <object_component id="oc-396">
         <name>.text</name>
         <load_address>0x40b</load_address>
         <run_address>0x40b</run_address>
         <size>0x5</size>
         <input_file_ref idref="fl-47"/>
      </object_component>
      <object_component id="oc-3c3">
         <name>.text</name>
         <load_address>0x8000</load_address>
         <run_address>0x8000</run_address>
         <size>0x6c2</size>
         <input_file_ref idref="fl-21"/>
      </object_component>
      <object_component id="oc-165">
         <name>.text:SysCtl_setClock</name>
         <load_address>0x86c2</load_address>
         <run_address>0x86c2</run_address>
         <size>0x123</size>
         <input_file_ref idref="fl-14"/>
      </object_component>
      <object_component id="oc-1ef">
         <name>.text:SCI_isSpaceAvailableNonFIFO</name>
         <load_address>0x87e5</load_address>
         <run_address>0x87e5</run_address>
         <size>0x1a</size>
         <input_file_ref idref="fl-12"/>
      </object_component>
      <object_component id="oc-119">
         <name>.text:C2000Ware_libraries_init</name>
         <load_address>0x87ff</load_address>
         <run_address>0x87ff</run_address>
         <size>0x1</size>
         <input_file_ref idref="fl-3"/>
      </object_component>
      <object_component id="oc-2b6">
         <name>.text:__TI_printfi</name>
         <load_address>0x8800</load_address>
         <run_address>0x8800</run_address>
         <size>0x614</size>
         <input_file_ref idref="fl-21"/>
      </object_component>
      <object_component id="oc-407">
         <name>.text</name>
         <load_address>0x8e14</load_address>
         <run_address>0x8e14</run_address>
         <size>0x121</size>
         <input_file_ref idref="fl-50"/>
      </object_component>
      <object_component id="oc-46c">
         <name>.text</name>
         <load_address>0x8f35</load_address>
         <run_address>0x8f35</run_address>
         <size>0xa9</size>
         <input_file_ref idref="fl-4d"/>
      </object_component>
      <object_component id="oc-11f">
         <name>.text:w25qxx_read_id</name>
         <load_address>0x8fde</load_address>
         <run_address>0x8fde</run_address>
         <size>0x22</size>
         <input_file_ref idref="fl-5"/>
      </object_component>
      <object_component id="oc-401">
         <name>.text</name>
         <load_address>0x9000</load_address>
         <run_address>0x9000</run_address>
         <size>0x298</size>
         <input_file_ref idref="fl-44"/>
      </object_component>
      <object_component id="oc-3af">
         <name>.text</name>
         <load_address>0x9298</load_address>
         <run_address>0x9298</run_address>
         <size>0x107</size>
         <input_file_ref idref="fl-31"/>
      </object_component>
      <object_component id="oc-22b">
         <name>.text:SysCtl_isPLLValid</name>
         <load_address>0x939f</load_address>
         <run_address>0x939f</run_address>
         <size>0xfe</size>
         <input_file_ref idref="fl-14"/>
      </object_component>
      <object_component id="oc-17d">
         <name>.text:Device_enableAllPeripherals</name>
         <load_address>0x949d</load_address>
         <run_address>0x949d</run_address>
         <size>0xd3</size>
         <input_file_ref idref="fl-6"/>
      </object_component>
      <object_component id="oc-1c9">
         <name>.text</name>
         <load_address>0x9570</load_address>
         <run_address>0x9570</run_address>
         <size>0xa8</size>
         <input_file_ref idref="fl-24"/>
      </object_component>
      <object_component id="oc-4ed">
         <name>.text</name>
         <load_address>0x9618</load_address>
         <run_address>0x9618</run_address>
         <size>0x9c</size>
         <input_file_ref idref="fl-52"/>
      </object_component>
      <object_component id="oc-52e">
         <name>.text</name>
         <load_address>0x96b4</load_address>
         <run_address>0x96b4</run_address>
         <size>0x95</size>
         <input_file_ref idref="fl-5d"/>
      </object_component>
      <object_component id="oc-442">
         <name>.text</name>
         <load_address>0x9749</load_address>
         <run_address>0x9749</run_address>
         <size>0x8b</size>
         <input_file_ref idref="fl-34"/>
      </object_component>
      <object_component id="oc-a9">
         <name>.text:__TI_auto_init_nobinit_nopinit</name>
         <load_address>0x97d4</load_address>
         <run_address>0x97d4</run_address>
         <size>0x2b</size>
         <input_file_ref idref="fl-37"/>
      </object_component>
      <object_component id="oc-ec">
         <name>.text</name>
         <load_address>0x97ff</load_address>
         <run_address>0x97ff</run_address>
         <size>0x1</size>
         <input_file_ref idref="fl-55"/>
      </object_component>
      <object_component id="oc-2e0">
         <name>.text</name>
         <load_address>0x9800</load_address>
         <run_address>0x9800</run_address>
         <size>0x88</size>
         <input_file_ref idref="fl-2e"/>
      </object_component>
      <object_component id="oc-447">
         <name>.text</name>
         <load_address>0x9888</load_address>
         <run_address>0x9888</run_address>
         <size>0x83</size>
         <input_file_ref idref="fl-29"/>
      </object_component>
      <object_component id="oc-378">
         <name>.text</name>
         <load_address>0x990b</load_address>
         <run_address>0x990b</run_address>
         <size>0x7c</size>
         <input_file_ref idref="fl-26"/>
      </object_component>
      <object_component id="oc-d9">
         <name>.text:main</name>
         <load_address>0x9987</load_address>
         <run_address>0x9987</run_address>
         <size>0x75</size>
         <input_file_ref idref="fl-4"/>
      </object_component>
      <object_component id="oc-1a5">
         <name>.text:mySCIB_init</name>
         <load_address>0x99fc</load_address>
         <run_address>0x99fc</run_address>
         <size>0x75</size>
         <input_file_ref idref="fl-2"/>
      </object_component>
      <object_component id="oc-315">
         <name>.text:DCC_setCounterSeeds</name>
         <load_address>0x9a71</load_address>
         <run_address>0x9a71</run_address>
         <size>0x73</size>
         <input_file_ref idref="fl-14"/>
      </object_component>
      <object_component id="oc-290">
         <name>.text</name>
         <load_address>0x9ae4</load_address>
         <run_address>0x9ae4</run_address>
         <size>0x73</size>
         <input_file_ref idref="fl-4f"/>
      </object_component>
      <object_component id="oc-48d">
         <name>.text</name>
         <load_address>0x9b57</load_address>
         <run_address>0x9b57</run_address>
         <size>0x71</size>
         <input_file_ref idref="fl-5e"/>
      </object_component>
      <object_component id="oc-183">
         <name>.text:GPIO_setAnalogMode</name>
         <load_address>0x9bc8</load_address>
         <run_address>0x9bc8</run_address>
         <size>0x6a</size>
         <input_file_ref idref="fl-10"/>
      </object_component>
      <object_component id="oc-16b">
         <name>.text:SysCtl_getClock</name>
         <load_address>0x9c32</load_address>
         <run_address>0x9c32</run_address>
         <size>0x65</size>
         <input_file_ref idref="fl-14"/>
      </object_component>
      <object_component id="oc-28a">
         <name>.text</name>
         <load_address>0x9c97</load_address>
         <run_address>0x9c97</run_address>
         <size>0x65</size>
         <input_file_ref idref="fl-25"/>
      </object_component>
      <object_component id="oc-4b7">
         <name>.text</name>
         <load_address>0x9cfc</load_address>
         <run_address>0x9cfc</run_address>
         <size>0x61</size>
         <input_file_ref idref="fl-57"/>
      </object_component>
      <object_component id="oc-493">
         <name>.text</name>
         <load_address>0x9d5d</load_address>
         <run_address>0x9d5d</run_address>
         <size>0x5d</size>
         <input_file_ref idref="fl-61"/>
      </object_component>
      <object_component id="oc-272">
         <name>.text:SPI_setConfig</name>
         <load_address>0x9dba</load_address>
         <run_address>0x9dba</run_address>
         <size>0x5c</size>
         <input_file_ref idref="fl-13"/>
      </object_component>
      <object_component id="oc-466">
         <name>.text</name>
         <load_address>0x9e16</load_address>
         <run_address>0x9e16</run_address>
         <size>0x5a</size>
         <input_file_ref idref="fl-4c"/>
      </object_component>
      <object_component id="oc-1c3">
         <name>.text</name>
         <load_address>0x9e70</load_address>
         <run_address>0x9e70</run_address>
         <size>0x53</size>
         <input_file_ref idref="fl-23"/>
      </object_component>
      <object_component id="oc-244">
         <name>.text:GPIO_setPadConfig</name>
         <load_address>0x9ec3</load_address>
         <run_address>0x9ec3</run_address>
         <size>0x52</size>
         <input_file_ref idref="fl-10"/>
      </object_component>
      <object_component id="oc-193">
         <name>.text:PinMux_init</name>
         <load_address>0x9f15</load_address>
         <run_address>0x9f15</run_address>
         <size>0x52</size>
         <input_file_ref idref="fl-2"/>
      </object_component>
      <object_component id="oc-50f">
         <name>.text</name>
         <load_address>0x9f67</load_address>
         <run_address>0x9f67</run_address>
         <size>0x51</size>
         <input_file_ref idref="fl-62"/>
      </object_component>
      <object_component id="oc-2d2">
         <name>.text:SysCtl_selectXTAL</name>
         <load_address>0x9fb8</load_address>
         <run_address>0x9fb8</run_address>
         <size>0x46</size>
         <input_file_ref idref="fl-14"/>
      </object_component>
      <object_component id="oc-90">
         <name>.text</name>
         <load_address>0x9ffe</load_address>
         <run_address>0x9ffe</run_address>
         <size>0x2</size>
         <input_file_ref idref="fl-36"/>
      </object_component>
      <object_component id="oc-101">
         <name>.text:Device_init</name>
         <load_address>0xa000</load_address>
         <run_address>0xa000</run_address>
         <size>0x4b</size>
         <input_file_ref idref="fl-6"/>
      </object_component>
      <object_component id="oc-21f">
         <name>.text:SysCtl_selectOscSource</name>
         <load_address>0xa04b</load_address>
         <run_address>0xa04b</run_address>
         <size>0x49</size>
         <input_file_ref idref="fl-14"/>
      </object_component>
      <object_component id="oc-265">
         <name>.text:SCI_clearInterruptStatus</name>
         <load_address>0xa094</load_address>
         <run_address>0xa094</run_address>
         <size>0x45</size>
         <input_file_ref idref="fl-12"/>
      </object_component>
      <object_component id="oc-3ca">
         <name>.text:SysCtl_pollX1Counter</name>
         <load_address>0xa0d9</load_address>
         <run_address>0xa0d9</run_address>
         <size>0x45</size>
         <input_file_ref idref="fl-14"/>
      </object_component>
      <object_component id="oc-139">
         <name>.text:SCI_writeCharArray</name>
         <load_address>0xa11e</load_address>
         <run_address>0xa11e</run_address>
         <size>0x41</size>
         <input_file_ref idref="fl-12"/>
      </object_component>
      <object_component id="oc-26b">
         <name>.text:SCI_setConfig</name>
         <load_address>0xa15f</load_address>
         <run_address>0xa15f</run_address>
         <size>0x3e</size>
         <input_file_ref idref="fl-12"/>
      </object_component>
      <object_component id="oc-4c3">
         <name>.text</name>
         <load_address>0xa19d</load_address>
         <run_address>0xa19d</run_address>
         <size>0x3e</size>
         <input_file_ref idref="fl-5a"/>
      </object_component>
      <object_component id="oc-10d">
         <name>.text:Interrupt_initModule</name>
         <load_address>0xa1db</load_address>
         <run_address>0xa1db</run_address>
         <size>0x3d</size>
         <input_file_ref idref="fl-11"/>
      </object_component>
      <object_component id="oc-372">
         <name>.text</name>
         <load_address>0xa218</load_address>
         <run_address>0xa218</run_address>
         <size>0x3d</size>
         <input_file_ref idref="fl-51"/>
      </object_component>
      <object_component id="oc-1ab">
         <name>.text:FLASH_SPI_init</name>
         <load_address>0xa255</load_address>
         <run_address>0xa255</run_address>
         <size>0x3b</size>
         <input_file_ref idref="fl-2"/>
      </object_component>
      <object_component id="oc-49f">
         <name>.text</name>
         <load_address>0xa290</load_address>
         <run_address>0xa290</run_address>
         <size>0x3a</size>
         <input_file_ref idref="fl-58"/>
      </object_component>
      <object_component id="oc-4b1">
         <name>.text</name>
         <load_address>0xa2ca</load_address>
         <run_address>0xa2ca</run_address>
         <size>0x39</size>
         <input_file_ref idref="fl-5c"/>
      </object_component>
      <object_component id="oc-4ab">
         <name>.text</name>
         <load_address>0xa303</load_address>
         <run_address>0xa303</run_address>
         <size>0x38</size>
         <input_file_ref idref="fl-59"/>
      </object_component>
      <object_component id="oc-346">
         <name>.text:GPIO_setControllerCore</name>
         <load_address>0xa33b</load_address>
         <run_address>0xa33b</run_address>
         <size>0x37</size>
         <input_file_ref idref="fl-10"/>
      </object_component>
      <object_component id="oc-23e">
         <name>.text:GPIO_setPinConfig</name>
         <load_address>0xa372</load_address>
         <run_address>0xa372</run_address>
         <size>0x37</size>
         <input_file_ref idref="fl-10"/>
      </object_component>
      <object_component id="oc-24a">
         <name>.text:GPIO_setQualificationMode</name>
         <load_address>0xa3a9</load_address>
         <run_address>0xa3a9</run_address>
         <size>0x37</size>
         <input_file_ref idref="fl-10"/>
      </object_component>
      <object_component id="oc-279">
         <name>.text:Interrupt_enable</name>
         <load_address>0xa3e0</load_address>
         <run_address>0xa3e0</run_address>
         <size>0x37</size>
         <input_file_ref idref="fl-11"/>
      </object_component>
      <object_component id="oc-127">
         <name>.text</name>
         <load_address>0xa417</load_address>
         <run_address>0xa417</run_address>
         <size>0x34</size>
         <input_file_ref idref="fl-20"/>
      </object_component>
      <object_component id="oc-517">
         <name>.text</name>
         <load_address>0xa44b</load_address>
         <run_address>0xa44b</run_address>
         <size>0x33</size>
         <input_file_ref idref="fl-66"/>
      </object_component>
      <object_component id="oc-12d">
         <name>.text</name>
         <load_address>0xa47e</load_address>
         <run_address>0xa47e</run_address>
         <size>0x32</size>
         <input_file_ref idref="fl-22"/>
      </object_component>
      <object_component id="oc-340">
         <name>.text:GPIO_setDirectionMode</name>
         <load_address>0xa4b0</load_address>
         <run_address>0xa4b0</run_address>
         <size>0x31</size>
         <input_file_ref idref="fl-10"/>
      </object_component>
      <object_component id="oc-3a4">
         <name>.text</name>
         <load_address>0xa4e1</load_address>
         <run_address>0xa4e1</run_address>
         <size>0x31</size>
         <input_file_ref idref="fl-3f"/>
      </object_component>
      <object_component id="oc-19">
         <name>.text:decompress:lzss</name>
         <load_address>0xa512</load_address>
         <run_address>0xa512</run_address>
         <size>0x30</size>
         <input_file_ref idref="fl-3a"/>
      </object_component>
      <object_component id="oc-451">
         <name>.text</name>
         <load_address>0xa542</load_address>
         <run_address>0xa542</run_address>
         <size>0x30</size>
         <input_file_ref idref="fl-3d"/>
      </object_component>
      <object_component id="oc-13f">
         <name>.text:w25qxx_write</name>
         <load_address>0xa572</load_address>
         <run_address>0xa572</run_address>
         <size>0x2f</size>
         <input_file_ref idref="fl-5"/>
      </object_component>
      <object_component id="oc-438">
         <name>.text</name>
         <load_address>0xa5a1</load_address>
         <run_address>0xa5a1</run_address>
         <size>0x2a</size>
         <input_file_ref idref="fl-28"/>
      </object_component>
      <object_component id="oc-4e5">
         <name>.text</name>
         <load_address>0xa5cb</load_address>
         <run_address>0xa5cb</run_address>
         <size>0x2a</size>
         <input_file_ref idref="fl-53"/>
      </object_component>
      <object_component id="oc-9d">
         <name>.text</name>
         <load_address>0xa5f5</load_address>
         <run_address>0xa5f5</run_address>
         <size>0x29</size>
         <input_file_ref idref="fl-3b"/>
      </object_component>
      <object_component id="oc-4a5">
         <name>.text</name>
         <load_address>0xa61e</load_address>
         <run_address>0xa61e</run_address>
         <size>0x29</size>
         <input_file_ref idref="fl-56"/>
      </object_component>
      <object_component id="oc-199">
         <name>.text:myCPUTIMER0_init</name>
         <load_address>0xa647</load_address>
         <run_address>0xa647</run_address>
         <size>0x27</size>
         <input_file_ref idref="fl-2"/>
      </object_component>
      <object_component id="oc-2d8">
         <name>.text:SysCtl_selectXTALSingleEnded</name>
         <load_address>0xa66e</load_address>
         <run_address>0xa66e</run_address>
         <size>0x25</size>
         <input_file_ref idref="fl-14"/>
      </object_component>
      <object_component id="oc-31b">
         <name>.text:DCC_enableSingleShotMode</name>
         <load_address>0xa693</load_address>
         <run_address>0xa693</run_address>
         <size>0x24</size>
         <input_file_ref idref="fl-14"/>
      </object_component>
      <object_component id="oc-4bd">
         <name>.text</name>
         <load_address>0xa6b7</load_address>
         <run_address>0xa6b7</run_address>
         <size>0x24</size>
         <input_file_ref idref="fl-5b"/>
      </object_component>
      <object_component id="oc-4fc">
         <name>.text</name>
         <load_address>0xa6db</load_address>
         <run_address>0xa6db</run_address>
         <size>0x24</size>
         <input_file_ref idref="fl-60"/>
      </object_component>
      <object_component id="oc-145">
         <name>.text:w25qxx_read</name>
         <load_address>0xa6ff</load_address>
         <run_address>0xa6ff</run_address>
         <size>0x23</size>
         <input_file_ref idref="fl-5"/>
      </object_component>
      <object_component id="oc-461">
         <name>.text</name>
         <load_address>0xa722</load_address>
         <run_address>0xa722</run_address>
         <size>0x21</size>
         <input_file_ref idref="fl-2c"/>
      </object_component>
      <object_component id="oc-1f7">
         <name>.text:w25qxx_erase_sector</name>
         <load_address>0xa743</load_address>
         <run_address>0xa743</run_address>
         <size>0x21</size>
         <input_file_ref idref="fl-5"/>
      </object_component>
      <object_component id="oc-1e3">
         <name>.text:SCI_isFIFOEnabled</name>
         <load_address>0xa764</load_address>
         <run_address>0xa764</run_address>
         <size>0x20</size>
         <input_file_ref idref="fl-12"/>
      </object_component>
      <object_component id="oc-44c">
         <name>.text</name>
         <load_address>0xa784</load_address>
         <run_address>0xa784</run_address>
         <size>0x1f</size>
         <input_file_ref idref="fl-2d"/>
      </object_component>
      <object_component id="oc-309">
         <name>.text:DCC_setCounter0ClkSource</name>
         <load_address>0xa7a3</load_address>
         <run_address>0xa7a3</run_address>
         <size>0x1e</size>
         <input_file_ref idref="fl-14"/>
      </object_component>
      <object_component id="oc-30f">
         <name>.text:DCC_setCounter1ClkSource</name>
         <load_address>0xa7c1</load_address>
         <run_address>0xa7c1</run_address>
         <size>0x1e</size>
         <input_file_ref idref="fl-14"/>
      </object_component>
      <object_component id="oc-2e">
         <name>.text:Interrupt_initVectorTable</name>
         <load_address>0xa7df</load_address>
         <run_address>0xa7df</run_address>
         <size>0x1e</size>
         <input_file_ref idref="fl-11"/>
      </object_component>
      <object_component id="oc-171">
         <name>.text:__error__</name>
         <load_address>0xa7fd</load_address>
         <run_address>0xa7fd</run_address>
         <size>0x3</size>
         <input_file_ref idref="fl-6"/>
      </object_component>
      <object_component id="oc-5db">
         <name>.cinit..data.load</name>
         <load_address>0x12c</load_address>
         <run_address>0x12c</run_address>
         <size>0x1b</size>
      </object_component>
      <object_component id="oc-5d8">
         <name>__TI_handler_table</name>
         <load_address>0x148</load_address>
         <run_address>0x148</run_address>
         <size>0x6</size>
      </object_component>
      <object_component id="oc-5da">
         <name>.cinit..bss.load</name>
         <load_address>0x14e</load_address>
         <run_address>0x14e</run_address>
         <size>0x4</size>
      </object_component>
      <object_component id="oc-5d9">
         <name>__TI_cinit_table</name>
         <load_address>0x152</load_address>
         <run_address>0x152</run_address>
         <size>0x8</size>
      </object_component>
      <object_component id="oc-43">
         <name>.stack</name>
         <uninitialized>true</uninitialized>
         <run_address>0x400</run_address>
         <size>0x0</size>
         <input_file_ref idref="fl-27"/>
      </object_component>
      <object_component id="oc-5dc">
         <name>.stack</name>
         <uninitialized>true</uninitialized>
         <run_address>0x400</run_address>
         <size>0x0</size>
      </object_component>
      <object_component id="oc-51d">
         <name>.bss:__TI_tmpnams</name>
         <uninitialized>true</uninitialized>
         <run_address>0xad56</run_address>
         <size>0xa0</size>
         <input_file_ref idref="fl-41"/>
      </object_component>
      <object_component id="oc-486">
         <name>.bss</name>
         <uninitialized>true</uninitialized>
         <run_address>0xadfe</run_address>
         <size>0x2</size>
         <input_file_ref idref="fl-44"/>
      </object_component>
      <object_component id="oc-52b">
         <name>.bss:parmbuf</name>
         <uninitialized>true</uninitialized>
         <run_address>0xadf6</run_address>
         <size>0x8</size>
         <input_file_ref idref="fl-58"/>
      </object_component>
      <object_component id="oc-575">
         <name>.bss:_CIOBUF_</name>
         <uninitialized>true</uninitialized>
         <run_address>0xac36</run_address>
         <size>0x120</size>
         <input_file_ref idref="fl-5d"/>
      </object_component>
      <object_component id="oc-42a">
         <name>.const:.string:_ctypes_</name>
         <load_address>0xa800</load_address>
         <run_address>0xa800</run_address>
         <size>0x101</size>
         <input_file_ref idref="fl-40"/>
      </object_component>
      <object_component id="oc-218">
         <name>.const:.string</name>
         <load_address>0xa902</load_address>
         <run_address>0xa902</run_address>
         <size>0x9a</size>
         <input_file_ref idref="fl-14"/>
      </object_component>
      <object_component id="oc-237">
         <name>.const:.string</name>
         <load_address>0xa99c</load_address>
         <run_address>0xa99c</run_address>
         <size>0x98</size>
         <input_file_ref idref="fl-10"/>
      </object_component>
      <object_component id="oc-1e2">
         <name>.const:.string</name>
         <load_address>0xaa34</load_address>
         <run_address>0xaa34</run_address>
         <size>0x97</size>
         <input_file_ref idref="fl-12"/>
      </object_component>
      <object_component id="oc-368">
         <name>.const:.string</name>
         <load_address>0xaacc</load_address>
         <run_address>0xaacc</run_address>
         <size>0x97</size>
         <input_file_ref idref="fl-13"/>
      </object_component>
      <object_component id="oc-33d">
         <name>.const:.string</name>
         <load_address>0xab64</load_address>
         <run_address>0xab64</run_address>
         <size>0x50</size>
         <input_file_ref idref="fl-e"/>
      </object_component>
      <object_component id="oc-395">
         <name>.const:.string</name>
         <load_address>0xabb4</load_address>
         <run_address>0xabb4</run_address>
         <size>0x26</size>
         <input_file_ref idref="fl-21"/>
      </object_component>
      <object_component id="oc-437">
         <name>.const</name>
         <load_address>0xabda</load_address>
         <run_address>0xabda</run_address>
         <size>0x1c</size>
         <input_file_ref idref="fl-21"/>
      </object_component>
      <object_component id="oc-4f4">
         <name>.const</name>
         <load_address>0xabf6</load_address>
         <run_address>0xabf6</run_address>
         <size>0x8</size>
         <input_file_ref idref="fl-4c"/>
      </object_component>
      <object_component id="oc-2a4">
         <name>.const:.string</name>
         <load_address>0xabfe</load_address>
         <run_address>0xabfe</run_address>
         <size>0x2</size>
         <input_file_ref idref="fl-24"/>
      </object_component>
      <object_component id="oc-4f9">
         <name>.const</name>
         <load_address>0xac00</load_address>
         <run_address>0xac00</run_address>
         <size>0x1c</size>
         <input_file_ref idref="fl-4d"/>
      </object_component>
      <object_component id="oc-126">
         <name>.const:.string</name>
         <load_address>0xac1c</load_address>
         <run_address>0xac1c</run_address>
         <size>0x19</size>
         <input_file_ref idref="fl-4"/>
      </object_component>
      <object_component id="oc-e1">
         <name>.data</name>
         <load_address>0xafe8</load_address>
         <run_address>0xafe8</run_address>
         <size>0x6</size>
         <input_file_ref idref="fl-3b"/>
      </object_component>
      <object_component id="oc-e4">
         <name>.data:_lock</name>
         <load_address>0xafee</load_address>
         <run_address>0xafee</run_address>
         <size>0x2</size>
         <input_file_ref idref="fl-3c"/>
      </object_component>
      <object_component id="oc-1d3">
         <name>.data:_unlock</name>
         <load_address>0xaff0</load_address>
         <run_address>0xaff0</run_address>
         <size>0x2</size>
         <input_file_ref idref="fl-3c"/>
      </object_component>
      <object_component id="oc-380">
         <name>.data</name>
         <load_address>0xaff2</load_address>
         <run_address>0xaff2</run_address>
         <size>0x1</size>
         <input_file_ref idref="fl-41"/>
      </object_component>
      <object_component id="oc-1cf">
         <name>.data:_ftable</name>
         <load_address>0xaf00</load_address>
         <run_address>0xaf00</run_address>
         <size>0x78</size>
         <input_file_ref idref="fl-41"/>
      </object_component>
      <object_component id="oc-489">
         <name>.data</name>
         <load_address>0xaff5</load_address>
         <run_address>0xaff5</run_address>
         <size>0x1</size>
         <input_file_ref idref="fl-44"/>
      </object_component>
      <object_component id="oc-385">
         <name>.data:_stream</name>
         <load_address>0xafc0</load_address>
         <run_address>0xafc0</run_address>
         <size>0x28</size>
         <input_file_ref idref="fl-4a"/>
      </object_component>
      <object_component id="oc-417">
         <name>.data:_device</name>
         <load_address>0xaf78</load_address>
         <run_address>0xaf78</run_address>
         <size>0x48</size>
         <input_file_ref idref="fl-4a"/>
      </object_component>
      <object_component id="oc-3bf">
         <name>.data</name>
         <load_address>0xaff3</load_address>
         <run_address>0xaff3</run_address>
         <size>0x1</size>
         <input_file_ref idref="fl-4b"/>
      </object_component>
      <object_component id="oc-499">
         <name>.data</name>
         <load_address>0xaff4</load_address>
         <run_address>0xaff4</run_address>
         <size>0x1</size>
         <input_file_ref idref="fl-50"/>
      </object_component>
      <object_component id="oc-50e">
         <name>.data</name>
         <load_address>0xaff6</load_address>
         <run_address>0xaff6</run_address>
         <size>0x1</size>
         <input_file_ref idref="fl-5e"/>
      </object_component>
      <object_component id="oc-44">
         <name>.sysmem</name>
         <uninitialized>true</uninitialized>
         <run_address>0xae00</run_address>
         <size>0x4</size>
         <input_file_ref idref="fl-44"/>
      </object_component>
      <object_component id="oc-5dd">
         <name>.sysmem</name>
         <uninitialized>true</uninitialized>
         <run_address>0xae00</run_address>
         <size>0x0</size>
      </object_component>
      <object_component id="oc-1b8">
         <name>.debug_types</name>
         <load_address>0x0</load_address>
         <run_address>0x0</run_address>
         <size>0xd3d</size>
         <input_file_ref idref="fl-2"/>
      </object_component>
      <object_component id="oc-1ba">
         <name>.debug_types</name>
         <load_address>0x0</load_address>
         <run_address>0x0</run_address>
         <size>0x0</size>
         <input_file_ref idref="fl-3"/>
      </object_component>
      <object_component id="oc-14c">
         <name>.debug_types</name>
         <load_address>0xd3d</load_address>
         <run_address>0xd3d</run_address>
         <size>0x235</size>
         <input_file_ref idref="fl-4"/>
      </object_component>
      <object_component id="oc-1c2">
         <name>.debug_types</name>
         <load_address>0xf72</load_address>
         <run_address>0xf72</run_address>
         <size>0x5e</size>
         <input_file_ref idref="fl-5"/>
      </object_component>
      <object_component id="oc-18a">
         <name>.debug_types</name>
         <load_address>0xfd0</load_address>
         <run_address>0xfd0</run_address>
         <size>0xc88</size>
         <input_file_ref idref="fl-6"/>
      </object_component>
      <object_component id="oc-33f">
         <name>.debug_types</name>
         <load_address>0x0</load_address>
         <run_address>0x0</run_address>
         <size>0x0</size>
         <input_file_ref idref="fl-e"/>
      </object_component>
      <object_component id="oc-239">
         <name>.debug_types</name>
         <load_address>0x1c58</load_address>
         <run_address>0x1c58</run_address>
         <size>0x2b9</size>
         <input_file_ref idref="fl-10"/>
      </object_component>
      <object_component id="oc-64">
         <name>.debug_types</name>
         <load_address>0x0</load_address>
         <run_address>0x0</run_address>
         <size>0x0</size>
         <input_file_ref idref="fl-11"/>
      </object_component>
      <object_component id="oc-1f6">
         <name>.debug_types</name>
         <load_address>0x1f11</load_address>
         <run_address>0x1f11</run_address>
         <size>0x5a</size>
         <input_file_ref idref="fl-12"/>
      </object_component>
      <object_component id="oc-36a">
         <name>.debug_types</name>
         <load_address>0x1f6b</load_address>
         <run_address>0x1f6b</run_address>
         <size>0x510</size>
         <input_file_ref idref="fl-13"/>
      </object_component>
      <object_component id="oc-232">
         <name>.debug_types</name>
         <load_address>0x247b</load_address>
         <run_address>0x247b</run_address>
         <size>0x768</size>
         <input_file_ref idref="fl-14"/>
      </object_component>
      <object_component id="oc-1d7">
         <name>.debug_types</name>
         <load_address>0x2be3</load_address>
         <run_address>0x2be3</run_address>
         <size>0x3be</size>
         <input_file_ref idref="fl-20"/>
      </object_component>
      <object_component id="oc-3a3">
         <name>.debug_types</name>
         <load_address>0x2fa1</load_address>
         <run_address>0x2fa1</run_address>
         <size>0xa63</size>
         <input_file_ref idref="fl-21"/>
      </object_component>
      <object_component id="oc-1d9">
         <name>.debug_types</name>
         <load_address>0x0</load_address>
         <run_address>0x0</run_address>
         <size>0x0</size>
         <input_file_ref idref="fl-22"/>
      </object_component>
      <object_component id="oc-29d">
         <name>.debug_types</name>
         <load_address>0x3a04</load_address>
         <run_address>0x3a04</run_address>
         <size>0x2f</size>
         <input_file_ref idref="fl-23"/>
      </object_component>
      <object_component id="oc-2a6">
         <name>.debug_types</name>
         <load_address>0x3a33</load_address>
         <run_address>0x3a33</run_address>
         <size>0x68</size>
         <input_file_ref idref="fl-24"/>
      </object_component>
      <object_component id="oc-37f">
         <name>.debug_types</name>
         <load_address>0x0</load_address>
         <run_address>0x0</run_address>
         <size>0x0</size>
         <input_file_ref idref="fl-25"/>
      </object_component>
      <object_component id="oc-40e">
         <name>.debug_types</name>
         <load_address>0x0</load_address>
         <run_address>0x0</run_address>
         <size>0x0</size>
         <input_file_ref idref="fl-26"/>
      </object_component>
      <object_component id="oc-6f">
         <name>.debug_types</name>
         <load_address>0x3a9b</load_address>
         <run_address>0x3a9b</run_address>
         <size>0x2f</size>
         <input_file_ref idref="fl-35"/>
      </object_component>
      <object_component id="oc-a8">
         <name>.debug_types</name>
         <load_address>0x0</load_address>
         <run_address>0x0</run_address>
         <size>0x0</size>
         <input_file_ref idref="fl-36"/>
      </object_component>
      <object_component id="oc-f3">
         <name>.debug_types</name>
         <load_address>0x3aca</load_address>
         <run_address>0x3aca</run_address>
         <size>0x441</size>
         <input_file_ref idref="fl-37"/>
      </object_component>
      <object_component id="oc-74">
         <name>.debug_types</name>
         <load_address>0x3f0b</load_address>
         <run_address>0x3f0b</run_address>
         <size>0x169</size>
         <input_file_ref idref="fl-38"/>
      </object_component>
      <object_component id="oc-50">
         <name>.debug_types</name>
         <load_address>0x0</load_address>
         <run_address>0x0</run_address>
         <size>0x0</size>
         <input_file_ref idref="fl-39"/>
      </object_component>
      <object_component id="oc-48">
         <name>.debug_types</name>
         <load_address>0x4074</load_address>
         <run_address>0x4074</run_address>
         <size>0x191</size>
         <input_file_ref idref="fl-3a"/>
      </object_component>
      <object_component id="oc-e8">
         <name>.debug_types</name>
         <load_address>0x4205</load_address>
         <run_address>0x4205</run_address>
         <size>0x90</size>
         <input_file_ref idref="fl-3b"/>
      </object_component>
      <object_component id="oc-15a">
         <name>.debug_types</name>
         <load_address>0x4295</load_address>
         <run_address>0x4295</run_address>
         <size>0x2f</size>
         <input_file_ref idref="fl-3c"/>
      </object_component>
      <object_component id="oc-4eb">
         <name>.debug_types</name>
         <load_address>0x42c4</load_address>
         <run_address>0x42c4</run_address>
         <size>0x61</size>
         <input_file_ref idref="fl-3d"/>
      </object_component>
      <object_component id="oc-e0">
         <name>.debug_types</name>
         <load_address>0x4325</load_address>
         <run_address>0x4325</run_address>
         <size>0xb6</size>
         <input_file_ref idref="fl-3e"/>
      </object_component>
      <object_component id="oc-42e">
         <name>.debug_types</name>
         <load_address>0x43db</load_address>
         <run_address>0x43db</run_address>
         <size>0x34</size>
         <input_file_ref idref="fl-3f"/>
      </object_component>
      <object_component id="oc-4d6">
         <name>.debug_types</name>
         <load_address>0x0</load_address>
         <run_address>0x0</run_address>
         <size>0x0</size>
         <input_file_ref idref="fl-40"/>
      </object_component>
      <object_component id="oc-2a9">
         <name>.debug_types</name>
         <load_address>0x440f</load_address>
         <run_address>0x440f</run_address>
         <size>0x66</size>
         <input_file_ref idref="fl-41"/>
      </object_component>
      <object_component id="oc-426">
         <name>.debug_types</name>
         <load_address>0x0</load_address>
         <run_address>0x0</run_address>
         <size>0x0</size>
         <input_file_ref idref="fl-42"/>
      </object_component>
      <object_component id="oc-38e">
         <name>.debug_types</name>
         <load_address>0x0</load_address>
         <run_address>0x0</run_address>
         <size>0x0</size>
         <input_file_ref idref="fl-43"/>
      </object_component>
      <object_component id="oc-6a">
         <name>.debug_types</name>
         <load_address>0x4475</load_address>
         <run_address>0x4475</run_address>
         <size>0x23d</size>
         <input_file_ref idref="fl-44"/>
      </object_component>
      <object_component id="oc-8f">
         <name>.debug_types</name>
         <load_address>0x0</load_address>
         <run_address>0x0</run_address>
         <size>0x0</size>
         <input_file_ref idref="fl-45"/>
      </object_component>
      <object_component id="oc-506">
         <name>.debug_types</name>
         <load_address>0x0</load_address>
         <run_address>0x0</run_address>
         <size>0x0</size>
         <input_file_ref idref="fl-46"/>
      </object_component>
      <object_component id="oc-424">
         <name>.debug_types</name>
         <load_address>0x46b2</load_address>
         <run_address>0x46b2</run_address>
         <size>0x34</size>
         <input_file_ref idref="fl-47"/>
      </object_component>
      <object_component id="oc-1db">
         <name>.debug_types</name>
         <load_address>0x0</load_address>
         <run_address>0x0</run_address>
         <size>0x0</size>
         <input_file_ref idref="fl-48"/>
      </object_component>
      <object_component id="oc-389">
         <name>.debug_types</name>
         <load_address>0x46e6</load_address>
         <run_address>0x46e6</run_address>
         <size>0x575</size>
         <input_file_ref idref="fl-49"/>
      </object_component>
      <object_component id="oc-41c">
         <name>.debug_types</name>
         <load_address>0x4c5b</load_address>
         <run_address>0x4c5b</run_address>
         <size>0x32</size>
         <input_file_ref idref="fl-4a"/>
      </object_component>
      <object_component id="oc-436">
         <name>.debug_types</name>
         <load_address>0x0</load_address>
         <run_address>0x0</run_address>
         <size>0x0</size>
         <input_file_ref idref="fl-4b"/>
      </object_component>
      <object_component id="oc-4f8">
         <name>.debug_types</name>
         <load_address>0x4c8d</load_address>
         <run_address>0x4c8d</run_address>
         <size>0x9b</size>
         <input_file_ref idref="fl-4c"/>
      </object_component>
      <object_component id="oc-503">
         <name>.debug_types</name>
         <load_address>0x0</load_address>
         <run_address>0x0</run_address>
         <size>0x0</size>
         <input_file_ref idref="fl-4d"/>
      </object_component>
      <object_component id="oc-433">
         <name>.debug_types</name>
         <load_address>0x4d28</load_address>
         <run_address>0x4d28</run_address>
         <size>0x160</size>
         <input_file_ref idref="fl-4e"/>
      </object_component>
      <object_component id="oc-384">
         <name>.debug_types</name>
         <load_address>0x0</load_address>
         <run_address>0x0</run_address>
         <size>0x0</size>
[...]
      </symbol>
      <symbol id="sm-387">
         <name>SysCtl_getClock</name>
         <value>0x9c32</value>
         <object_component_ref idref="oc-16b"/>
      </symbol>
      <symbol id="sm-398">
         <name>printf</name>
         <value>0xa41d</value>
         <object_component_ref idref="oc-127"/>
      </symbol>
      <symbol id="sm-500">
         <name>__TI_printfi</name>
         <value>0x8c8f</value>
         <object_component_ref idref="oc-2b6"/>
      </symbol>
      <symbol id="sm-50f">
         <name>sprintf</name>
         <value>0xa47e</value>
         <object_component_ref idref="oc-12d"/>
      </symbol>
      <symbol id="sm-523">
         <name>putc</name>
         <value>0x9e70</value>
         <object_component_ref idref="oc-1c3"/>
      </symbol>
      <symbol id="sm-524">
         <name>fputc</name>
         <value>0x9e70</value>
         <object_component_ref idref="oc-1c3"/>
      </symbol>
      <symbol id="sm-525">
         <name>putchar</name>
         <value>0x9ebe</value>
         <object_component_ref idref="oc-1c3"/>
      </symbol>
      <symbol id="sm-542">
         <name>puts</name>
         <value>0x9605</value>
         <object_component_ref idref="oc-1c9"/>
      </symbol>
      <symbol id="sm-543">
         <name>fputs</name>
         <value>0x9570</value>
         <object_component_ref idref="oc-1c9"/>
      </symbol>
      <symbol id="sm-55b">
         <name>__TI_wrt_ok</name>
         <value>0x9c97</value>
         <object_component_ref idref="oc-28a"/>
      </symbol>
      <symbol id="sm-55c">
         <name>__TI_rd_ok</name>
         <value>0x9cd1</value>
         <object_component_ref idref="oc-28a"/>
      </symbol>
      <symbol id="sm-574">
         <name>setvbuf</name>
         <value>0x990b</value>
         <object_component_ref idref="oc-378"/>
      </symbol>
      <symbol id="sm-57e">
         <name>_c_int00</name>
         <value>0x180</value>
         <object_component_ref idref="oc-7c"/>
      </symbol>
      <symbol id="sm-57f">
         <name>__stack</name>
         <value>0x400</value>
         <object_component_ref idref="oc-43"/>
      </symbol>
      <symbol id="sm-58b">
         <name>__c28xabi_cmpd</name>
         <value>0xa5a1</value>
         <object_component_ref idref="oc-438"/>
      </symbol>
      <symbol id="sm-599">
         <name>__c28xabi_mpyd</name>
         <value>0x9888</value>
         <object_component_ref idref="oc-447"/>
      </symbol>
      <symbol id="sm-5a2">
         <name>__c28xabi_negd</name>
         <value>0x3d7</value>
         <object_component_ref idref="oc-43d"/>
      </symbol>
      <symbol id="sm-5aa">
         <name>__c28xabi_subd</name>
         <value>0x31d</value>
         <object_component_ref idref="oc-45c"/>
      </symbol>
      <symbol id="sm-5b5">
         <name>__c28xabi_dtoi</name>
         <value>0xa722</value>
         <object_component_ref idref="oc-461"/>
      </symbol>
      <symbol id="sm-5c0">
         <name>__c28xabi_dtol</name>
         <value>0xa784</value>
         <object_component_ref idref="oc-44c"/>
      </symbol>
      <symbol id="sm-5cd">
         <name>__c28xabi_divf</name>
         <value>0x9800</value>
         <object_component_ref idref="oc-2e0"/>
      </symbol>
      <symbol id="sm-5d5">
         <name>__c28xabi_orll</name>
         <value>0x12a</value>
         <object_component_ref idref="oc-3b4"/>
      </symbol>
      <symbol id="sm-5d6">
         <name>__c28xabi_xorll</name>
         <value>0x132</value>
         <object_component_ref idref="oc-3b4"/>
      </symbol>
      <symbol id="sm-5d7">
         <name>__c28xabi_andll</name>
         <value>0x122</value>
         <object_component_ref idref="oc-3b4"/>
      </symbol>
      <symbol id="sm-5e1">
         <name>__c28xabi_cmpll</name>
         <value>0x0</value>
         <object_component_ref idref="oc-3aa"/>
      </symbol>
      <symbol id="sm-5e2">
         <name>__c28xabi_cmpull</name>
         <value>0x12</value>
         <object_component_ref idref="oc-3aa"/>
      </symbol>
      <symbol id="sm-609">
         <name>__c28xabi_modull</name>
         <value>0x933d</value>
         <object_component_ref idref="oc-3af"/>
      </symbol>
      <symbol id="sm-60a">
         <name>__c28xabi_divull</name>
         <value>0x930e</value>
         <object_component_ref idref="oc-3af"/>
      </symbol>
      <symbol id="sm-60b">
         <name>__c28xabi_divll</name>
         <value>0x9298</value>
         <object_component_ref idref="oc-3af"/>
      </symbol>
      <symbol id="sm-60c">
         <name>__c28xabi_modll</name>
         <value>0x92d4</value>
         <object_component_ref idref="oc-3af"/>
      </symbol>
      <symbol id="sm-618">
         <name>__c28xabi_itod</name>
         <value>0x1e</value>
         <object_component_ref idref="oc-472"/>
      </symbol>
      <symbol id="sm-624">
         <name>__c28xabi_ltod</name>
         <value>0x58</value>
         <object_component_ref idref="oc-457"/>
      </symbol>
      <symbol id="sm-637">
         <name>__c28xabi_divd</name>
         <value>0x9749</value>
         <object_component_ref idref="oc-442"/>
      </symbol>
      <symbol id="sm-649">
         <name>memcpy</name>
         <value>0x3b</value>
         <object_component_ref idref="oc-49"/>
      </symbol>
      <symbol id="sm-656">
         <name>_system_pre_init</name>
         <value>0x9ffe</value>
         <object_component_ref idref="oc-90"/>
      </symbol>
      <symbol id="sm-665">
         <name>__TI_auto_init_nobinit_nopinit</name>
         <value>0x97d4</value>
         <object_component_ref idref="oc-a9"/>
      </symbol>
      <symbol id="sm-674">
         <name>__TI_zero_init_nomemset</name>
         <value>0x345</value>
         <object_component_ref idref="oc-51"/>
      </symbol>
      <symbol id="sm-681">
         <name>__TI_decompress_none</name>
         <value>0x3e0</value>
         <object_component_ref idref="oc-1f"/>
      </symbol>
      <symbol id="sm-695">
         <name>__TI_decompress_lzss</name>
         <value>0xa512</value>
         <object_component_ref idref="oc-19"/>
      </symbol>
      <symbol id="sm-6ab">
         <name>C$$EXIT</name>
         <value>0xa5f5</value>
         <object_component_ref idref="oc-9d"/>
      </symbol>
      <symbol id="sm-6ac">
         <name>abort</name>
         <value>0xa5f5</value>
         <object_component_ref idref="oc-9d"/>
      </symbol>
      <symbol id="sm-6ad">
         <name>exit</name>
         <value>0xa5f7</value>
         <object_component_ref idref="oc-9d"/>
      </symbol>
      <symbol id="sm-6ae">
         <name>__TI_dtors_ptr</name>
         <value>0xafec</value>
         <object_component_ref idref="oc-e1"/>
      </symbol>
      <symbol id="sm-6af">
         <name>__TI_cleanup_ptr</name>
         <value>0xafea</value>
         <object_component_ref idref="oc-e1"/>
      </symbol>
      <symbol id="sm-6b0">
         <name>__TI_enable_exit_profile_output</name>
         <value>0xafe8</value>
         <object_component_ref idref="oc-e1"/>
      </symbol>
      <symbol id="sm-6c7">
         <name>_nop</name>
         <value>0x3d6</value>
         <object_component_ref idref="oc-152"/>
      </symbol>
      <symbol id="sm-6c8">
         <name>_lock</name>
         <value>0xafee</value>
         <object_component_ref idref="oc-e4"/>
      </symbol>
      <symbol id="sm-6c9">
         <name>_unlock</name>
         <value>0xaff0</value>
         <object_component_ref idref="oc-1d3"/>
      </symbol>
      <symbol id="sm-6ca">
         <name>_register_lock</name>
         <value>0x3d2</value>
         <object_component_ref idref="oc-152"/>
      </symbol>
      <symbol id="sm-6cb">
         <name>_register_unlock</name>
         <value>0x3ce</value>
         <object_component_ref idref="oc-152"/>
      </symbol>
      <symbol id="sm-6da">
         <name>__TI_ltoa</name>
         <value>0xa542</value>
         <object_component_ref idref="oc-451"/>
      </symbol>
      <symbol id="sm-6e9">
         <name>_args_main</name>
         <value>0x36b</value>
         <object_component_ref idref="oc-97"/>
      </symbol>
      <symbol id="sm-6fe">
         <name>atoi</name>
         <value>0xa4e1</value>
         <object_component_ref idref="oc-3a4"/>
      </symbol>
      <symbol id="sm-709">
         <name>_ctypes_</name>
         <value>0xa800</value>
         <object_component_ref idref="oc-42a"/>
      </symbol>
      <symbol id="sm-71e">
         <name>__TI_tmpnams</name>
         <value>0xad56</value>
         <object_component_ref idref="oc-51d"/>
      </symbol>
      <symbol id="sm-71f">
         <name>_ftable</name>
         <value>0xaf00</value>
         <object_component_ref idref="oc-1cf"/>
      </symbol>
      <symbol id="sm-720">
         <name>__TI_ft_end</name>
         <value>0xaff2</value>
         <object_component_ref idref="oc-380"/>
      </symbol>
      <symbol id="sm-730">
         <name>memccpy</name>
         <value>0x2fe</value>
         <object_component_ref idref="oc-39c"/>
      </symbol>
      <symbol id="sm-740">
         <name>memchr</name>
         <value>0x352</value>
         <object_component_ref idref="oc-29e"/>
      </symbol>
      <symbol id="sm-7a7">
         <name>_sys_memory</name>
         <value>0xae00</value>
         <object_component_ref idref="oc-44"/>
      </symbol>
      <symbol id="sm-7a8">
         <name>free</name>
         <value>0x902b</value>
         <object_component_ref idref="oc-401"/>
      </symbol>
      <symbol id="sm-7a9">
         <name>__TI_heap_total_available</name>
         <value>0x9258</value>
         <object_component_ref idref="oc-401"/>
      </symbol>
      <symbol id="sm-7aa">
         <name>__TI_heap_largest_available</name>
         <value>0x9277</value>
         <object_component_ref idref="oc-401"/>
      </symbol>
      <symbol id="sm-7ab">
         <name>realloc</name>
         <value>0x90f5</value>
         <object_component_ref idref="oc-401"/>
      </symbol>
      <symbol id="sm-7ac">
         <name>memalign</name>
         <value>0x91aa</value>
         <object_component_ref idref="oc-401"/>
      </symbol>
      <symbol id="sm-7ad">
         <name>calloc</name>
         <value>0x917d</value>
         <object_component_ref idref="oc-401"/>
      </symbol>
      <symbol id="sm-7ae">
         <name>malloc</name>
         <value>0x9000</value>
         <object_component_ref idref="oc-401"/>
      </symbol>
      <symbol id="sm-7af">
         <name>__TI_heap_check</name>
         <value>0x9296</value>
         <object_component_ref idref="oc-401"/>
      </symbol>
      <symbol id="sm-7b0">
         <name>aligned_alloc</name>
         <value>0x91aa</value>
         <object_component_ref idref="oc-401"/>
      </symbol>
      <symbol id="sm-7b1">
         <name>minit</name>
         <value>0x9179</value>
         <object_component_ref idref="oc-401"/>
      </symbol>
      <symbol id="sm-7c0">
         <name>memset</name>
         <value>0x3ff</value>
         <object_component_ref idref="oc-75"/>
      </symbol>
      <symbol id="sm-7d0">
         <name>strchr</name>
         <value>0x377</value>
         <object_component_ref idref="oc-477"/>
      </symbol>
      <symbol id="sm-7de">
         <name>strcpy</name>
         <value>0x40b</value>
         <object_component_ref idref="oc-396"/>
      </symbol>
      <symbol id="sm-7ec">
         <name>strlen</name>
         <value>0x3f0</value>
         <object_component_ref idref="oc-133"/>
      </symbol>
      <symbol id="sm-7fa">
         <name>write</name>
         <value>0xd9</value>
         <object_component_ref idref="oc-296"/>
      </symbol>
      <symbol id="sm-80a">
         <name>_stream</name>
         <value>0xafc0</value>
         <object_component_ref idref="oc-385"/>
      </symbol>
      <symbol id="sm-80b">
         <name>_device</name>
         <value>0xaf78</value>
         <object_component_ref idref="oc-417"/>
      </symbol>
      <symbol id="sm-816">
         <name>errno</name>
         <value>0xaff3</value>
         <object_component_ref idref="oc-3bf"/>
      </symbol>
      <symbol id="sm-82d">
         <name>frexpl</name>
         <value>0x9e16</value>
         <object_component_ref idref="oc-466"/>
      </symbol>
      <symbol id="sm-82e">
         <name>frexp</name>
         <value>0x9e16</value>
         <object_component_ref idref="oc-466"/>
      </symbol>
      <symbol id="sm-850">
         <name>scalbn</name>
         <value>0x8f35</value>
         <object_component_ref idref="oc-46c"/>
      </symbol>
      <symbol id="sm-851">
         <name>scalbnl</name>
         <value>0x8f35</value>
         <object_component_ref idref="oc-46c"/>
      </symbol>
      <symbol id="sm-852">
         <name>ldexpl</name>
         <value>0x8f35</value>
         <object_component_ref idref="oc-46c"/>
      </symbol>
      <symbol id="sm-853">
         <name>ldexp</name>
         <value>0x8f35</value>
         <object_component_ref idref="oc-46c"/>
      </symbol>
      <symbol id="sm-862">
         <name>wcslen</name>
         <value>0x39a</value>
         <object_component_ref idref="oc-3b9"/>
      </symbol>
      <symbol id="sm-879">
         <name>__TI_doflush</name>
         <value>0x9ae4</value>
         <object_component_ref idref="oc-290"/>
      </symbol>
      <symbol id="sm-87a">
         <name>fflush</name>
         <value>0x9b13</value>
         <object_component_ref idref="oc-290"/>
      </symbol>
      <symbol id="sm-8b3">
         <name>__TI_cleanup</name>
         <value>0x8eb3</value>
         <object_component_ref idref="oc-407"/>
      </symbol>
      <symbol id="sm-8b4">
         <name>freopen</name>
         <value>0x8ed0</value>
         <object_component_ref idref="oc-407"/>
      </symbol>
      <symbol id="sm-8b5">
         <name>fopen</name>
         <value>0x8eee</value>
         <object_component_ref idref="oc-407"/>
      </symbol>
      <symbol id="sm-8c6">
         <name>fseeko</name>
         <value>0xa218</value>
         <object_component_ref idref="oc-372"/>
      </symbol>
      <symbol id="sm-8c7">
         <name>fseek</name>
         <value>0xa218</value>
         <object_component_ref idref="oc-372"/>
      </symbol>
      <symbol id="sm-8de">
         <name>__c28xabi_addd</name>
         <value>0x9618</value>
         <object_component_ref idref="oc-4ed"/>
      </symbol>
      <symbol id="sm-8e6">
         <name>__c28xabi_divul</name>
         <value>0xa5e8</value>
         <object_component_ref idref="oc-4e5"/>
      </symbol>
      <symbol id="sm-8e7">
         <name>__c28xabi_modul</name>
         <value>0xa5ef</value>
         <object_component_ref idref="oc-4e5"/>
      </symbol>
      <symbol id="sm-8e8">
         <name>__c28xabi_modl</name>
         <value>0xa5da</value>
         <object_component_ref idref="oc-4e5"/>
      </symbol>
      <symbol id="sm-8e9">
         <name>__c28xabi_divl</name>
         <value>0xa5cb</value>
         <object_component_ref idref="oc-4e5"/>
      </symbol>
      <symbol id="sm-8f7">
         <name>_system_post_cinit</name>
         <value>0x97ff</value>
         <object_component_ref idref="oc-ec"/>
      </symbol>
      <symbol id="sm-904">
         <name>HOSTclose</name>
         <value>0xa61e</value>
         <object_component_ref idref="oc-4a5"/>
      </symbol>
      <symbol id="sm-911">
         <name>HOSTlseek</name>
         <value>0x9cfc</value>
         <object_component_ref idref="oc-4b7"/>
      </symbol>
      <symbol id="sm-924">
         <name>parmbuf</name>
         <value>0xadf6</value>
         <object_component_ref idref="oc-52b"/>
      </symbol>
      <symbol id="sm-925">
         <name>HOSTopen</name>
         <value>0xa290</value>
         <object_component_ref idref="oc-49f"/>
      </symbol>
      <symbol id="sm-933">
         <name>HOSTread</name>
         <value>0xa303</value>
         <object_component_ref idref="oc-4ab"/>
      </symbol>
      <symbol id="sm-940">
         <name>HOSTrename</name>
         <value>0xa19d</value>
         <object_component_ref idref="oc-4c3"/>
      </symbol>
      <symbol id="sm-94d">
         <name>HOSTunlink</name>
         <value>0xa6b7</value>
         <object_component_ref idref="oc-4bd"/>
      </symbol>
      <symbol id="sm-95b">
         <name>HOSTwrite</name>
         <value>0xa2ca</value>
         <object_component_ref idref="oc-4b1"/>
      </symbol>
      <symbol id="sm-978">
         <name>__TI_readmsg</name>
         <value>0x970c</value>
         <object_component_ref idref="oc-52e"/>
      </symbol>
      <symbol id="sm-979">
         <name>C$$IO$$</name>
         <value>0x9707</value>
         <object_component_ref idref="oc-52e"/>
      </symbol>
      <symbol id="sm-97a">
         <name>__CIOBUF_</name>
         <value>0xac36</value>
         <object_component_ref idref="oc-575"/>
      </symbol>
      <symbol id="sm-97b">
         <name>__TI_writemsg</name>
         <value>0x96b4</value>
         <object_component_ref idref="oc-52e"/>
      </symbol>
      <symbol id="sm-994">
         <name>open</name>
         <value>0x9b57</value>
         <object_component_ref idref="oc-48d"/>
      </symbol>
      <symbol id="sm-9a2">
         <name>lseek</name>
         <value>0x13a</value>
         <object_component_ref idref="oc-3f9"/>
      </symbol>
      <symbol id="sm-9b0">
         <name>copysign</name>
         <value>0xa6db</value>
         <object_component_ref idref="oc-4fc"/>
      </symbol>
      <symbol id="sm-9b1">
         <name>copysignl</name>
         <value>0xa6db</value>
         <object_component_ref idref="oc-4fc"/>
      </symbol>
      <symbol id="sm-9c3">
         <name>__TI_closefile</name>
         <value>0x9d5d</value>
         <object_component_ref idref="oc-493"/>
      </symbol>
      <symbol id="sm-9c4">
         <name>fclose</name>
         <value>0x9da1</value>
         <object_component_ref idref="oc-493"/>
      </symbol>
      <symbol id="sm-9d6">
         <name>finddevice</name>
         <value>0x9f67</value>
         <object_component_ref idref="oc-50f"/>
      </symbol>
      <symbol id="sm-9d7">
         <name>getdevice</name>
         <value>0x9f82</value>
         <object_component_ref idref="oc-50f"/>
      </symbol>
      <symbol id="sm-9e6">
         <name>strcmp</name>
         <value>0x3c4</value>
         <object_component_ref idref="oc-559"/>
      </symbol>
      <symbol id="sm-9f7">
         <name>strncpy</name>
         <value>0x217</value>
         <object_component_ref idref="oc-55f"/>
      </symbol>
      <symbol id="sm-a09">
         <name>close</name>
         <value>0xa44b</value>
         <object_component_ref idref="oc-517"/>
      </symbol>
      <symbol id="sm-a16">
         <name>unlink</name>
         <value>0xc0</value>
         <object_component_ref idref="oc-520"/>
      </symbol>
      <symbol id="sm-a18">
         <name>INT_myCPUTIMER0_ISR</name>
         <value>0x0</value>
      </symbol>
      <symbol id="sm-a19">
         <name>__c_args__</name>
         <value>0x0</value>
      </symbol>
      <symbol id="sm-a1a">
         <name>remove</name>
         <value>0xc0</value>
      </symbol>
   </symbol_table>
   <title>Link errors: red sections failed placement,available memory ranges in purple</title>
</link_info>
