******************************************************************************
             TMS320C2000 Linker PC v22.6.1                     
******************************************************************************
>> Linked Tue Jul  7 11:15:43 2026

OUTPUT FILE NAME:   <project00_assemble.out>
ENTRY POINT SYMBOL: "code_start"  address: 00080000


MEMORY CONFIGURATION

         name            origin    length      used     unused   attr    fill
----------------------  --------  ---------  --------  --------  ----  --------
  BOOT_RSVD             00000002   00000126  00000000  00000126  RWIX
  RAMM0                 00000128   000002d8  00000000  000002d8  RWIX
  RAMM1                 00000400   000003f8  00000200  000001f8  RWIX
  RAMLS0                00008000   00000800  0000012e  000006d2  RWIX
  RAMLS1                00008800   00000800  00000000  00000800  RWIX
  RAMLS2                00009000   00000800  00000000  00000800  RWIX
  RAMLS3                00009800   00000800  00000000  00000800  RWIX
  RAMLS4                0000a000   00000800  00000000  00000800  RWIX
  RAMLS5                0000a800   00000800  0000048a  00000376  RWIX
  RAMLS6                0000b000   00000800  00000400  00000400  RWIX
  RAMLS7                0000b800   00000800  00000000  00000800  RWIX
  RAMGS0                0000c000   00001000  00000000  00001000  RWIX
  RAMGS1                0000d000   00001000  00000000  00001000  RWIX
  RAMGS2                0000e000   00001000  00000000  00001000  RWIX
  RAMGS3                0000f000   00000ff8  00000000  00000ff8  RWIX
  BEGIN                 00080000   00000002  00000002  00000000  RWIX
  FLASH_BANK0_SEC0      00080002   00000ffe  00000000  00000ffe  RWIX
  FLASH_BANK0_SEC1      00081000   00001000  0000023c  00000dc4  RWIX
  FLASH_BANK0_SEC2      00082000   00001000  00001000  00000000  RWIX
  FLASH_BANK0_SEC3      00083000   00001000  0000016c  00000e94  RWIX
  FLASH_BANK0_SEC4      00084000   00001000  00000ff8  00000008  RWIX
  FLASH_BANK0_SEC5      00085000   00001000  00000f92  0000006e  RWIX
  FLASH_BANK0_SEC6      00086000   00001000  000001af  00000e51  RWIX
  FLASH_BANK0_SEC7      00087000   00001000  00000000  00001000  RWIX
  FLASH_BANK0_SEC8      00088000   00001000  00000000  00001000  RWIX
  FLASH_BANK0_SEC9      00089000   00001000  00000000  00001000  RWIX
  FLASH_BANK0_SEC10     0008a000   00001000  00000000  00001000  RWIX
  FLASH_BANK0_SEC11     0008b000   00001000  00000000  00001000  RWIX
  FLASH_BANK0_SEC12     0008c000   00001000  00000000  00001000  RWIX
  FLASH_BANK0_SEC13     0008d000   00001000  00000000  00001000  RWIX
  FLASH_BANK0_SEC14     0008e000   00001000  00000000  00001000  RWIX
  FLASH_BANK0_SEC15     0008f000   00001000  00000000  00001000  RWIX
  FLASH_BANK1_SEC0      00090000   00001000  00000000  00001000  RWIX
  FLASH_BANK1_SEC1      00091000   00001000  00000000  00001000  RWIX
  FLASH_BANK1_SEC2      00092000   00001000  00000000  00001000  RWIX
  FLASH_BANK1_SEC3      00093000   00001000  00000000  00001000  RWIX
  FLASH_BANK1_SEC4      00094000   00001000  00000000  00001000  RWIX
  FLASH_BANK1_SEC5      00095000   00001000  00000000  00001000  RWIX
  FLASH_BANK1_SEC6      00096000   00001000  00000000  00001000  RWIX
  FLASH_BANK1_SEC7      00097000   00001000  00000000  00001000  RWIX
  FLASH_BANK1_SEC8      00098000   00001000  00000000  00001000  RWIX
  FLASH_BANK1_SEC9      00099000   00001000  00000000  00001000  RWIX
  FLASH_BANK1_SEC10     0009a000   00001000  00000000  00001000  RWIX
  FLASH_BANK1_SEC11     0009b000   00001000  00000000  00001000  RWIX
  FLASH_BANK1_SEC12     0009c000   00001000  00000000  00001000  RWIX
  FLASH_BANK1_SEC13     0009d000   00001000  00000000  00001000  RWIX
  FLASH_BANK1_SEC14     0009e000   00001000  00000000  00001000  RWIX
  FLASH_BANK1_SEC15     0009f000   00001000  00000000  00001000  RWIX
  FLASH_BANK2_SEC0      000a0000   00001000  00000000  00001000  RWIX
  FLASH_BANK2_SEC1      000a1000   00001000  00000000  00001000  RWIX
  FLASH_BANK2_SEC2      000a2000   00001000  00000000  00001000  RWIX
  FLASH_BANK2_SEC3      000a3000   00001000  00000000  00001000  RWIX
  FLASH_BANK2_SEC4      000a4000   00001000  00000000  00001000  RWIX
  FLASH_BANK2_SEC5      000a5000   00001000  00000000  00001000  RWIX
  FLASH_BANK2_SEC6      000a6000   00001000  00000000  00001000  RWIX
  FLASH_BANK2_SEC7      000a7000   00001000  00000000  00001000  RWIX
  FLASH_BANK2_SEC8      000a8000   00001000  00000000  00001000  RWIX
  FLASH_BANK2_SEC9      000a9000   00001000  00000000  00001000  RWIX
  FLASH_BANK2_SEC10     000aa000   00001000  00000000  00001000  RWIX
  FLASH_BANK2_SEC11     000ab000   00001000  00000000  00001000  RWIX
  FLASH_BANK2_SEC12     000ac000   00001000  00000000  00001000  RWIX
  FLASH_BANK2_SEC13     000ad000   00001000  00000000  00001000  RWIX
  FLASH_BANK2_SEC14     000ae000   00001000  00000000  00001000  RWIX
  FLASH_BANK2_SEC15     000af000   00000ff0  00000000  00000ff0  RWIX
  SECURE_ROM            003f2000   00006000  00000000  00006000  RWIX
  BOOTROM               003f8000   00007fc0  00000000  00007fc0  RWIX
  RESET                 003fffc0   00000002  00000000  00000002  RWIX


SECTION ALLOCATION MAP

 output                                  attributes/
section   page    origin      length       input sections
--------  ----  ----------  ----------   ----------------
codestart 
*          0    00080000    00000002     
                  00080000    00000002     f28003x_codestartbranch.obj (codestart)

.cinit     0    00081130    0000010e     
                  00081130    000000ee     (.cinit..data.2.load) [load image, compression = lzss]
                  0008121e    00000009     (.cinit..data.1.load) [load image, compression = lzss]
                  00081227    00000001     --HOLE-- [fill = 0]
                  00081228    00000006     (__TI_handler_table)
                  0008122e    00000004     (.cinit..bss.load) [load image, compression = zero_init]
                  00081232    0000000c     (__TI_cinit_table)

.reset     0    003fffc0    00000000     DSECT

.stack     0    00000400    00000200     UNINITIALIZED
                  00000400    00000200     --HOLE--

.init_array 
*          0    00081000    00000000     UNINITIALIZED

.bss       0    0000a800    00000480     UNINITIALIZED
                  0000a800    00000480     oled.obj (.bss:OLED_GRAM)

.TI.ramfunc 
*          0    00081000    0000012e     RUN ADDR = 00008000
                  00081000    00000049     driverlib.lib : flash.obj (.TI.ramfunc:Flash_initModule)
                  00081049    0000002c                   : flash.obj (.TI.ramfunc:Flash_setBankPowerMode)
                  00081075    00000024                   : flash.obj (.TI.ramfunc:Flash_setWaitstates)
                  00081099    0000001d                   : flash.obj (.TI.ramfunc:Flash_setPumpPowerMode)
                  000810b6    00000018                   : flash.obj (.TI.ramfunc:Flash_disableCache)
                  000810ce    00000018                   : flash.obj (.TI.ramfunc:Flash_disablePrefetch)
                  000810e6    00000017                   : flash.obj (.TI.ramfunc:Flash_enableCache)
                  000810fd    00000017                   : flash.obj (.TI.ramfunc:Flash_enablePrefetch)
                  00081114    00000016                   : flash.obj (.TI.ramfunc:Flash_enableECC)
                  0008112a    00000004                   : sysctl.obj (.TI.ramfunc)

.data.1    0    0000ac80    0000000a     UNINITIALIZED
                  0000ac80    00000006     rts2800_fpu32_eabi.lib : exit.c.obj (.data)
                  0000ac86    00000002                            : _lock.c.obj (.data:_lock)
                  0000ac88    00000002                            : _lock.c.obj (.data:_unlock)

.data.2    0    0000b000    00000400     UNINITIALIZED
                  0000b000    00000400     project00_main.obj (.data:BMP1)

.text.1    0    00082000    00001000     
                  00082000    00000123     driverlib.lib : sysctl.obj (.text:SysCtl_setClock)
                  00082123    000000fe                   : sysctl.obj (.text:SysCtl_isPLLValid)
                  00082221    000000fc     project00_main.obj (.text:main)
                  0008231d    000000d3     device.obj (.text:Device_enableAllPeripherals)
                  000823f0    00000088     rts2800_fpu32_eabi.lib : fs_div28.asm.obj (.text)
                  00082478    00000075     board.obj (.text:mySCIB_init)
                  000824ed    00000073     driverlib.lib : sysctl.obj (.text:DCC_setCounterSeeds)
                  00082560    00000073     oled.obj (.text:OLED_Init)
                  000825d3    00000071     oled.obj (.text:OLED_ShowChar)
                  00082644    0000006c     oled.obj (.text:OLED_ShowChinese)
                  000826b0    0000006a     driverlib.lib : gpio.obj (.text:GPIO_setAnalogMode)
                  0008271a    00000065                   : sysctl.obj (.text:SysCtl_getClock)
                  0008277f    0000005d     device.obj (.text:Device_init)
                  000827dc    0000005c     board.obj (.text:PinMux_init)
                  00082838    0000005c     driverlib.lib : spi.obj (.text:SPI_setConfig)
                  00082894    00000052                   : gpio.obj (.text:GPIO_setPadConfig)
                  000828e6    0000004f     oled.obj (.text:OLED_ShowPicture)
                  00082935    00000049     driverlib.lib : sysctl.obj (.text:SysCtl_selectOscSource)
                  0008297e    00000047     oled.obj (.text:OLED_ShowNum)
                  000829c5    00000046     driverlib.lib : sysctl.obj (.text:SysCtl_selectXTAL)
                  00082a0b    00000045                   : sci.obj (.text:SCI_clearInterruptStatus)
                  00082a50    00000045                   : sysctl.obj (.text:SysCtl_pollX1Counter)
                  00082a95    00000001     c2000ware_libraries.obj (.text:C2000Ware_libraries_init)
                  00082a96    00000044     oled.obj (.text:OLED_ScrollDisplay)
                  00082ada    0000003e     driverlib.lib : sci.obj (.text:SCI_setConfig)
                  00082b18    0000003d                   : interrupt.obj (.text:Interrupt_initModule)
                  00082b55    0000003c     oled.obj (.text:OLED_Refresh)
                  00082b91    0000003b     board.obj (.text:FLASH_SPI_init)
                  00082bcc    00000037     driverlib.lib : gpio.obj (.text:GPIO_setControllerCore)
                  00082c03    00000037                   : gpio.obj (.text:GPIO_setPinConfig)
                  00082c3a    00000037                   : gpio.obj (.text:GPIO_setQualificationMode)
                  00082c71    00000031                   : gpio.obj (.text:GPIO_setDirectionMode)
                  00082ca2    00000030     rts2800_fpu32_eabi.lib : copy_decompress_lzss.c.obj (.text:decompress:lzss)
                  00082cd2    0000002b                            : autoinit.c.obj (.text:__TI_auto_init_nobinit_nopinit)
                  00082cfd    00000029                            : exit.c.obj (.text)
                  00082d26    00000028     oled.obj (.text:OLED_DrawPoint)
                  00082d4e    00000027     oled.obj (.text:OLED_ShowString)
                  00082d75    00000025     driverlib.lib : sysctl.obj (.text:SysCtl_selectXTALSingleEnded)
                  00082d9a    00000024                   : sysctl.obj (.text:DCC_enableSingleShotMode)
                  00082dbe    00000023     oled.obj (.text:Send_Byte)
                  00082de1    0000001e     driverlib.lib : sysctl.obj (.text:DCC_setCounter0ClkSource)
                  00082dff    0000001e                   : sysctl.obj (.text:DCC_setCounter1ClkSource)
                  00082e1d    0000001e                   : interrupt.obj (.text:Interrupt_initVectorTable)
                  00082e3b    0000001e     oled.obj (.text:OLED_WR_Byte)
                  00082e59    0000001d     rts2800_fpu32_eabi.lib : memcpy.c.obj (.text)
                  00082e76    0000001a     driverlib.lib : sysctl.obj (.text:SysCtl_getLowSpeedClock)
                  00082e90    00000019     board.obj (.text:LED0_init)
                  00082ea9    00000019     driverlib.lib : sysctl.obj (.text:SysCtl_setPLLSysClk)
                  00082ec2    00000018                   : sci.obj (.text:SCI_disableModule)
                  00082eda    00000018                   : sci.obj (.text:SCI_performSoftwareReset)
                  00082ef2    00000017     oled.obj (.text:I2C_Start)
                  00082f09    00000017     driverlib.lib : sysctl.obj (.text:SysCtl_enablePeripheral)
                  00082f20    00000017     rts2800_fpu32_eabi.lib : boot28.asm.obj (.text)
                  00082f37    00000016     driverlib.lib : sysctl.obj (.text:DCC_disableDoneSignal)
                  00082f4d    00000016                   : interrupt.obj (.text:Interrupt_defaultHandler)
                  00082f63    00000015                   : sysctl.obj (.text:DCC_clearDoneFlag)
                  00082f78    00000015                   : sysctl.obj (.text:DCC_clearErrorFlag)
                  00082f8d    00000015                   : sysctl.obj (.text:DCC_disableErrorSignal)
                  00082fa2    00000015                   : sysctl.obj (.text:DCC_isBaseValid)
                  00082fb7    00000014                   : sysctl.obj (.text:DCC_disableModule)
                  00082fcb    00000014                   : sysctl.obj (.text:DCC_enableModule)
                  00082fdf    00000014     board.obj (.text:FLASH_CS_init)
                  00082ff3    0000000d     driverlib.lib : interrupt.obj (.text:Interrupt_disableGlobal)

.text.2    0    00083000    0000016c     
                  00083000    00000014     driverlib.lib : gpio.obj (.text:GPIO_isPinValid)
                  00083014    00000014     board.obj (.text:SCREEN_SCL_init)
                  00083028    00000014     board.obj (.text:SCREEN_SDA_init)
                  0008303c    00000013     oled.obj (.text:I2C_WaitAck)
                  0008304f    00000013     driverlib.lib : sci.obj (.text:SCI_enableModule)
                  00083062    00000013                   : sci.obj (.text:SCI_isBaseValid)
                  00083075    00000013                   : spi.obj (.text:SPI_isBaseValid)
                  00083088    00000011     oled.obj (.text:OLED_Clear)
                  00083099    00000010     device.obj (.text:Device_initGPIO)
                  000830a9    00000010     driverlib.lib : flash.obj (.text:Flash_isCtrlBaseValid)
                  000830b9    00000010                   : flash.obj (.text:Flash_isECCBaseValid)
                  000830c9    0000000f     oled.obj (.text:I2C_Stop)
                  000830d8    0000000d     oled.obj (.text:OLED_Pow)
                  000830e5    0000000d     tjx_init.obj (.text:delay_ms)
                  000830f2    0000000c     rts2800_fpu32_eabi.lib : args_main.c.obj (.text)
                  000830fe    0000000b     board.obj (.text:Board_init)
                  00083109    0000000b     driverlib.lib : sysctl.obj (.text:SysCtl_isMCDClockFailureDetected)
                  00083114    0000000a                   : interrupt.obj (.text:Interrupt_illegalOperationHandler)
                  0008311e    0000000a                   : interrupt.obj (.text:Interrupt_nmiHandler)
                  00083128    00000009     board.obj (.text:GPIO_init)
                  00083131    00000009     rts2800_fpu32_eabi.lib : _lock.c.obj (.text)
                  0008313a    00000008                            : copy_decompress_none.c.obj (.text:decompress:none)
                  00083142    00000008     f28003x_codestartbranch.obj (.text)
                  0008314a    00000007     driverlib.lib : sysctl.obj (.text:SysCtl_resetMCD)
                  00083151    00000007     rts2800_fpu32_eabi.lib : memset.c.obj (.text)
                  00083158    00000006                            : copy_zero_init.c.obj (.text:decompress:ZI)
                  0008315e    00000004     oled.obj (.text:IIC_delay)
                  00083162    00000004     tjx_init.obj (.text:delay_us)
                  00083166    00000003     device.obj (.text:__error__)
                  00083169    00000002     rts2800_fpu32_eabi.lib : pre_init.c.obj (.text)
                  0008316b    00000001                            : startup.c.obj (.text)

.const.1   0    00084000    00000ff8     
                  00084000    00000d5c     oled.obj (.const:asc2_2412)
                  00084d5c    00000228     oled.obj (.const:asc2_0806)
                  00084f84    00000048     oled.obj (.const:Hzk2)
                  00084fcc    0000002c     project00_main.obj (.const:.string)

.const.2   0    00085000    00000f92     
                  00085000    000005f0     oled.obj (.const:asc2_1608)
                  000855f0    00000474     oled.obj (.const:asc2_1206)
                  00085a64    00000200     oled.obj (.const:Hzk4)
                  00085c64    00000160     oled.obj (.const:Hzk1)
                  00085dc4    0000009b     driverlib.lib : flash.obj (.const:.string)
                  00085e5f    00000001     --HOLE-- [fill = 0]
                  00085e60    0000009a                   : sysctl.obj (.const:.string)
                  00085efa    00000098                   : gpio.obj (.const:.string)

.const.3   0    00086000    000001af     
                  00086000    00000097     driverlib.lib : sci.obj (.const:.string)
                  00086097    00000001     --HOLE-- [fill = 0]
                  00086098    00000097                   : spi.obj (.const:.string)
                  0008612f    00000080     oled.obj (.const:Hzk3)

MODULE SUMMARY

       Module                        code   ro data   rw data
       ------                        ----   -------   -------
    .\
       project00_main.obj            252    44        1024   
    +--+-----------------------------+------+---------+---------+
       Total:                        252    44        1024   
                                                             
    .\app\src\
       tjx_init.obj                  17     0         0      
    +--+-----------------------------+------+---------+---------+
       Total:                        17     0         0      
                                                             
    .\bsp\src\
       oled.obj                      849    7696      1152   
    +--+-----------------------------+------+---------+---------+
       Total:                        849    7696      1152   
                                                             
    .\device\
       device.obj                    323    0         0      
       f28003x_codestartbranch.obj   10     0         0      
    +--+-----------------------------+------+---------+---------+
       Total:                        333    0         0      
                                                             
    .\syscfg\
       board.obj                     373    0         0      
       c2000ware_libraries.obj       1      0         0      
    +--+-----------------------------+------+---------+---------+
       Total:                        374    0         0      
                                                             
    C:/TI/C2000Ware/C2000Ware_5_02_00_00/driverlib/f28003x/driverlib/ccs/Debug/driverlib.lib
       sysctl.obj                    1352   154       0      
       flash.obj                     628    155       0      
       gpio.obj                      422    152       0      
       sci.obj                       217    151       0      
       spi.obj                       111    151       0      
       interrupt.obj                 146    0         0      
    +--+-----------------------------+------+---------+---------+
       Total:                        2876   763       0      
                                                             
    C:\TI\ccs1281\ccs\tools\compiler\ti-cgt-c2000_22.6.1.LTS\lib\rts2800_fpu32_eabi.lib
       fs_div28.asm.obj              136    0         0      
       copy_decompress_lzss.c.obj    48     0         0      
       exit.c.obj                    41     0         6      
       autoinit.c.obj                43     0         0      
       memcpy.c.obj                  29     0         0      
       boot28.asm.obj                23     0         0      
       _lock.c.obj                   9      0         4      
       args_main.c.obj               12     0         0      
       copy_decompress_none.c.obj    8      0         0      
       memset.c.obj                  7      0         0      
       copy_zero_init.c.obj          6      0         0      
       pre_init.c.obj                2      0         0      
       startup.c.obj                 1      0         0      
    +--+-----------------------------+------+---------+---------+
       Total:                        365    0         10     
                                                             
       Stack:                        0      0         512    
       Linker Generated:             0      269       0      
    +--+-----------------------------+------+---------+---------+
       Grand Total:                  5066   8772      2698   


LINKER GENERATED COPY TABLES

__TI_cinit_table @ 00081232 records: 3, size/record: 4, table size: 12
	.data.2: load addr=00081130, load size=000000ee bytes, run addr=0000b000, run size=00000400 bytes, compression=lzss
	.data.1: load addr=0008121e, load size=00000009 bytes, run addr=0000ac80, run size=0000000a bytes, compression=lzss
	.bss: load addr=0008122e, load size=00000004 bytes, run addr=0000a800, run size=00000480 bytes, compression=zero_init


LINKER GENERATED HANDLER TABLE

__TI_handler_table @ 00081228 records: 3, size/record: 2, table size: 6
	index: 0, handler: __TI_zero_init
	index: 1, handler: __TI_decompress_lzss
	index: 2, handler: __TI_decompress_none


GLOBAL DATA SYMBOLS: SORTED BY DATA PAGE

address     data page           name
--------    ----------------    ----
00000400      10 (00000400)     __stack

0000a800     2a0 (0000a800)     OLED_GRAM

0000ac80     2b2 (0000ac80)     __TI_enable_exit_profile_output
0000ac82     2b2 (0000ac80)     __TI_cleanup_ptr
0000ac84     2b2 (0000ac80)     __TI_dtors_ptr
0000ac86     2b2 (0000ac80)     _lock
0000ac88     2b2 (0000ac80)     _unlock

0000b000     2c0 (0000b000)     BMP1

00084000    2100 (00084000)     asc2_2412

00084d5c    2135 (00084d40)     asc2_0806

00084f84    213e (00084f80)     Hzk2

00085000    2140 (00085000)     asc2_1608

000855f0    2157 (000855c0)     asc2_1206

00085a64    2169 (00085a40)     Hzk4

00085c64    2171 (00085c40)     Hzk1

0008612f    2184 (00086100)     Hzk3


GLOBAL SYMBOLS: SORTED ALPHABETICALLY BY Name 

page  address   name                             
----  -------   ----                             
0     0000b000  BMP1                             
0     000830fe  Board_init                       
0     00082cfd  C$$EXIT                          
0     00082a95  C2000Ware_libraries_init         
0     0008231d  Device_enableAllPeripherals      
0     0008277f  Device_init                      
0     00083099  Device_initGPIO                  
0     00082fdf  FLASH_CS_init                    
0     00082b91  FLASH_SPI_init                   
0     00008000  Flash_initModule                 
0     00083128  GPIO_init                        
0     000826b0  GPIO_setAnalogMode               
0     00082bcc  GPIO_setControllerCore           
0     00082c71  GPIO_setDirectionMode            
0     00082894  GPIO_setPadConfig                
0     00082c03  GPIO_setPinConfig                
0     00082c3a  GPIO_setQualificationMode        
0     00085c64  Hzk1                             
0     00084f84  Hzk2                             
0     0008612f  Hzk3                             
0     00085a64  Hzk4                             
0     00082ef2  I2C_Start                        
0     000830c9  I2C_Stop                         
0     0008303c  I2C_WaitAck                      
0     0008315e  IIC_delay                        
0     00082f4d  Interrupt_defaultHandler         
0     00083114  Interrupt_illegalOperationHandler
0     00082b18  Interrupt_initModule             
0     00082e1d  Interrupt_initVectorTable        
0     0008311e  Interrupt_nmiHandler             
0     00082e90  LED0_init                        
0     00083088  OLED_Clear                       
0     00082d26  OLED_DrawPoint                   
0     0000a800  OLED_GRAM                        
0     00082560  OLED_Init                        
0     000830d8  OLED_Pow                         
0     00082b55  OLED_Refresh                     
0     00082a96  OLED_ScrollDisplay               
0     000825d3  OLED_ShowChar                    
0     00082644  OLED_ShowChinese                 
0     0008297e  OLED_ShowNum                     
0     000828e6  OLED_ShowPicture                 
0     00082d4e  OLED_ShowString                  
0     00082e3b  OLED_WR_Byte                     
0     000827dc  PinMux_init                      
0     0008112e  RamfuncsLoadEnd                  
abs   0000012e  RamfuncsLoadSize                 
0     00081000  RamfuncsLoadStart                
0     0000812e  RamfuncsRunEnd                   
abs   0000012e  RamfuncsRunSize                  
0     00008000  RamfuncsRunStart                 
0     00082a0b  SCI_clearInterruptStatus         
0     00082478  SCI_init                         
0     00082ada  SCI_setConfig                    
0     00083014  SCREEN_SCL_init                  
0     00083028  SCREEN_SDA_init                  
0     00082b91  SPI_init                         
0     00082838  SPI_setConfig                    
0     00082dbe  Send_Byte                        
0     0000812a  SysCtl_delay                     
0     0008271a  SysCtl_getClock                  
0     00082e76  SysCtl_getLowSpeedClock          
0     00082123  SysCtl_isPLLValid                
0     00082935  SysCtl_selectOscSource           
0     000829c5  SysCtl_selectXTAL                
0     00082d75  SysCtl_selectXTALSingleEnded     
0     00082000  SysCtl_setClock                  
0     00081232  __TI_CINIT_Base                  
0     0008123e  __TI_CINIT_Limit                 
0     0008123e  __TI_CINIT_Warm                  
0     00081228  __TI_Handler_Table_Base          
0     0008122e  __TI_Handler_Table_Limit         
0     00000600  __TI_STACK_END                   
abs   00000200  __TI_STACK_SIZE                  
0     00082cd2  __TI_auto_init_nobinit_nopinit   
0     0000ac82  __TI_cleanup_ptr                 
0     00082ca2  __TI_decompress_lzss             
0     0008313a  __TI_decompress_none             
0     0000ac84  __TI_dtors_ptr                   
0     0000ac80  __TI_enable_exit_profile_output  
abs   ffffffff  __TI_pprof_out_hndl              
abs   ffffffff  __TI_prof_data_size              
abs   ffffffff  __TI_prof_data_start             
0     00083158  __TI_zero_init                   
0     000823f0  __c28xabi_divf                   
n/a   UNDEFED   __c_args__                       
0     00083166  __error__                        
0     00000400  __stack                          
0     000830f2  _args_main                       
0     00082f20  _c_int00                         
0     0000ac86  _lock                            
0     00083139  _nop                             
0     00083135  _register_lock                   
0     00083131  _register_unlock                 
0     0008316b  _system_post_cinit               
0     00083169  _system_pre_init                 
0     0000ac88  _unlock                          
0     00082cfd  abort                            
0     00084d5c  asc2_0806                        
0     000855f0  asc2_1206                        
0     00085000  asc2_1608                        
0     00084000  asc2_2412                        
0     00080000  code_start                       
0     000830e5  delay_ms                         
0     00083162  delay_us                         
0     00082cff  exit                             
0     00082221  main                             
0     00082e59  memcpy                           
0     00083151  memset                           
0     00082478  mySCIB_init                      


GLOBAL SYMBOLS: SORTED BY Symbol Address 

page  address   name                             
----  -------   ----                             
0     00000400  __stack                          
0     00000600  __TI_STACK_END                   
0     00008000  Flash_initModule                 
0     00008000  RamfuncsRunStart                 
0     0000812a  SysCtl_delay                     
0     0000812e  RamfuncsRunEnd                   
0     0000a800  OLED_GRAM                        
0     0000ac80  __TI_enable_exit_profile_output  
0     0000ac82  __TI_cleanup_ptr                 
0     0000ac84  __TI_dtors_ptr                   
0     0000ac86  _lock                            
0     0000ac88  _unlock                          
0     0000b000  BMP1                             
0     00080000  code_start                       
0     00081000  RamfuncsLoadStart                
0     0008112e  RamfuncsLoadEnd                  
0     00081228  __TI_Handler_Table_Base          
0     0008122e  __TI_Handler_Table_Limit         
0     00081232  __TI_CINIT_Base                  
0     0008123e  __TI_CINIT_Limit                 
0     0008123e  __TI_CINIT_Warm                  
0     00082000  SysCtl_setClock                  
0     00082123  SysCtl_isPLLValid                
0     00082221  main                             
0     0008231d  Device_enableAllPeripherals      
0     000823f0  __c28xabi_divf                   
0     00082478  SCI_init                         
0     00082478  mySCIB_init                      
0     00082560  OLED_Init                        
0     000825d3  OLED_ShowChar                    
0     00082644  OLED_ShowChinese                 
0     000826b0  GPIO_setAnalogMode               
0     0008271a  SysCtl_getClock                  
0     0008277f  Device_init                      
0     000827dc  PinMux_init                      
0     00082838  SPI_setConfig                    
0     00082894  GPIO_setPadConfig                
0     000828e6  OLED_ShowPicture                 
0     00082935  SysCtl_selectOscSource           
0     0008297e  OLED_ShowNum                     
0     000829c5  SysCtl_selectXTAL                
0     00082a0b  SCI_clearInterruptStatus         
0     00082a95  C2000Ware_libraries_init         
0     00082a96  OLED_ScrollDisplay               
0     00082ada  SCI_setConfig                    
0     00082b18  Interrupt_initModule             
0     00082b55  OLED_Refresh                     
0     00082b91  FLASH_SPI_init                   
0     00082b91  SPI_init                         
0     00082bcc  GPIO_setControllerCore           
0     00082c03  GPIO_setPinConfig                
0     00082c3a  GPIO_setQualificationMode        
0     00082c71  GPIO_setDirectionMode            
0     00082ca2  __TI_decompress_lzss             
0     00082cd2  __TI_auto_init_nobinit_nopinit   
0     00082cfd  C$$EXIT                          
0     00082cfd  abort                            
0     00082cff  exit                             
0     00082d26  OLED_DrawPoint                   
0     00082d4e  OLED_ShowString                  
0     00082d75  SysCtl_selectXTALSingleEnded     
0     00082dbe  Send_Byte                        
0     00082e1d  Interrupt_initVectorTable        
0     00082e3b  OLED_WR_Byte                     
0     00082e59  memcpy                           
0     00082e76  SysCtl_getLowSpeedClock          
0     00082e90  LED0_init                        
0     00082ef2  I2C_Start                        
0     00082f20  _c_int00                         
0     00082f4d  Interrupt_defaultHandler         
0     00082fdf  FLASH_CS_init                    
0     00083014  SCREEN_SCL_init                  
0     00083028  SCREEN_SDA_init                  
0     0008303c  I2C_WaitAck                      
0     00083088  OLED_Clear                       
0     00083099  Device_initGPIO                  
0     000830c9  I2C_Stop                         
0     000830d8  OLED_Pow                         
0     000830e5  delay_ms                         
0     000830f2  _args_main                       
0     000830fe  Board_init                       
0     00083114  Interrupt_illegalOperationHandler
0     0008311e  Interrupt_nmiHandler             
0     00083128  GPIO_init                        
0     00083131  _register_unlock                 
0     00083135  _register_lock                   
0     00083139  _nop                             
0     0008313a  __TI_decompress_none             
0     00083151  memset                           
0     00083158  __TI_zero_init                   
0     0008315e  IIC_delay                        
0     00083162  delay_us                         
0     00083166  __error__                        
0     00083169  _system_pre_init                 
0     0008316b  _system_post_cinit               
0     00084000  asc2_2412                        
0     00084d5c  asc2_0806                        
0     00084f84  Hzk2                             
0     00085000  asc2_1608                        
0     000855f0  asc2_1206                        
0     00085a64  Hzk4                             
0     00085c64  Hzk1                             
0     0008612f  Hzk3                             
abs   0000012e  RamfuncsLoadSize                 
abs   0000012e  RamfuncsRunSize                  
abs   00000200  __TI_STACK_SIZE                  
abs   ffffffff  __TI_pprof_out_hndl              
abs   ffffffff  __TI_prof_data_size              
abs   ffffffff  __TI_prof_data_start             
n/a   UNDEFED   __c_args__                       

[110 symbols]
