<?xml version="1.0" encoding="ISO-8859-1" ?>
<link_info>
   <banner>TMS320C2000 Linker PC v22.6.1.LTS</banner>
   <copyright>Copyright (c) 1996-2018 Texas Instruments Incorporated</copyright>
   <link_time>0x6a4cc86b</link_time>
   <link_errors>0x0</link_errors>
   <output_file>project00_assemble.out</output_file>
   <entry_point>
      <name>code_start</name>
      <address>0x80000</address>
   </entry_point>
   <input_file_list>
      <input_file id="fl-2">
         <path>.\syscfg\</path>
         <kind>object</kind>
         <file>board.obj</file>
         <name>board.obj</name>
      </input_file>
      <input_file id="fl-3">
         <path>.\syscfg\</path>
         <kind>object</kind>
         <file>c2000ware_libraries.obj</file>
         <name>c2000ware_libraries.obj</name>
      </input_file>
      <input_file id="fl-4">
         <path>.\</path>
         <kind>object</kind>
         <file>project00_main.obj</file>
         <name>project00_main.obj</name>
      </input_file>
      <input_file id="fl-5">
         <path>.\app\src\</path>
         <kind>object</kind>
         <file>tjx_init.obj</file>
         <name>tjx_init.obj</name>
      </input_file>
      <input_file id="fl-6">
         <path>.\app\src\</path>
         <kind>object</kind>
         <file>vofa.obj</file>
         <name>vofa.obj</name>
      </input_file>
      <input_file id="fl-7">
         <path>.\bsp\src\</path>
         <kind>object</kind>
         <file>hw_w25qxx.obj</file>
         <name>hw_w25qxx.obj</name>
      </input_file>
      <input_file id="fl-8">
         <path>.\bsp\src\</path>
         <kind>object</kind>
         <file>key.obj</file>
         <name>key.obj</name>
      </input_file>
      <input_file id="fl-9">
         <path>.\bsp\src\</path>
         <kind>object</kind>
         <file>oled.obj</file>
         <name>oled.obj</name>
      </input_file>
      <input_file id="fl-a">
         <path>.\device\</path>
         <kind>object</kind>
         <file>device.obj</file>
         <name>device.obj</name>
      </input_file>
      <input_file id="fl-b">
         <path>.\device\</path>
         <kind>object</kind>
         <file>f28003x_codestartbranch.obj</file>
         <name>f28003x_codestartbranch.obj</name>
      </input_file>
      <input_file id="fl-11">
         <kind>object</kind>
         <file>&lt;internal&gt;</file>
         <name>&lt;internal&gt;</name>
      </input_file>
      <input_file id="fl-12">
         <path>C:\TI\C2000Ware\C2000Ware_5_02_00_00\driverlib\f28003x\driverlib\ccs\Debug\</path>
         <kind>archive</kind>
         <file>driverlib.lib</file>
         <name>adc.obj</name>
      </input_file>
      <input_file id="fl-13">
         <path>C:\TI\C2000Ware\C2000Ware_5_02_00_00\driverlib\f28003x\driverlib\ccs\Debug\</path>
         <kind>archive</kind>
         <file>driverlib.lib</file>
         <name>cmpss.obj</name>
      </input_file>
      <input_file id="fl-14">
         <path>C:\TI\C2000Ware\C2000Ware_5_02_00_00\driverlib\f28003x\driverlib\ccs\Debug\</path>
         <kind>archive</kind>
         <file>driverlib.lib</file>
         <name>cputimer.obj</name>
      </input_file>
      <input_file id="fl-15">
         <path>C:\TI\C2000Ware\C2000Ware_5_02_00_00\driverlib\f28003x\driverlib\ccs\Debug\</path>
         <kind>archive</kind>
         <file>driverlib.lib</file>
         <name>dcc.obj</name>
      </input_file>
      <input_file id="fl-16">
         <path>C:\TI\C2000Ware\C2000Ware_5_02_00_00\driverlib\f28003x\driverlib\ccs\Debug\</path>
         <kind>archive</kind>
         <file>driverlib.lib</file>
         <name>flash.obj</name>
      </input_file>
      <input_file id="fl-17">
         <path>C:\TI\C2000Ware\C2000Ware_5_02_00_00\driverlib\f28003x\driverlib\ccs\Debug\</path>
         <kind>archive</kind>
         <file>driverlib.lib</file>
         <name>gpio.obj</name>
      </input_file>
      <input_file id="fl-18">
         <path>C:\TI\C2000Ware\C2000Ware_5_02_00_00\driverlib\f28003x\driverlib\ccs\Debug\</path>
         <kind>archive</kind>
         <file>driverlib.lib</file>
         <name>interrupt.obj</name>
      </input_file>
      <input_file id="fl-19">
         <path>C:\TI\C2000Ware\C2000Ware_5_02_00_00\driverlib\f28003x\driverlib\ccs\Debug\</path>
         <kind>archive</kind>
         <file>driverlib.lib</file>
         <name>sci.obj</name>
      </input_file>
      <input_file id="fl-1a">
         <path>C:\TI\C2000Ware\C2000Ware_5_02_00_00\driverlib\f28003x\driverlib\ccs\Debug\</path>
         <kind>archive</kind>
         <file>driverlib.lib</file>
         <name>spi.obj</name>
      </input_file>
      <input_file id="fl-1b">
         <path>C:\TI\C2000Ware\C2000Ware_5_02_00_00\driverlib\f28003x\driverlib\ccs\Debug\</path>
         <kind>archive</kind>
         <file>driverlib.lib</file>
         <name>sysctl.obj</name>
      </input_file>
      <input_file id="fl-1c">
         <path>C:\TI\C2000Ware\C2000Ware_5_02_00_00\driverlib\f28003x\driverlib\ccs\Debug\</path>
         <kind>archive</kind>
         <file>driverlib.lib</file>
         <name>xbar.obj</name>
      </input_file>
      <input_file id="fl-28">
         <path>C:\TI\ccs1281\ccs\tools\compiler\ti-cgt-c2000_22.6.1.LTS\lib\</path>
         <kind>archive</kind>
         <file>rts2800_fpu32_eabi.lib</file>
         <name>vsnprintf.c.obj</name>
      </input_file>
      <input_file id="fl-29">
         <path>C:\TI\ccs1281\ccs\tools\compiler\ti-cgt-c2000_22.6.1.LTS\lib\</path>
         <kind>archive</kind>
         <file>rts2800_fpu32_eabi.lib</file>
         <name>boot28.asm.obj</name>
      </input_file>
      <input_file id="fl-2a">
         <path>C:\TI\ccs1281\ccs\tools\compiler\ti-cgt-c2000_22.6.1.LTS\lib\</path>
         <kind>archive</kind>
         <file>rts2800_fpu32_eabi.lib</file>
         <name>fs_div28.asm.obj</name>
      </input_file>
      <input_file id="fl-2b">
         <path>C:\TI\ccs1281\ccs\tools\compiler\ti-cgt-c2000_22.6.1.LTS\lib\</path>
         <kind>archive</kind>
         <file>rts2800_fpu32_eabi.lib</file>
         <name>memcpy.c.obj</name>
      </input_file>
      <input_file id="fl-2c">
         <path>C:\TI\ccs1281\ccs\tools\compiler\ti-cgt-c2000_22.6.1.LTS\lib\</path>
         <kind>archive</kind>
         <file>rts2800_fpu32_eabi.lib</file>
         <name>pre_init.c.obj</name>
      </input_file>
      <input_file id="fl-2d">
         <path>C:\TI\ccs1281\ccs\tools\compiler\ti-cgt-c2000_22.6.1.LTS\lib\</path>
         <kind>archive</kind>
         <file>rts2800_fpu32_eabi.lib</file>
         <name>autoinit.c.obj</name>
      </input_file>
      <input_file id="fl-2e">
         <path>C:\TI\ccs1281\ccs\tools\compiler\ti-cgt-c2000_22.6.1.LTS\lib\</path>
         <kind>archive</kind>
         <file>rts2800_fpu32_eabi.lib</file>
         <name>copy_zero_init.c.obj</name>
      </input_file>
      <input_file id="fl-2f">
         <path>C:\TI\ccs1281\ccs\tools\compiler\ti-cgt-c2000_22.6.1.LTS\lib\</path>
         <kind>archive</kind>
         <file>rts2800_fpu32_eabi.lib</file>
         <name>copy_decompress_none.c.obj</name>
      </input_file>
      <input_file id="fl-30">
         <path>C:\TI\ccs1281\ccs\tools\compiler\ti-cgt-c2000_22.6.1.LTS\lib\</path>
         <kind>archive</kind>
         <file>rts2800_fpu32_eabi.lib</file>
         <name>copy_decompress_lzss.c.obj</name>
      </input_file>
      <input_file id="fl-31">
         <path>C:\TI\ccs1281\ccs\tools\compiler\ti-cgt-c2000_22.6.1.LTS\lib\</path>
         <kind>archive</kind>
         <file>rts2800_fpu32_eabi.lib</file>
         <name>exit.c.obj</name>
      </input_file>
      <input_file id="fl-32">
         <path>C:\TI\ccs1281\ccs\tools\compiler\ti-cgt-c2000_22.6.1.LTS\lib\</path>
         <kind>archive</kind>
         <file>rts2800_fpu32_eabi.lib</file>
         <name>_lock.c.obj</name>
      </input_file>
      <input_file id="fl-33">
         <path>C:\TI\ccs1281\ccs\tools\compiler\ti-cgt-c2000_22.6.1.LTS\lib\</path>
         <kind>archive</kind>
         <file>rts2800_fpu32_eabi.lib</file>
         <name>args_main.c.obj</name>
      </input_file>
      <input_file id="fl-34">
         <path>C:\TI\ccs1281\ccs\tools\compiler\ti-cgt-c2000_22.6.1.LTS\lib\</path>
         <kind>archive</kind>
         <file>rts2800_fpu32_eabi.lib</file>
         <name>memset.c.obj</name>
      </input_file>
      <input_file id="fl-35">
         <path>C:\TI\ccs1281\ccs\tools\compiler\ti-cgt-c2000_22.6.1.LTS\lib\</path>
         <kind>archive</kind>
         <file>rts2800_fpu32_eabi.lib</file>
         <name>_printfi.c.obj</name>
      </input_file>
      <input_file id="fl-36">
         <path>C:\TI\ccs1281\ccs\tools\compiler\ti-cgt-c2000_22.6.1.LTS\lib\</path>
         <kind>archive</kind>
         <file>rts2800_fpu32_eabi.lib</file>
         <name>fd_cmp28.asm.obj</name>
      </input_file>
      <input_file id="fl-37">
         <path>C:\TI\ccs1281\ccs\tools\compiler\ti-cgt-c2000_22.6.1.LTS\lib\</path>
         <kind>archive</kind>
         <file>rts2800_fpu32_eabi.lib</file>
         <name>fd_mpy28.asm.obj</name>
      </input_file>
      <input_file id="fl-38">
         <path>C:\TI\ccs1281\ccs\tools\compiler\ti-cgt-c2000_22.6.1.LTS\lib\</path>
         <kind>archive</kind>
         <file>rts2800_fpu32_eabi.lib</file>
         <name>fd_neg28.asm.obj</name>
      </input_file>
      <input_file id="fl-39">
         <path>C:\TI\ccs1281\ccs\tools\compiler\ti-cgt-c2000_22.6.1.LTS\lib\</path>
         <kind>archive</kind>
         <file>rts2800_fpu32_eabi.lib</file>
         <name>fd_sub28.asm.obj</name>
      </input_file>
      <input_file id="fl-3a">
         <path>C:\TI\ccs1281\ccs\tools\compiler\ti-cgt-c2000_22.6.1.LTS\lib\</path>
         <kind>archive</kind>
         <file>rts2800_fpu32_eabi.lib</file>
         <name>fd_toi28.asm.obj</name>
      </input_file>
      <input_file id="fl-3b">
         <path>C:\TI\ccs1281\ccs\tools\compiler\ti-cgt-c2000_22.6.1.LTS\lib\</path>
         <kind>archive</kind>
         <file>rts2800_fpu32_eabi.lib</file>
         <name>fd_tol28.asm.obj</name>
      </input_file>
      <input_file id="fl-3c">
         <path>C:\TI\ccs1281\ccs\tools\compiler\ti-cgt-c2000_22.6.1.LTS\lib\</path>
         <kind>archive</kind>
         <file>rts2800_fpu32_eabi.lib</file>
         <name>ll_aox28.asm.obj</name>
      </input_file>
      <input_file id="fl-3d">
         <path>C:\TI\ccs1281\ccs\tools\compiler\ti-cgt-c2000_22.6.1.LTS\lib\</path>
         <kind>archive</kind>
         <file>rts2800_fpu32_eabi.lib</file>
         <name>ll_cmp28.asm.obj</name>
      </input_file>
      <input_file id="fl-3e">
         <path>C:\TI\ccs1281\ccs\tools\compiler\ti-cgt-c2000_22.6.1.LTS\lib\</path>
         <kind>archive</kind>
         <file>rts2800_fpu32_eabi.lib</file>
         <name>ll_div28.asm.obj</name>
      </input_file>
      <input_file id="fl-3f">
         <path>C:\TI\ccs1281\ccs\tools\compiler\ti-cgt-c2000_22.6.1.LTS\lib\</path>
         <kind>archive</kind>
         <file>rts2800_fpu32_eabi.lib</file>
         <name>i_tofd28.asm.obj</name>
      </input_file>
      <input_file id="fl-40">
         <path>C:\TI\ccs1281\ccs\tools\compiler\ti-cgt-c2000_22.6.1.LTS\lib\</path>
         <kind>archive</kind>
         <file>rts2800_fpu32_eabi.lib</file>
         <name>l_tofd28.asm.obj</name>
      </input_file>
      <input_file id="fl-41">
         <path>C:\TI\ccs1281\ccs\tools\compiler\ti-cgt-c2000_22.6.1.LTS\lib\</path>
         <kind>archive</kind>
         <file>rts2800_fpu32_eabi.lib</file>
         <name>fd_div28.asm.obj</name>
      </input_file>
      <input_file id="fl-42">
         <path>C:\TI\ccs1281\ccs\tools\compiler\ti-cgt-c2000_22.6.1.LTS\lib\</path>
         <kind>archive</kind>
         <file>rts2800_fpu32_eabi.lib</file>
         <name>cpy_tbl.c.obj</name>
      </input_file>
      <input_file id="fl-43">
         <path>C:\TI\ccs1281\ccs\tools\compiler\ti-cgt-c2000_22.6.1.LTS\lib\</path>
         <kind>archive</kind>
         <file>rts2800_fpu32_eabi.lib</file>
         <name>startup.c.obj</name>
      </input_file>
      <input_file id="fl-44">
         <path>C:\TI\ccs1281\ccs\tools\compiler\ti-cgt-c2000_22.6.1.LTS\lib\</path>
         <kind>archive</kind>
         <file>rts2800_fpu32_eabi.lib</file>
         <name>_ltoa.c.obj</name>
      </input_file>
      <input_file id="fl-45">
         <path>C:\TI\ccs1281\ccs\tools\compiler\ti-cgt-c2000_22.6.1.LTS\lib\</path>
         <kind>archive</kind>
         <file>rts2800_fpu32_eabi.lib</file>
         <name>atoi.c.obj</name>
      </input_file>
      <input_file id="fl-46">
         <path>C:\TI\ccs1281\ccs\tools\compiler\ti-cgt-c2000_22.6.1.LTS\lib\</path>
         <kind>archive</kind>
         <file>rts2800_fpu32_eabi.lib</file>
         <name>ctype.c.obj</name>
      </input_file>
      <input_file id="fl-47">
         <path>C:\TI\ccs1281\ccs\tools\compiler\ti-cgt-c2000_22.6.1.LTS\lib\</path>
         <kind>archive</kind>
         <file>rts2800_fpu32_eabi.lib</file>
         <name>memccpy.c.obj</name>
      </input_file>
      <input_file id="fl-48">
         <path>C:\TI\ccs1281\ccs\tools\compiler\ti-cgt-c2000_22.6.1.LTS\lib\</path>
         <kind>archive</kind>
         <file>rts2800_fpu32_eabi.lib</file>
         <name>strchr.c.obj</name>
      </input_file>
      <input_file id="fl-49">
         <path>C:\TI\ccs1281\ccs\tools\compiler\ti-cgt-c2000_22.6.1.LTS\lib\</path>
         <kind>archive</kind>
         <file>rts2800_fpu32_eabi.lib</file>
         <name>strcpy.c.obj</name>
      </input_file>
      <input_file id="fl-4a">
         <path>C:\TI\ccs1281\ccs\tools\compiler\ti-cgt-c2000_22.6.1.LTS\lib\</path>
         <kind>archive</kind>
         <file>rts2800_fpu32_eabi.lib</file>
         <name>strlen.c.obj</name>
      </input_file>
      <input_file id="fl-4b">
         <path>C:\TI\ccs1281\ccs\tools\compiler\ti-cgt-c2000_22.6.1.LTS\lib\</path>
         <kind>archive</kind>
         <file>rts2800_fpu32_eabi.lib</file>
         <name>errno.c.obj</name>
      </input_file>
      <input_file id="fl-4c">
         <path>C:\TI\ccs1281\ccs\tools\compiler\ti-cgt-c2000_22.6.1.LTS\lib\</path>
         <kind>archive</kind>
         <file>rts2800_fpu32_eabi.lib</file>
         <name>s_frexp.c.obj</name>
      </input_file>
      <input_file id="fl-4d">
         <path>C:\TI\ccs1281\ccs\tools\compiler\ti-cgt-c2000_22.6.1.LTS\lib\</path>
         <kind>archive</kind>
         <file>rts2800_fpu32_eabi.lib</file>
         <name>s_scalbn.c.obj</name>
      </input_file>
      <input_file id="fl-4e">
         <path>C:\TI\ccs1281\ccs\tools\compiler\ti-cgt-c2000_22.6.1.LTS\lib\</path>
         <kind>archive</kind>
         <file>rts2800_fpu32_eabi.lib</file>
         <name>wcslen.c.obj</name>
      </input_file>
      <input_file id="fl-4f">
         <path>C:\TI\ccs1281\ccs\tools\compiler\ti-cgt-c2000_22.6.1.LTS\lib\</path>
         <kind>archive</kind>
         <file>rts2800_fpu32_eabi.lib</file>
         <name>fd_add28.asm.obj</name>
      </input_file>
      <input_file id="fl-50">
         <path>C:\TI\ccs1281\ccs\tools\compiler\ti-cgt-c2000_22.6.1.LTS\lib\</path>
         <kind>archive</kind>
         <file>rts2800_fpu32_eabi.lib</file>
         <name>l_div28.asm.obj</name>
      </input_file>
      <input_file id="fl-51">
         <path>C:\TI\ccs1281\ccs\tools\compiler\ti-cgt-c2000_22.6.1.LTS\lib\</path>
         <kind>archive</kind>
         <file>rts2800_fpu32_eabi.lib</file>
         <name>s_copysign.c.obj</name>
      </input_file>
   </input_file_list>
   <object_component_list>
      <object_component id="oc-22">
         <name>codestart</name>
         <load_address>0x80000</load_address>
         <run_address>0x80000</run_address>
         <size>0x2</size>
         <input_file_ref idref="fl-b"/>
      </object_component>
      <object_component id="oc-1c4">
         <name>.text:PinMux_init</name>
         <load_address>0x82000</load_address>
         <run_address>0x82000</run_address>
         <size>0x167</size>
         <input_file_ref idref="fl-2"/>
      </object_component>
      <object_component id="oc-19c">
         <name>.text:SysCtl_setClock</name>
         <load_address>0x82167</load_address>
         <run_address>0x82167</run_address>
         <size>0x123</size>
         <input_file_ref idref="fl-1b"/>
      </object_component>
      <object_component id="oc-279">
         <name>.text:SysCtl_isPLLValid</name>
         <load_address>0x8228a</load_address>
         <run_address>0x8228a</run_address>
         <size>0xfe</size>
         <input_file_ref idref="fl-1b"/>
      </object_component>
      <object_component id="oc-1e8">
         <name>.text:EPWM_init</name>
         <load_address>0x82388</load_address>
         <run_address>0x82388</run_address>
         <size>0xe4</size>
         <input_file_ref idref="fl-2"/>
      </object_component>
      <object_component id="oc-1b4">
         <name>.text:Device_enableAllPeripherals</name>
         <load_address>0x8246c</load_address>
         <run_address>0x8246c</run_address>
         <size>0xd3</size>
         <input_file_ref idref="fl-a"/>
      </object_component>
      <object_component id="oc-35b">
         <name>.text</name>
         <load_address>0x8253f</load_address>
         <run_address>0x8253f</run_address>
         <size>0x88</size>
         <input_file_ref idref="fl-2a"/>
      </object_component>
      <object_component id="oc-1dc">
         <name>.text:myCMPSS3_init</name>
         <load_address>0x825c7</load_address>
         <run_address>0x825c7</run_address>
         <size>0x83</size>
         <input_file_ref idref="fl-2"/>
      </object_component>
      <object_component id="oc-1fa">
         <name>.text:mySCIB_init</name>
         <load_address>0x8264a</load_address>
         <run_address>0x8264a</run_address>
         <size>0x75</size>
         <input_file_ref idref="fl-2"/>
      </object_component>
      <object_component id="oc-390">
         <name>.text:DCC_setCounterSeeds</name>
         <load_address>0x826bf</load_address>
         <run_address>0x826bf</run_address>
         <size>0x73</size>
         <input_file_ref idref="fl-1b"/>
      </object_component>
      <object_component id="oc-16b">
         <name>.text:OLED_Init</name>
         <load_address>0x82732</load_address>
         <run_address>0x82732</run_address>
         <size>0x73</size>
         <input_file_ref idref="fl-9"/>
      </object_component>
      <object_component id="oc-1ba">
         <name>.text:GPIO_setAnalogMode</name>
         <load_address>0x827a5</load_address>
         <run_address>0x827a5</run_address>
         <size>0x6a</size>
         <input_file_ref idref="fl-17"/>
      </object_component>
      <object_component id="oc-1a2">
         <name>.text:SysCtl_getClock</name>
         <load_address>0x8280f</load_address>
         <run_address>0x8280f</run_address>
         <size>0x65</size>
         <input_file_ref idref="fl-1b"/>
      </object_component>
      <object_component id="oc-14d">
         <name>.text:Device_init</name>
         <load_address>0x82874</load_address>
         <run_address>0x82874</run_address>
         <size>0x5d</size>
         <input_file_ref idref="fl-a"/>
      </object_component>
      <object_component id="oc-30d">
         <name>.text:SPI_setConfig</name>
         <load_address>0x828d1</load_address>
         <run_address>0x828d1</run_address>
         <size>0x5c</size>
         <input_file_ref idref="fl-1a"/>
      </object_component>
      <object_component id="oc-39">
         <name>.text:INT_myADCA_1_ISR</name>
         <load_address>0x8292d</load_address>
         <run_address>0x8292d</run_address>
         <size>0x5b</size>
         <input_file_ref idref="fl-4"/>
      </object_component>
      <object_component id="oc-1d6">
         <name>.text:myADCA_init</name>
         <load_address>0x82988</load_address>
         <run_address>0x82988</run_address>
         <size>0x56</size>
         <input_file_ref idref="fl-2"/>
      </object_component>
      <object_component id="oc-291">
         <name>.text:GPIO_setPadConfig</name>
         <load_address>0x829de</load_address>
         <run_address>0x829de</run_address>
         <size>0x52</size>
         <input_file_ref idref="fl-17"/>
      </object_component>
      <object_component id="oc-2a7">
         <name>.text:CMPSS_configFilterHigh</name>
         <load_address>0x82a30</load_address>
         <run_address>0x82a30</run_address>
         <size>0x49</size>
         <input_file_ref idref="fl-13"/>
      </object_component>
      <object_component id="oc-2ad">
         <name>.text:CMPSS_configFilterLow</name>
         <load_address>0x82a79</load_address>
         <run_address>0x82a79</run_address>
         <size>0x49</size>
         <input_file_ref idref="fl-13"/>
      </object_component>
      <object_component id="oc-26d">
         <name>.text:SysCtl_selectOscSource</name>
         <load_address>0x82ac2</load_address>
         <run_address>0x82ac2</run_address>
         <size>0x49</size>
         <input_file_ref idref="fl-1b"/>
      </object_component>
      <object_component id="oc-2b3">
         <name>.text:CMPSS_configRamp</name>
         <load_address>0x82b0b</load_address>
         <run_address>0x82b0b</run_address>
         <size>0x48</size>
         <input_file_ref idref="fl-13"/>
      </object_component>
      <object_component id="oc-34d">
         <name>.text:SysCtl_selectXTAL</name>
         <load_address>0x82b53</load_address>
         <run_address>0x82b53</run_address>
         <size>0x46</size>
         <input_file_ref idref="fl-1b"/>
      </object_component>
      <object_component id="oc-300">
         <name>.text:SCI_clearInterruptStatus</name>
         <load_address>0x82b99</load_address>
         <run_address>0x82b99</run_address>
         <size>0x45</size>
         <input_file_ref idref="fl-19"/>
      </object_component>
      <object_component id="oc-41e">
         <name>.text:SysCtl_pollX1Counter</name>
         <load_address>0x82bde</load_address>
         <run_address>0x82bde</run_address>
         <size>0x45</size>
         <input_file_ref idref="fl-1b"/>
      </object_component>
      <object_component id="oc-306">
         <name>.text:SCI_setConfig</name>
         <load_address>0x82c23</load_address>
         <run_address>0x82c23</run_address>
         <size>0x3e</size>
         <input_file_ref idref="fl-19"/>
      </object_component>
      <object_component id="oc-159">
         <name>.text:Interrupt_initModule</name>
         <load_address>0x82c61</load_address>
         <run_address>0x82c61</run_address>
         <size>0x3d</size>
         <input_file_ref idref="fl-18"/>
      </object_component>
      <object_component id="oc-333">
         <name>.text:OLED_Refresh</name>
         <load_address>0x82c9e</load_address>
         <run_address>0x82c9e</run_address>
         <size>0x3c</size>
         <input_file_ref idref="fl-9"/>
      </object_component>
      <object_component id="oc-200">
         <name>.text:FLASH_SPI_init</name>
         <load_address>0x82cda</load_address>
         <run_address>0x82cda</run_address>
         <size>0x3b</size>
         <input_file_ref idref="fl-2"/>
      </object_component>
      <object_component id="oc-3de">
         <name>.text:GPIO_setControllerCore</name>
         <load_address>0x82d15</load_address>
         <run_address>0x82d15</run_address>
         <size>0x37</size>
         <input_file_ref idref="fl-17"/>
      </object_component>
      <object_component id="oc-28b">
         <name>.text:GPIO_setPinConfig</name>
         <load_address>0x82d4c</load_address>
         <run_address>0x82d4c</run_address>
         <size>0x37</size>
         <input_file_ref idref="fl-17"/>
      </object_component>
      <object_component id="oc-297">
         <name>.text:GPIO_setQualificationMode</name>
         <load_address>0x82d83</load_address>
         <run_address>0x82d83</run_address>
         <size>0x37</size>
         <input_file_ref idref="fl-17"/>
      </object_component>
      <object_component id="oc-74">
         <name>.text:Interrupt_enable</name>
         <load_address>0x82dba</load_address>
         <run_address>0x82dba</run_address>
         <size>0x37</size>
         <input_file_ref idref="fl-18"/>
      </object_component>
      <object_component id="oc-3d8">
         <name>.text:GPIO_setDirectionMode</name>
         <load_address>0x82df1</load_address>
         <run_address>0x82df1</run_address>
         <size>0x31</size>
         <input_file_ref idref="fl-17"/>
      </object_component>
      <object_component id="oc-15">
         <name>.text:decompress:lzss</name>
         <load_address>0x82e22</load_address>
         <run_address>0x82e22</run_address>
         <size>0x30</size>
         <input_file_ref idref="fl-30"/>
      </object_component>
      <object_component id="oc-2c8">
         <name>.text:XBAR_setEPWMMuxConfig</name>
         <load_address>0x82e52</load_address>
         <run_address>0x82e52</run_address>
         <size>0x2f</size>
         <input_file_ref idref="fl-1c"/>
      </object_component>
      <object_component id="oc-125">
         <name>.text:main</name>
         <load_address>0x82e81</load_address>
         <run_address>0x82e81</run_address>
         <size>0x2e</size>
         <input_file_ref idref="fl-4"/>
      </object_component>
      <object_component id="oc-2b9">
         <name>.text:CMPSS_configLatchOnPWMSYNC</name>
         <load_address>0x82eaf</load_address>
         <run_address>0x82eaf</run_address>
         <size>0x2b</size>
         <input_file_ref idref="fl-13"/>
      </object_component>
      <object_component id="oc-f5">
         <name>.text:__TI_auto_init_nobinit_nopinit</name>
         <load_address>0x82eda</load_address>
         <run_address>0x82eda</run_address>
         <size>0x2b</size>
         <input_file_ref idref="fl-2d"/>
      </object_component>
      <object_component id="oc-df">
         <name>.text</name>
         <load_address>0x82f05</load_address>
         <run_address>0x82f05</run_address>
         <size>0x29</size>
         <input_file_ref idref="fl-31"/>
      </object_component>
      <object_component id="oc-3b9">
         <name>.text:ADC_setOffsetTrimAll</name>
         <load_address>0x82f2e</load_address>
         <run_address>0x82f2e</run_address>
         <size>0x28</size>
         <input_file_ref idref="fl-12"/>
      </object_component>
      <object_component id="oc-2a0">
         <name>.text:ADC_setVREF</name>
         <load_address>0x82f56</load_address>
         <run_address>0x82f56</run_address>
         <size>0x27</size>
         <input_file_ref idref="fl-12"/>
      </object_component>
      <object_component id="oc-1e2">
         <name>.text:myCPUTIMER0_init</name>
         <load_address>0x82f7d</load_address>
         <run_address>0x82f7d</run_address>
         <size>0x26</size>
         <input_file_ref idref="fl-2"/>
      </object_component>
      <object_component id="oc-353">
         <name>.text:SysCtl_selectXTALSingleEnded</name>
         <load_address>0x82fa3</load_address>
         <run_address>0x82fa3</run_address>
         <size>0x25</size>
         <input_file_ref idref="fl-1b"/>
      </object_component>
      <object_component id="oc-396">
         <name>.text:DCC_enableSingleShotMode</name>
         <load_address>0x82fc8</load_address>
         <run_address>0x82fc8</run_address>
         <size>0x24</size>
         <input_file_ref idref="fl-1b"/>
      </object_component>
      <object_component id="oc-372">
         <name>.text:DCC_disableModule</name>
         <load_address>0x82fec</load_address>
         <run_address>0x82fec</run_address>
         <size>0x14</size>
         <input_file_ref idref="fl-1b"/>
      </object_component>
      <object_component id="oc-31d">
         <name>.text:Send_Byte</name>
         <load_address>0x83000</load_address>
         <run_address>0x83000</run_address>
         <size>0x23</size>
         <input_file_ref idref="fl-9"/>
      </object_component>
      <object_component id="oc-384">
         <name>.text:DCC_setCounter0ClkSource</name>
         <load_address>0x83023</load_address>
         <run_address>0x83023</run_address>
         <size>0x1e</size>
         <input_file_ref idref="fl-1b"/>
      </object_component>
      <object_component id="oc-38a">
         <name>.text:DCC_setCounter1ClkSource</name>
         <load_address>0x83041</load_address>
         <run_address>0x83041</run_address>
         <size>0x1e</size>
         <input_file_ref idref="fl-1b"/>
      </object_component>
      <object_component id="oc-43">
         <name>.text:Interrupt_initVectorTable</name>
         <load_address>0x8305f</load_address>
         <run_address>0x8305f</run_address>
         <size>0x1e</size>
         <input_file_ref idref="fl-18"/>
      </object_component>
      <object_component id="oc-209">
         <name>.text:OLED_WR_Byte</name>
         <load_address>0x8307d</load_address>
         <run_address>0x8307d</run_address>
         <size>0x1e</size>
         <input_file_ref idref="fl-9"/>
      </object_component>
      <object_component id="oc-5a">
         <name>.text</name>
         <load_address>0x8309b</load_address>
         <run_address>0x8309b</run_address>
         <size>0x1d</size>
         <input_file_ref idref="fl-2b"/>
      </object_component>
      <object_component id="oc-15f">
         <name>.text:Board_init</name>
         <load_address>0x830b8</load_address>
         <run_address>0x830b8</run_address>
         <size>0x1b</size>
         <input_file_ref idref="fl-2"/>
      </object_component>
      <object_component id="oc-3c1">
         <name>.text:CMPSS_isBaseValid</name>
         <load_address>0x830d3</load_address>
         <run_address>0x830d3</run_address>
         <size>0x1b</size>
         <input_file_ref idref="fl-13"/>
      </object_component>
      <object_component id="oc-bd">
         <name>.text:Key_GetState</name>
         <load_address>0x830ee</load_address>
         <run_address>0x830ee</run_address>
         <size>0x1a</size>
         <input_file_ref idref="fl-8"/>
      </object_component>
      <object_component id="oc-1ae">
         <name>.text:SysCtl_getLowSpeedClock</name>
         <load_address>0x83108</load_address>
         <run_address>0x83108</run_address>
         <size>0x1a</size>
         <input_file_ref idref="fl-1b"/>
      </object_component>
      <object_component id="oc-2cf">
         <name>.text:LED0_init</name>
         <load_address>0x83122</load_address>
         <run_address>0x83122</run_address>
         <size>0x19</size>
         <input_file_ref idref="fl-2"/>
      </object_component>
      <object_component id="oc-273">
         <name>.text:SysCtl_setPLLSysClk</name>
         <load_address>0x8313b</load_address>
         <run_address>0x8313b</run_address>
         <size>0x19</size>
         <input_file_ref idref="fl-1b"/>
      </object_component>
      <object_component id="oc-3fb">
         <name>.text:SCI_disableModule</name>
         <load_address>0x83154</load_address>
         <run_address>0x83154</run_address>
         <size>0x18</size>
         <input_file_ref idref="fl-19"/>
      </object_component>
      <object_component id="oc-3f3">
         <name>.text:SCI_performSoftwareReset</name>
         <load_address>0x8316c</load_address>
         <run_address>0x8316c</run_address>
         <size>0x18</size>
         <input_file_ref idref="fl-19"/>
      </object_component>
      <object_component id="oc-3b2">
         <name>.text:ADC_isBaseValid</name>
         <load_address>0x83184</load_address>
         <run_address>0x83184</run_address>
         <size>0x17</size>
         <input_file_ref idref="fl-12"/>
      </object_component>
      <object_component id="oc-3cd">
         <name>.text:CPUTimer_isBaseValid</name>
         <load_address>0x8319b</load_address>
         <run_address>0x8319b</run_address>
         <size>0x17</size>
         <input_file_ref idref="fl-14"/>
      </object_component>
      <object_component id="oc-317">
         <name>.text:I2C_Start</name>
         <load_address>0x831b2</load_address>
         <run_address>0x831b2</run_address>
         <size>0x17</size>
         <input_file_ref idref="fl-9"/>
      </object_component>
      <object_component id="oc-2e">
         <name>.text:INTERRUPT_init</name>
         <load_address>0x831c9</load_address>
         <run_address>0x831c9</run_address>
         <size>0x17</size>
         <input_file_ref idref="fl-2"/>
      </object_component>
      <object_component id="oc-7e">
         <name>.text:Key_Tick</name>
         <load_address>0x831e0</load_address>
         <run_address>0x831e0</run_address>
         <size>0x17</size>
         <input_file_ref idref="fl-8"/>
      </object_component>
      <object_component id="oc-360">
         <name>.text:SysCtl_enablePeripheral</name>
         <load_address>0x831f7</load_address>
         <run_address>0x831f7</run_address>
         <size>0x17</size>
         <input_file_ref idref="fl-1b"/>
      </object_component>
      <object_component id="oc-9e">
         <name>.text</name>
         <load_address>0x8320e</load_address>
         <run_address>0x8320e</run_address>
         <size>0x17</size>
         <input_file_ref idref="fl-29"/>
      </object_component>
      <object_component id="oc-37e">
         <name>.text:DCC_disableDoneSignal</name>
         <load_address>0x83225</load_address>
         <run_address>0x83225</run_address>
         <size>0x16</size>
         <input_file_ref idref="fl-1b"/>
      </object_component>
      <object_component id="oc-3f">
         <name>.text:Interrupt_defaultHandler</name>
         <load_address>0x8323b</load_address>
         <run_address>0x8323b</run_address>
         <size>0x16</size>
         <input_file_ref idref="fl-18"/>
      </object_component>
      <object_component id="oc-36c">
         <name>.text:DCC_clearDoneFlag</name>
         <load_address>0x83251</load_address>
         <run_address>0x83251</run_address>
         <size>0x15</size>
         <input_file_ref idref="fl-1b"/>
      </object_component>
      <object_component id="oc-366">
         <name>.text:DCC_clearErrorFlag</name>
         <load_address>0x83266</load_address>
         <run_address>0x83266</run_address>
         <size>0x15</size>
         <input_file_ref idref="fl-1b"/>
      </object_component>
      <object_component id="oc-378">
         <name>.text:DCC_disableErrorSignal</name>
         <load_address>0x8327b</load_address>
         <run_address>0x8327b</run_address>
         <size>0x15</size>
         <input_file_ref idref="fl-1b"/>
      </object_component>
      <object_component id="oc-42e">
         <name>.text:DCC_isBaseValid</name>
         <load_address>0x83290</load_address>
         <run_address>0x83290</run_address>
         <size>0x15</size>
         <input_file_ref idref="fl-1b"/>
      </object_component>
      <object_component id="oc-39c">
         <name>.text:DCC_enableModule</name>
         <load_address>0x832a5</load_address>
         <run_address>0x832a5</run_address>
         <size>0x14</size>
         <input_file_ref idref="fl-1b"/>
      </object_component>
      <object_component id="oc-2d5">
         <name>.text:FLASH_CS_init</name>
         <load_address>0x832b9</load_address>
         <run_address>0x832b9</run_address>
         <size>0x14</size>
         <input_file_ref idref="fl-2"/>
      </object_component>
      <object_component id="oc-3aa">
         <name>.text:GPIO_isPinValid</name>
         <load_address>0x832cd</load_address>
         <run_address>0x832cd</run_address>
         <size>0x14</size>
         <input_file_ref idref="fl-17"/>
      </object_component>
      <object_component id="oc-2e7">
         <name>.text:KEY0_init</name>
         <load_address>0x832e1</load_address>
         <run_address>0x832e1</run_address>
         <size>0x14</size>
         <input_file_ref idref="fl-2"/>
      </object_component>
      <object_component id="oc-2ed">
         <name>.text:KEY1_init</name>
         <load_address>0x832f5</load_address>
         <run_address>0x832f5</run_address>
         <size>0x14</size>
         <input_file_ref idref="fl-2"/>
      </object_component>
      <object_component id="oc-2f3">
         <name>.text:KEY2_init</name>
         <load_address>0x83309</load_address>
         <run_address>0x83309</run_address>
         <size>0x14</size>
         <input_file_ref idref="fl-2"/>
      </object_component>
      <object_component id="oc-2db">
         <name>.text:SCREEN_SCL_init</name>
         <load_address>0x8331d</load_address>
         <run_address>0x8331d</run_address>
         <size>0x14</size>
         <input_file_ref idref="fl-2"/>
      </object_component>
      <object_component id="oc-2e1">
         <name>.text:SCREEN_SDA_init</name>
         <load_address>0x83331</load_address>
         <run_address>0x83331</run_address>
         <size>0x14</size>
         <input_file_ref idref="fl-2"/>
      </object_component>
      <object_component id="oc-2f9">
         <name>.text:TEST_GPIO_init</name>
         <load_address>0x83345</load_address>
         <run_address>0x83345</run_address>
         <size>0x14</size>
         <input_file_ref idref="fl-2"/>
      </object_component>
      <object_component id="oc-2c0">
         <name>.text:CPUTimer_setEmulationMode</name>
         <load_address>0x83359</load_address>
         <run_address>0x83359</run_address>
         <size>0x13</size>
         <input_file_ref idref="fl-14"/>
      </object_component>
      <object_component id="oc-323">
         <name>.text:I2C_WaitAck</name>
         <load_address>0x8336c</load_address>
         <run_address>0x8336c</run_address>
         <size>0x13</size>
         <input_file_ref idref="fl-9"/>
      </object_component>
      <object_component id="oc-401">
         <name>.text:SCI_enableModule</name>
         <load_address>0x8337f</load_address>
         <run_address>0x8337f</run_address>
         <size>0x13</size>
         <input_file_ref idref="fl-19"/>
      </object_component>
      <object_component id="oc-3ec">
         <name>.text:SCI_isBaseValid</name>
         <load_address>0x83392</load_address>
         <run_address>0x83392</run_address>
         <size>0x13</size>
         <input_file_ref idref="fl-19"/>
      </object_component>
      <object_component id="oc-408">
         <name>.text:SPI_isBaseValid</name>
         <load_address>0x833a5</load_address>
         <run_address>0x833a5</run_address>
         <size>0x13</size>
         <input_file_ref idref="fl-1a"/>
      </object_component>
      <object_component id="oc-1f4">
         <name>.text:GPIO_init</name>
         <load_address>0x833b8</load_address>
         <run_address>0x833b8</run_address>
         <size>0x11</size>
         <input_file_ref idref="fl-2"/>
      </object_component>
      <object_component id="oc-20f">
         <name>.text:OLED_Clear</name>
         <load_address>0x833c9</load_address>
         <run_address>0x833c9</run_address>
         <size>0x11</size>
         <input_file_ref idref="fl-9"/>
      </object_component>
      <object_component id="oc-1ca">
         <name>.text:SYNC_init</name>
         <load_address>0x833da</load_address>
         <run_address>0x833da</run_address>
         <size>0x11</size>
         <input_file_ref idref="fl-2"/>
      </object_component>
      <object_component id="oc-153">
         <name>.text:Device_initGPIO</name>
         <load_address>0x833eb</load_address>
         <run_address>0x833eb</run_address>
         <size>0x10</size>
         <input_file_ref idref="fl-a"/>
      </object_component>
      <object_component id="oc-226">
         <name>.text:Flash_isCtrlBaseValid</name>
         <load_address>0x833fb</load_address>
         <run_address>0x833fb</run_address>
         <size>0x10</size>
         <input_file_ref idref="fl-16"/>
      </object_component>
      <object_component id="oc-22d">
         <name>.text:Flash_isECCBaseValid</name>
         <load_address>0x8340b</load_address>
         <run_address>0x8340b</run_address>
         <size>0x10</size>
         <input_file_ref idref="fl-16"/>
      </object_component>
      <object_component id="oc-2d">
         <name>.text:INT_myCPUTIMER0_ISR</name>
         <load_address>0x8341b</load_address>
         <run_address>0x8341b</run_address>
         <size>0x10</size>
         <input_file_ref idref="fl-4"/>
      </object_component>
      <object_component id="oc-329">
         <name>.text:I2C_Stop</name>
         <load_address>0x8342b</load_address>
         <run_address>0x8342b</run_address>
         <size>0xf</size>
         <input_file_ref idref="fl-9"/>
      </object_component>
      <object_component id="oc-a4">
         <name>.text:Interrupt_disableGlobal</name>
         <load_address>0x8343a</load_address>
         <run_address>0x8343a</run_address>
         <size>0xd</size>
         <input_file_ref idref="fl-18"/>
      </object_component>
      <object_component id="oc-aa">
         <name>.text:Interrupt_enableGlobal</name>
         <load_address>0x83447</load_address>
         <run_address>0x83447</run_address>
         <size>0xd</size>
         <input_file_ref idref="fl-18"/>
      </object_component>
      <object_component id="oc-1ee">
         <name>.text:myEPWMXBAR4_init</name>
         <load_address>0x83454</load_address>
         <run_address>0x83454</run_address>
         <size>0xd</size>
         <input_file_ref idref="fl-2"/>
      </object_component>
      <object_component id="oc-d9">
         <name>.text</name>
         <load_address>0x83461</load_address>
         <run_address>0x83461</run_address>
         <size>0xc</size>
         <input_file_ref idref="fl-33"/>
      </object_component>
      <object_component id="oc-1d0">
         <name>.text:ASYSCTL_init</name>
         <load_address>0x8346d</load_address>
         <run_address>0x8346d</run_address>
         <size>0xb</size>
         <input_file_ref idref="fl-2"/>
      </object_component>
      <object_component id="oc-266">
         <name>.text:SysCtl_isMCDClockFailureDetected</name>
         <load_address>0x83478</load_address>
         <run_address>0x83478</run_address>
         <size>0xb</size>
         <input_file_ref idref="fl-1b"/>
      </object_component>
      <object_component id="oc-4b">
         <name>.text:Interrupt_illegalOperationHandler</name>
         <load_address>0x83483</load_address>
         <run_address>0x83483</run_address>
         <size>0xa</size>
         <input_file_ref idref="fl-18"/>
      </object_component>
      <object_component id="oc-51">
         <name>.text:Interrupt_nmiHandler</name>
         <load_address>0x8348d</load_address>
         <run_address>0x8348d</run_address>
         <size>0xa</size>
         <input_file_ref idref="fl-18"/>
      </object_component>
      <object_component id="oc-183">
         <name>.text</name>
         <load_address>0x83497</load_address>
         <run_address>0x83497</run_address>
         <size>0x9</size>
         <input_file_ref idref="fl-32"/>
      </object_component>
      <object_component id="oc-1b">
         <name>.text:decompress:none</name>
         <load_address>0x834a0</load_address>
         <run_address>0x834a0</run_address>
         <size>0x8</size>
         <input_file_ref idref="fl-2f"/>
      </object_component>
      <object_component id="oc-6e">
         <name>.text</name>
         <load_address>0x834a8</load_address>
         <run_address>0x834a8</run_address>
         <size>0x8</size>
         <input_file_ref idref="fl-b"/>
      </object_component>
      <object_component id="oc-424">
         <name>.text:SysCtl_resetMCD</name>
         <load_address>0x834b0</load_address>
         <run_address>0x834b0</run_address>
         <size>0x7</size>
         <input_file_ref idref="fl-1b"/>
      </object_component>
      <object_component id="oc-97">
         <name>.text</name>
         <load_address>0x834b7</load_address>
         <run_address>0x834b7</run_address>
         <size>0x7</size>
         <input_file_ref idref="fl-34"/>
      </object_component>
      <object_component id="oc-68">
         <name>.text:decompress:ZI</name>
         <load_address>0x834be</load_address>
         <run_address>0x834be</run_address>
         <size>0x6</size>
         <input_file_ref idref="fl-2e"/>
      </object_component>
      <object_component id="oc-177">
         <name>.text:Key_GetNum</name>
         <load_address>0x834c4</load_address>
         <run_address>0x834c4</run_address>
         <size>0x5</size>
         <input_file_ref idref="fl-8"/>
      </object_component>
      <object_component id="oc-171">
         <name>.text:Key_Open</name>
         <load_address>0x834c9</load_address>
         <run_address>0x834c9</run_address>
         <size>0x5</size>
         <input_file_ref idref="fl-8"/>
      </object_component>
      <object_component id="oc-411">
         <name>.text:IIC_delay</name>
         <load_address>0x834ce</load_address>
         <run_address>0x834ce</run_address>
         <size>0x4</size>
         <input_file_ref idref="fl-9"/>
      </object_component>
      <object_component id="oc-45c">
         <name>.text:delay_us</name>
         <load_address>0x834d2</load_address>
         <run_address>0x834d2</run_address>
         <size>0x4</size>
         <input_file_ref idref="fl-5"/>
      </object_component>
      <object_component id="oc-1a8">
         <name>.text:__error__</name>
         <load_address>0x834d6</load_address>
         <run_address>0x834d6</run_address>
         <size>0x3</size>
         <input_file_ref idref="fl-a"/>
      </object_component>
      <object_component id="oc-d2">
         <name>.text</name>
         <load_address>0x834d9</load_address>
         <run_address>0x834d9</run_address>
         <size>0x2</size>
         <input_file_ref idref="fl-2c"/>
      </object_component>
      <object_component id="oc-165">
         <name>.text:C2000Ware_libraries_init</name>
         <load_address>0x834db</load_address>
         <run_address>0x834db</run_address>
         <size>0x1</size>
         <input_file_ref idref="fl-3"/>
      </object_component>
      <object_component id="oc-138">
         <name>.text</name>
         <load_address>0x834dc</load_address>
         <run_address>0x834dc</run_address>
         <size>0x1</size>
         <input_file_ref idref="fl-43"/>
      </object_component>
      <object_component id="oc-49c">
         <name>.cinit..data.load</name>
         <load_address>0x81130</load_address>
         <run_address>0x81130</run_address>
         <size>0xa</size>
      </object_component>
      <object_component id="oc-493">
         <name>__TI_handler_table</name>
         <load_address>0x8113a</load_address>
         <run_address>0x8113a</run_address>
         <size>0x6</size>
      </object_component>
      <object_component id="oc-495">
         <name>.cinit..bss.load</name>
         <load_address>0x81140</load_address>
         <run_address>0x81140</run_address>
         <size>0x4</size>
      </object_component>
      <object_component id="oc-494">
         <name>__TI_cinit_table</name>
         <load_address>0x81144</load_address>
         <run_address>0x81144</run_address>
         <size>0x8</size>
      </object_component>
      <object_component id="oc-57">
         <name>.stack</name>
         <uninitialized>true</uninitialized>
         <run_address>0x400</run_address>
         <size>0x0</size>
         <input_file_ref idref="fl-29"/>
      </object_component>
      <object_component id="oc-497">
         <name>.stack</name>
         <uninitialized>true</uninitialized>
         <run_address>0x400</run_address>
         <size>0x0</size>
      </object_component>
      <object_component id="oc-84">
         <name>.bss</name>
         <uninitialized>true</uninitialized>
         <run_address>0xac84</run_address>
         <size>0x4</size>
         <input_file_ref idref="fl-4"/>
      </object_component>
      <object_component id="oc-ba">
         <name>.bss</name>
         <uninitialized>true</uninitialized>
         <run_address>0xac80</run_address>
         <size>0x4</size>
         <input_file_ref idref="fl-8"/>
      </object_component>
      <object_component id="oc-330">
         <name>.bss:OLED_GRAM</name>
         <uninitialized>true</uninitialized>
         <run_address>0xa800</run_address>
         <size>0x480</size>
         <input_file_ref idref="fl-9"/>
      </object_component>
      <object_component id="oc-12d">
         <name>.data</name>
         <load_address>0xac88</load_address>
         <run_address>0xac88</run_address>
         <size>0x6</size>
         <input_file_ref idref="fl-31"/>
      </object_component>
      <object_component id="oc-130">
         <name>.data:_lock</name>
         <load_address>0xac8e</load_address>
         <run_address>0xac8e</run_address>
         <size>0x2</size>
         <input_file_ref idref="fl-32"/>
      </object_component>
      <object_component id="oc-219">
         <name>.data:_unlock</name>
         <load_address>0xac90</load_address>
         <run_address>0xac90</run_address>
         <size>0x2</size>
         <input_file_ref idref="fl-32"/>
      </object_component>
      <object_component id="oc-b7">
         <name>.data</name>
         <load_address>0xac92</load_address>
         <run_address>0xac92</run_address>
         <size>0x1</size>
         <input_file_ref idref="fl-8"/>
      </object_component>
      <object_component id="oc-22c">
         <name>.const:.string</name>
         <load_address>0x84000</load_address>
         <run_address>0x84000</run_address>
         <size>0x9b</size>
         <input_file_ref idref="fl-16"/>
      </object_component>
      <object_component id="oc-265">
         <name>.const:.string</name>
         <load_address>0x8409c</load_address>
         <run_address>0x8409c</run_address>
         <size>0x9a</size>
         <input_file_ref idref="fl-1b"/>
      </object_component>
      <object_component id="oc-285">
         <name>.const:.string</name>
         <load_address>0x84136</load_address>
         <run_address>0x84136</run_address>
         <size>0x98</size>
         <input_file_ref idref="fl-17"/>
      </object_component>
      <object_component id="oc-3f2">
         <name>.const:.string</name>
         <load_address>0x841ce</load_address>
         <run_address>0x841ce</run_address>
         <size>0x97</size>
         <input_file_ref idref="fl-19"/>
      </object_component>
      <object_component id="oc-40e">
         <name>.const:.string</name>
         <load_address>0x84266</load_address>
         <run_address>0x84266</run_address>
         <size>0x97</size>
         <input_file_ref idref="fl-1a"/>
      </object_component>
      <object_component id="oc-3d3">
         <name>.const:.string</name>
         <load_address>0x842fe</load_address>
         <run_address>0x842fe</run_address>
         <size>0x50</size>
         <input_file_ref idref="fl-14"/>
      </object_component>
      <object_component id="oc-3c7">
         <name>.const:.string</name>
         <load_address>0x8434e</load_address>
         <run_address>0x8434e</run_address>
         <size>0x4d</size>
         <input_file_ref idref="fl-13"/>
      </object_component>
      <object_component id="oc-3b8">
         <name>.const:.string</name>
         <load_address>0x8439c</load_address>
         <run_address>0x8439c</run_address>
         <size>0x4b</size>
         <input_file_ref idref="fl-12"/>
      </object_component>
      <object_component id="oc-196">
         <name>.TI.ramfunc:Flash_initModule</name>
         <load_address>0x81000</load_address>
         <run_address>0x8000</run_address>
         <size>0x49</size>
         <input_file_ref idref="fl-16"/>
      </object_component>
      <object_component id="oc-233">
         <name>.TI.ramfunc:Flash_setBankPowerMode</name>
         <load_address>0x81049</load_address>
         <run_address>0x8049</run_address>
         <size>0x2c</size>
         <input_file_ref idref="fl-16"/>
      </object_component>
      <object_component id="oc-24b">
         <name>.TI.ramfunc:Flash_setWaitstates</name>
         <load_address>0x81075</load_address>
         <run_address>0x8075</run_address>
         <size>0x24</size>
         <input_file_ref idref="fl-16"/>
      </object_component>
      <object_component id="oc-239">
         <name>.TI.ramfunc:Flash_setPumpPowerMode</name>
         <load_address>0x81099</load_address>
         <run_address>0x8099</run_address>
         <size>0x1d</size>
         <input_file_ref idref="fl-16"/>
      </object_component>
      <object_component id="oc-23f">
         <name>.TI.ramfunc:Flash_disableCache</name>
         <load_address>0x810b6</load_address>
         <run_address>0x80b6</run_address>
         <size>0x18</size>
         <input_file_ref idref="fl-16"/>
      </object_component>
      <object_component id="oc-245">
         <name>.TI.ramfunc:Flash_disablePrefetch</name>
         <load_address>0x810ce</load_address>
         <run_address>0x80ce</run_address>
         <size>0x18</size>
         <input_file_ref idref="fl-16"/>
      </object_component>
      <object_component id="oc-251">
         <name>.TI.ramfunc:Flash_enableCache</name>
         <load_address>0x810e6</load_address>
         <run_address>0x80e6</run_address>
         <size>0x17</size>
         <input_file_ref idref="fl-16"/>
      </object_component>
      <object_component id="oc-257">
         <name>.TI.ramfunc:Flash_enablePrefetch</name>
         <load_address>0x810fd</load_address>
         <run_address>0x80fd</run_address>
         <size>0x17</size>
         <input_file_ref idref="fl-16"/>
      </object_component>
      <object_component id="oc-25d">
         <name>.TI.ramfunc:Flash_enableECC</name>
         <load_address>0x81114</load_address>
         <run_address>0x8114</run_address>
         <size>0x16</size>
         <input_file_ref idref="fl-16"/>
      </object_component>
      <object_component id="oc-26c">
         <name>.TI.ramfunc</name>
         <load_address>0x8112a</load_address>
         <run_address>0x812a</run_address>
         <size>0x4</size>
         <input_file_ref idref="fl-1b"/>
      </object_component>
      <object_component id="oc-7b">
         <name>.debug_types</name>
         <load_address>0x0</load_address>
         <run_address>0x0</run_address>
         <size>0x4415</size>
         <input_file_ref idref="fl-2"/>
      </object_component>
      <object_component id="oc-208">
         <name>.debug_types</name>
         <load_address>0x0</load_address>
         <run_address>0x0</run_address>
         <size>0x0</size>
         <input_file_ref idref="fl-3"/>
      </object_component>
      <object_component id="oc-7d">
         <name>.debug_types</name>
         <load_address>0x4415</load_address>
         <run_address>0x4415</run_address>
         <size>0x35</size>
         <input_file_ref idref="fl-4"/>
      </object_component>
      <object_component id="oc-467">
         <name>.debug_types</name>
         <load_address>0x444a</load_address>
         <run_address>0x444a</run_address>
         <size>0x20f</size>
         <input_file_ref idref="fl-5"/>
      </object_component>
      <object_component id="oc-c4">
         <name>.debug_types</name>
         <load_address>0x0</load_address>
         <run_address>0x0</run_address>
         <size>0x0</size>
         <input_file_ref idref="fl-8"/>
      </object_component>
      <object_component id="oc-216">
         <name>.debug_types</name>
         <load_address>0x4659</load_address>
         <run_address>0x4659</run_address>
         <size>0x487</size>
         <input_file_ref idref="fl-9"/>
      </object_component>
      <object_component id="oc-1c1">
         <name>.debug_types</name>
         <load_address>0x4ae0</load_address>
         <run_address>0x4ae0</run_address>
         <size>0xbed</size>
         <input_file_ref idref="fl-a"/>
      </object_component>
      <object_component id="oc-3c0">
         <name>.debug_types</name>
         <load_address>0x56cd</load_address>
         <run_address>0x56cd</run_address>
         <size>0x17c</size>
         <input_file_ref idref="fl-12"/>
      </object_component>
      <object_component id="oc-3c9">
         <name>.debug_types</name>
         <load_address>0x0</load_address>
         <run_address>0x0</run_address>
         <size>0x0</size>
         <input_file_ref idref="fl-13"/>
      </object_component>
      <object_component id="oc-3d5">
         <name>.debug_types</name>
         <load_address>0x0</load_address>
         <run_address>0x0</run_address>
         <size>0x0</size>
         <input_file_ref idref="fl-14"/>
      </object_component>
      <object_component id="oc-264">
         <name>.debug_types</name>
         <load_address>0x5849</load_address>
         <run_address>0x5849</run_address>
         <size>0x1fa</size>
         <input_file_ref idref="fl-16"/>
      </object_component>
      <object_component id="oc-287">
         <name>.debug_types</name>
         <load_address>0x5a43</load_address>
         <run_address>0x5a43</run_address>
         <size>0x2b9</size>
         <input_file_ref idref="fl-17"/>
      </object_component>
      <object_component id="oc-89">
         <name>.debug_types</name>
         <load_address>0x0</load_address>
         <run_address>0x0</run_address>
         <size>0x0</size>
         <input_file_ref idref="fl-18"/>
      </object_component>
      <object_component id="oc-3fa">
         <name>.debug_types</name>
         <load_address>0x5cfc</load_address>
         <run_address>0x5cfc</run_address>
         <size>0x2f</size>
         <input_file_ref idref="fl-19"/>
      </object_component>
      <object_component id="oc-410">
         <name>.debug_types</name>
         <load_address>0x5d2b</load_address>
         <run_address>0x5d2b</run_address>
         <size>0x510</size>
         <input_file_ref idref="fl-1a"/>
      </object_component>
      <object_component id="oc-280">
         <name>.debug_types</name>
         <load_address>0x623b</load_address>
         <run_address>0x623b</run_address>
         <size>0x768</size>
         <input_file_ref idref="fl-1b"/>
      </object_component>
      <object_component id="oc-3d7">
         <name>.debug_types</name>
         <load_address>0x69a3</load_address>
         <run_address>0x69a3</run_address>
         <size>0x2c03</size>
         <input_file_ref idref="fl-1c"/>
      </object_component>
      <object_component id="oc-91">
         <name>.debug_types</name>
         <load_address>0x95a6</load_address>
         <run_address>0x95a6</run_address>
         <size>0xb8</size>
         <input_file_ref idref="fl-2b"/>
      </object_component>
      <object_component id="oc-f4">
         <name>.debug_types</name>
         <load_address>0x0</load_address>
         <run_address>0x0</run_address>
         <size>0x0</size>
         <input_file_ref idref="fl-2c"/>
      </object_component>
      <object_component id="oc-13f">
         <name>.debug_types</name>
         <load_address>0x965e</load_address>
         <run_address>0x965e</run_address>
         <size>0x4bd</size>
         <input_file_ref idref="fl-2d"/>
      </object_component>
      <object_component id="oc-96">
         <name>.debug_types</name>
         <load_address>0x9b1b</load_address>
         <run_address>0x9b1b</run_address>
         <size>0x165</size>
         <input_file_ref idref="fl-2e"/>
      </object_component>
      <object_component id="oc-61">
         <name>.debug_types</name>
         <load_address>0x0</load_address>
         <run_address>0x0</run_address>
         <size>0x0</size>
         <input_file_ref idref="fl-2f"/>
      </object_component>
      <object_component id="oc-59">
         <name>.debug_types</name>
         <load_address>0x9c80</load_address>
         <run_address>0x9c80</run_address>
         <size>0x191</size>
         <input_file_ref idref="fl-30"/>
      </object_component>
      <object_component id="oc-134">
         <name>.debug_types</name>
         <load_address>0x9e11</load_address>
         <run_address>0x9e11</run_address>
         <size>0xbf</size>
         <input_file_ref idref="fl-31"/>
      </object_component>
      <object_component id="oc-18b">
         <name>.debug_types</name>
         <load_address>0x9ed0</load_address>
         <run_address>0x9ed0</run_address>
         <size>0x2f</size>
         <input_file_ref idref="fl-32"/>
      </object_component>
      <object_component id="oc-12c">
         <name>.debug_types</name>
         <load_address>0x9eff</load_address>
         <run_address>0x9eff</run_address>
         <size>0xe1</size>
         <input_file_ref idref="fl-33"/>
      </object_component>
      <object_component id="oc-d1">
         <name>.debug_types</name>
         <load_address>0x0</load_address>
         <run_address>0x0</run_address>
         <size>0x0</size>
         <input_file_ref idref="fl-34"/>
      </object_component>
      <object_component id="oc-190">
         <name>.debug_types</name>
         <load_address>0x0</load_address>
         <run_address>0x0</run_address>
         <size>0x0</size>
         <input_file_ref idref="fl-43"/>
      </object_component>
      <object_component id="oc-1fb">
         <name>.debug_info</name>
         <load_address>0x0</load_address>
         <run_address>0x0</run_address>
         <size>0x144</size>
         <input_file_ref idref="fl-2"/>
      </object_component>
      <object_component id="oc-1ef">
         <name>.debug_info</name>
         <load_address>0x144</load_address>
         <run_address>0x144</run_address>
         <size>0x138</size>
         <input_file_ref idref="fl-2"/>
      </object_component>
      <object_component id="oc-1e3">
         <name>.debug_info</name>
         <load_address>0x27c</load_address>
         <run_address>0x27c</run_address>
         <size>0x178</size>
         <input_file_ref idref="fl-2"/>
      </object_component>
      <object_component id="oc-1dd">
         <name>.debug_info</name>
         <load_address>0x3f4</load_address>
         <run_address>0x3f4</run_address>
         <size>0x196</size>
         <input_file_ref idref="fl-2"/>
      </object_component>
      <object_component id="oc-1d7">
         <name>.debug_info</name>
         <load_address>0x58a</load_address>
         <run_address>0x58a</run_address>
         <size>0x135</size>
         <input_file_ref idref="fl-2"/>
      </object_component>
      <object_component id="oc-2fa">
         <name>.debug_info</name>
         <load_address>0x6bf</load_address>
         <run_address>0x6bf</run_address>
         <size>0x186</size>
         <input_file_ref idref="fl-2"/>
      </object_component>
      <object_component id="oc-1cb">
         <name>.debug_info</name>
         <load_address>0x845</load_address>
         <run_address>0x845</run_address>
         <size>0x10f</size>
         <input_file_ref idref="fl-2"/>
      </object_component>
      <object_component id="oc-201">
         <name>.debug_info</name>
         <load_address>0x954</load_address>
         <run_address>0x954</run_address>
         <size>0x12c</size>
         <input_file_ref idref="fl-2"/>
      </object_component>
      <object_component id="oc-2e2">
         <name>.debug_info</name>
         <load_address>0xa80</load_address>
         <run_address>0xa80</run_address>
         <size>0x188</size>
         <input_file_ref idref="fl-2"/>
      </object_component>
      <object_component id="oc-2dc">
         <name>.debug_info</name>
         <load_address>0xc08</load_address>
         <run_address>0xc08</run_address>
         <size>0x188</size>
         <input_file_ref idref="fl-2"/>
      </object_component>
      <object_component id="oc-1c5">
         <name>.debug_info</name>
         <load_address>0xd90</load_address>
         <run_address>0xd90</run_address>
         <size>0x87b</size>
         <input_file_ref idref="fl-2"/>
      </object_component>
      <object_component id="oc-2d0">
         <name>.debug_info</name>
         <load_address>0x160b</load_address>
         <run_address>0x160b</run_address>
         <size>0x17c</size>
         <input_file_ref idref="fl-2"/>
      </object_component>
      <object_component id="oc-2f4">
         <name>.debug_info</name>
         <load_address>0x1787</load_address>
         <run_address>0x1787</run_address>
         <size>0x17c</size>
         <input_file_ref idref="fl-2"/>
      </object_component>
      <object_component id="oc-2ee">
         <name>.debug_info</name>
         <load_address>0x1903</load_address>
         <run_address>0x1903</run_address>
         <size>0x17c</size>
         <input_file_ref idref="fl-2"/>
      </object_component>
      <object_component id="oc-2e8">
         <name>.debug_info</name>
         <load_address>0x1a7f</load_address>
         <run_address>0x1a7f</run_address>
         <size>0x17c</size>
         <input_file_ref idref="fl-2"/>
      </object_component>
      <object_component id="oc-2f">
         <name>.debug_info</name>
         <load_address>0x1bfb</load_address>
         <run_address>0x1bfb</run_address>
         <size>0x145</size>
         <input_file_ref idref="fl-2"/>
      </object_component>
      <object_component id="oc-2d8">
         <name>.debug_info</name>
         <load_address>0x1d40</load_address>
         <run_address>0x1d40</run_address>
         <size>0x184</size>
         <input_file_ref idref="fl-2"/>
      </object_component>
      <object_component id="oc-1f7">
         <name>.debug_info</name>
         <load_address>0x1ec4</load_address>
         <run_address>0x1ec4</run_address>
         <size>0x19c</size>
         <input_file_ref idref="fl-2"/>
      </object_component>
      <object_component id="oc-1ea">
         <name>.debug_info</name>
         <load_address>0x2060</load_address>
         <run_address>0x2060</run_address>
         <size>0x10f</size>
         <input_file_ref idref="fl-2"/>
      </object_component>
      <object_component id="oc-1d1">
         <name>.debug_info</name>
         <load_address>0x216f</load_address>
         <run_address>0x216f</run_address>
         <size>0x115</size>
         <input_file_ref idref="fl-2"/>
      </object_component>
      <object_component id="oc-161">
         <name>.debug_info</name>
         <load_address>0x2284</load_address>
         <run_address>0x2284</run_address>
         <size>0x1d3</size>
         <input_file_ref idref="fl-2"/>
      </object_component>
      <object_component id="oc-166">
         <name>.debug_info</name>
         <load_address>0x2457</load_address>
         <run_address>0x2457</run_address>
         <size>0x147</size>
         <input_file_ref idref="fl-3"/>
      </object_component>
      <object_component id="oc-85">
         <name>.debug_info</name>
         <load_address>0x259e</load_address>
         <run_address>0x259e</run_address>
         <size>0x13c</size>
         <input_file_ref idref="fl-4"/>
      </object_component>
      <object_component id="oc-128">
         <name>.debug_info</name>
         <load_address>0x26da</load_address>
         <run_address>0x26da</run_address>
         <size>0x1c2</size>
         <input_file_ref idref="fl-4"/>
      </object_component>
      <object_component id="oc-34">
         <name>.debug_info</name>
         <load_address>0x289c</load_address>
         <run_address>0x289c</run_address>
         <size>0x12b</size>
         <input_file_ref idref="fl-4"/>
      </object_component>
      <object_component id="oc-3c">
         <name>.debug_info</name>
         <load_address>0x29c7</load_address>
         <run_address>0x29c7</run_address>
         <size>0x133</size>
         <input_file_ref idref="fl-4"/>
      </object_component>
      <object_component id="oc-45e">
         <name>.debug_info</name>
         <load_address>0x2afa</load_address>
         <run_address>0x2afa</run_address>
         <size>0x139</size>
         <input_file_ref idref="fl-5"/>
      </object_component>
      <object_component id="oc-bb">
         <name>.debug_info</name>
         <load_address>0x2c33</load_address>
         <run_address>0x2c33</run_address>
         <size>0xed</size>
         <input_file_ref idref="fl-8"/>
      </object_component>
      <object_component id="oc-b8">
         <name>.debug_info</name>
         <load_address>0x2d20</load_address>
         <run_address>0x2d20</run_address>
         <size>0xef</size>
         <input_file_ref idref="fl-8"/>
      </object_component>
      <object_component id="oc-be">
         <name>.debug_info</name>
         <load_address>0x2e0f</load_address>
         <run_address>0x2e0f</run_address>
         <size>0x124</size>
         <input_file_ref idref="fl-8"/>
      </object_component>
      <object_component id="oc-82">
         <name>.debug_info</name>
         <load_address>0x2f33</load_address>
         <run_address>0x2f33</run_address>
         <size>0x186</size>
         <input_file_ref idref="fl-8"/>
      </object_component>
      <object_component id="oc-172">
         <name>.debug_info</name>
         <load_address>0x30b9</load_address>
         <run_address>0x30b9</run_address>
         <size>0x10f</size>
         <input_file_ref idref="fl-8"/>
      </object_component>
      <object_component id="oc-178">
         <name>.debug_info</name>
         <load_address>0x31c8</load_address>
         <run_address>0x31c8</run_address>
         <size>0x12b</size>
         <input_file_ref idref="fl-8"/>
      </object_component>
      <object_component id="oc-331">
         <name>.debug_info</name>
         <load_address>0x32f3</load_address>
         <run_address>0x32f3</run_address>
         <size>0xf2</size>
         <input_file_ref idref="fl-9"/>
      </object_component>
      <object_component id="oc-414">
         <name>.debug_info</name>
         <load_address>0x33e5</load_address>
         <run_address>0x33e5</run_address>
         <size>0x121</size>
         <input_file_ref idref="fl-9"/>
      </object_component>
      <object_component id="oc-320">
         <name>.debug_info</name>
         <load_address>0x3506</load_address>
         <run_address>0x3506</run_address>
         <size>0x14f</size>
         <input_file_ref idref="fl-9"/>
      </object_component>
      <object_component id="oc-31a">
         <name>.debug_info</name>
         <load_address>0x3655</load_address>
         <run_address>0x3655</run_address>
         <size>0x140</size>
         <input_file_ref idref="fl-9"/>
      </object_component>
      <object_component id="oc-326">
         <name>.debug_info</name>
         <load_address>0x3795</load_address>
         <run_address>0x3795</run_address>
         <size>0x144</size>
         <input_file_ref idref="fl-9"/>
      </object_component>
      <object_component id="oc-32c">
         <name>.debug_info</name>
         <load_address>0x38d9</load_address>
         <run_address>0x38d9</run_address>
         <size>0x120</size>
         <input_file_ref idref="fl-9"/>
      </object_component>
      <object_component id="oc-20c">
         <name>.debug_info</name>
         <load_address>0x39f9</load_address>
         <run_address>0x39f9</run_address>
         <size>0x1d4</size>
         <input_file_ref idref="fl-9"/>
      </object_component>
      <object_component id="oc-336">
         <name>.debug_info</name>
         <load_address>0x3bcd</load_address>
         <run_address>0x3bcd</run_address>
         <size>0x1d9</size>
         <input_file_ref idref="fl-9"/>
      </object_component>
      <object_component id="oc-212">
         <name>.debug_info</name>
         <load_address>0x3da6</load_address>
         <run_address>0x3da6</run_address>
         <size>0x127</size>
         <input_file_ref idref="fl-9"/>
      </object_component>
      <object_component id="oc-16e">
         <name>.debug_info</name>
         <load_address>0x3ecd</load_address>
         <run_address>0x3ecd</run_address>
         <size>0x31d</size>
         <input_file_ref idref="fl-9"/>
      </object_component>
      <object_component id="oc-1aa">
         <name>.debug_info</name>
         <load_address>0x41ea</load_address>
         <run_address>0x41ea</run_address>
         <size>0x13b</size>
         <input_file_ref idref="fl-a"/>
      </object_component>
      <object_component id="oc-155">
         <name>.debug_info</name>
         <load_address>0x4325</load_address>
         <run_address>0x4325</run_address>
         <size>0x121</size>
         <input_file_ref idref="fl-a"/>
      </object_component>
      <object_component id="oc-1b6">
         <name>.debug_info</name>
         <load_address>0x4446</load_address>
         <run_address>0x4446</run_address>
         <size>0x139</size>
         <input_file_ref idref="fl-a"/>
      </object_component>
      <object_component id="oc-14e">
         <name>.debug_info</name>
         <load_address>0x457f</load_address>
         <run_address>0x457f</run_address>
         <size>0x1f1</size>
         <input_file_ref idref="fl-a"/>
      </object_component>
      <object_component id="oc-24">
         <name>.debug_info</name>
         <load_address>0x4770</load_address>
         <run_address>0x4770</run_address>
         <size>0x114</size>
         <input_file_ref idref="fl-b"/>
      </object_component>
      <object_component id="oc-6f">
         <name>.debug_info</name>
         <load_address>0x4884</load_address>
         <run_address>0x4884</run_address>
         <size>0x115</size>
         <input_file_ref idref="fl-b"/>
      </object_component>
      <object_component id="oc-3b3">
         <name>.debug_info</name>
         <load_address>0x4999</load_address>
         <run_address>0x4999</run_address>
         <size>0x1cc</size>
         <input_file_ref idref="fl-12"/>
      </object_component>
      <object_component id="oc-2a4">
         <name>.debug_info</name>
         <load_address>0x4b65</load_address>
         <run_address>0x4b65</run_address>
         <size>0x24c</size>
         <input_file_ref idref="fl-12"/>
      </object_component>
      <object_component id="oc-3bb">
         <name>.debug_info</name>
         <load_address>0x4db1</load_address>
         <run_address>0x4db1</run_address>
         <size>0x22f</size>
         <input_file_ref idref="fl-12"/>
      </object_component>
      <object_component id="oc-3c4">
         <name>.debug_info</name>
         <load_address>0x4fe0</load_address>
         <run_address>0x4fe0</run_address>
         <size>0x1d2</size>
         <input_file_ref idref="fl-13"/>
      </object_component>
      <object_component id="oc-2a9">
         <name>.debug_info</name>
         <load_address>0x51b2</load_address>
         <run_address>0x51b2</run_address>
         <size>0x2b8</size>
         <input_file_ref idref="fl-13"/>
      </object_component>
      <object_component id="oc-2ae">
         <name>.debug_info</name>
         <load_address>0x546a</load_address>
         <run_address>0x546a</run_address>
         <size>0x2b6</size>
         <input_file_ref idref="fl-13"/>
      </object_component>
      <object_component id="oc-2bb">
         <name>.debug_info</name>
         <load_address>0x5720</load_address>
         <run_address>0x5720</run_address>
         <size>0x25a</size>
         <input_file_ref idref="fl-13"/>
      </object_component>
      <object_component id="oc-2b6">
         <name>.debug_info</name>
         <load_address>0x597a</load_address>
         <run_address>0x597a</run_address>
         <size>0x2b1</size>
         <input_file_ref idref="fl-13"/>
      </object_component>
      <object_component id="oc-3ce">
         <name>.debug_info</name>
         <load_address>0x5c2b</load_address>
         <run_address>0x5c2b</run_address>
         <size>0x1de</size>
         <input_file_ref idref="fl-14"/>
      </object_component>
      <object_component id="oc-2c1">
         <name>.debug_info</name>
         <load_address>0x5e09</load_address>
         <run_address>0x5e09</run_address>
         <size>0x22a</size>
         <input_file_ref idref="fl-14"/>
      </object_component>
      <object_component id="oc-227">
         <name>.debug_info</name>
         <load_address>0x6033</load_address>
         <run_address>0x6033</run_address>
         <size>0x1e2</size>
         <input_file_ref idref="fl-16"/>
      </object_component>
      <object_component id="oc-22e">
         <name>.debug_info</name>
         <load_address>0x6215</load_address>
         <run_address>0x6215</run_address>
         <size>0x1de</size>
         <input_file_ref idref="fl-16"/>
      </object_component>
      <object_component id="oc-24c">
         <name>.debug_info</name>
         <load_address>0x63f3</load_address>
         <run_address>0x63f3</run_address>
         <size>0x23d</size>
         <input_file_ref idref="fl-16"/>
      </object_component>
      <object_component id="oc-235">
         <name>.debug_info</name>
         <load_address>0x6630</load_address>
         <run_address>0x6630</run_address>
         <size>0x254</size>
         <input_file_ref idref="fl-16"/>
      </object_component>
      <object_component id="oc-23d">
         <name>.debug_info</name>
         <load_address>0x6884</load_address>
         <run_address>0x6884</run_address>
         <size>0x233</size>
         <input_file_ref idref="fl-16"/>
      </object_component>
      <object_component id="oc-258">
         <name>.debug_info</name>
         <load_address>0x6ab7</load_address>
         <run_address>0x6ab7</run_address>
         <size>0x204</size>
         <input_file_ref idref="fl-16"/>
      </object_component>
      <object_component id="oc-249">
         <name>.debug_info</name>
         <load_address>0x6cbb</load_address>
         <run_address>0x6cbb</run_address>
[...]
         <value>0x8112e</value>
      </symbol>
      <symbol id="sm-4">
         <name>RamfuncsRunStart</name>
         <value>0x8000</value>
      </symbol>
      <symbol id="sm-5">
         <name>RamfuncsRunSize</name>
         <value>0x12e</value>
      </symbol>
      <symbol id="sm-6">
         <name>RamfuncsRunEnd</name>
         <value>0x812e</value>
      </symbol>
      <symbol id="sm-7">
         <name>__TI_CINIT_Base</name>
         <value>0x81144</value>
      </symbol>
      <symbol id="sm-8">
         <name>__TI_CINIT_Limit</name>
         <value>0x8114c</value>
      </symbol>
      <symbol id="sm-9">
         <name>__TI_CINIT_Warm</name>
         <value>0x8114c</value>
      </symbol>
      <symbol id="sm-a">
         <name>__TI_Handler_Table_Base</name>
         <value>0x8113a</value>
      </symbol>
      <symbol id="sm-b">
         <name>__TI_Handler_Table_Limit</name>
         <value>0x81140</value>
      </symbol>
      <symbol id="sm-c">
         <name>__TI_STACK_SIZE</name>
         <value>0x200</value>
      </symbol>
      <symbol id="sm-d">
         <name>__TI_STACK_END</name>
         <value>0x600</value>
      </symbol>
      <symbol id="sm-e">
         <name>__TI_pprof_out_hndl</name>
         <value>0xffffffff</value>
      </symbol>
      <symbol id="sm-f">
         <name>__TI_prof_data_start</name>
         <value>0xffffffff</value>
      </symbol>
      <symbol id="sm-10">
         <name>__TI_prof_data_size</name>
         <value>0xffffffff</value>
      </symbol>
      <symbol id="sm-c5">
         <name>INTERRUPT_init</name>
         <value>0x831c9</value>
         <object_component_ref idref="oc-2e"/>
      </symbol>
      <symbol id="sm-c6">
         <name>LED0_init</name>
         <value>0x83122</value>
         <object_component_ref idref="oc-2cf"/>
      </symbol>
      <symbol id="sm-c7">
         <name>SPI_init</name>
         <value>0x82cda</value>
         <object_component_ref idref="oc-200"/>
      </symbol>
      <symbol id="sm-c8">
         <name>PinMux_init</name>
         <value>0x82000</value>
         <object_component_ref idref="oc-1c4"/>
      </symbol>
      <symbol id="sm-c9">
         <name>SCI_init</name>
         <value>0x8264a</value>
         <object_component_ref idref="oc-1fa"/>
      </symbol>
      <symbol id="sm-ca">
         <name>Board_init</name>
         <value>0x830b8</value>
         <object_component_ref idref="oc-15f"/>
      </symbol>
      <symbol id="sm-cb">
         <name>TEST_GPIO_init</name>
         <value>0x83345</value>
         <object_component_ref idref="oc-2f9"/>
      </symbol>
      <symbol id="sm-cc">
         <name>GPIO_init</name>
         <value>0x833b8</value>
         <object_component_ref idref="oc-1f4"/>
      </symbol>
      <symbol id="sm-cd">
         <name>FLASH_SPI_init</name>
         <value>0x82cda</value>
         <object_component_ref idref="oc-200"/>
      </symbol>
      <symbol id="sm-ce">
         <name>ADC_init</name>
         <value>0x82988</value>
         <object_component_ref idref="oc-1d6"/>
      </symbol>
      <symbol id="sm-cf">
         <name>SYNC_init</name>
         <value>0x833da</value>
         <object_component_ref idref="oc-1ca"/>
      </symbol>
      <symbol id="sm-d0">
         <name>FLASH_CS_init</name>
         <value>0x832b9</value>
         <object_component_ref idref="oc-2d5"/>
      </symbol>
      <symbol id="sm-d1">
         <name>myADCA_init</name>
         <value>0x82988</value>
         <object_component_ref idref="oc-1d6"/>
      </symbol>
      <symbol id="sm-d2">
         <name>CMPSS_init</name>
         <value>0x825c7</value>
         <object_component_ref idref="oc-1dc"/>
      </symbol>
      <symbol id="sm-d3">
         <name>SCREEN_SCL_init</name>
         <value>0x8331d</value>
         <object_component_ref idref="oc-2db"/>
      </symbol>
      <symbol id="sm-d4">
         <name>KEY1_init</name>
         <value>0x832f5</value>
         <object_component_ref idref="oc-2ed"/>
      </symbol>
      <symbol id="sm-d5">
         <name>KEY0_init</name>
         <value>0x832e1</value>
         <object_component_ref idref="oc-2e7"/>
      </symbol>
      <symbol id="sm-d6">
         <name>KEY2_init</name>
         <value>0x83309</value>
         <object_component_ref idref="oc-2f3"/>
      </symbol>
      <symbol id="sm-d7">
         <name>EPWM_init</name>
         <value>0x82388</value>
         <object_component_ref idref="oc-1e8"/>
      </symbol>
      <symbol id="sm-d8">
         <name>myEPWMXBAR4_init</name>
         <value>0x83454</value>
         <object_component_ref idref="oc-1ee"/>
      </symbol>
      <symbol id="sm-d9">
         <name>mySCIB_init</name>
         <value>0x8264a</value>
         <object_component_ref idref="oc-1fa"/>
      </symbol>
      <symbol id="sm-da">
         <name>CPUTIMER_init</name>
         <value>0x82f7d</value>
         <object_component_ref idref="oc-1e2"/>
      </symbol>
      <symbol id="sm-db">
         <name>myCMPSS3_init</name>
         <value>0x825c7</value>
         <object_component_ref idref="oc-1dc"/>
      </symbol>
      <symbol id="sm-dc">
         <name>ASYSCTL_init</name>
         <value>0x8346d</value>
         <object_component_ref idref="oc-1d0"/>
      </symbol>
      <symbol id="sm-dd">
         <name>EPWMXBAR_init</name>
         <value>0x83454</value>
         <object_component_ref idref="oc-1ee"/>
      </symbol>
      <symbol id="sm-de">
         <name>myCPUTIMER0_init</name>
         <value>0x82f7d</value>
         <object_component_ref idref="oc-1e2"/>
      </symbol>
      <symbol id="sm-df">
         <name>SCREEN_SDA_init</name>
         <value>0x83331</value>
         <object_component_ref idref="oc-2e1"/>
      </symbol>
      <symbol id="sm-ec">
         <name>C2000Ware_libraries_init</name>
         <value>0x834db</value>
         <object_component_ref idref="oc-165"/>
      </symbol>
      <symbol id="sm-10f">
         <name>INT_myCPUTIMER0_ISR</name>
         <value>0x8341b</value>
         <object_component_ref idref="oc-2d"/>
      </symbol>
      <symbol id="sm-110">
         <name>duty</name>
         <value>0xac86</value>
         <object_component_ref idref="oc-84"/>
      </symbol>
      <symbol id="sm-111">
         <name>main</name>
         <value>0x82e81</value>
         <object_component_ref idref="oc-125"/>
      </symbol>
      <symbol id="sm-112">
         <name>CMPA_result</name>
         <value>0xac85</value>
         <object_component_ref idref="oc-84"/>
      </symbol>
      <symbol id="sm-113">
         <name>INT_myADCA_1_ISR</name>
         <value>0x8292d</value>
         <object_component_ref idref="oc-39"/>
      </symbol>
      <symbol id="sm-114">
         <name>adcAResult</name>
         <value>0xac84</value>
         <object_component_ref idref="oc-84"/>
      </symbol>
      <symbol id="sm-121">
         <name>delay_us</name>
         <value>0x834d2</value>
         <object_component_ref idref="oc-45c"/>
      </symbol>
      <symbol id="sm-155">
         <name>Key_GetNum</name>
         <value>0x834c4</value>
         <object_component_ref idref="oc-177"/>
      </symbol>
      <symbol id="sm-156">
         <name>Key_Flag</name>
         <value>0xac92</value>
         <object_component_ref idref="oc-b7"/>
      </symbol>
      <symbol id="sm-157">
         <name>Key_Tick</name>
         <value>0x831e0</value>
         <object_component_ref idref="oc-7e"/>
      </symbol>
      <symbol id="sm-158">
         <name>Key_GetState</name>
         <value>0x830ee</value>
         <object_component_ref idref="oc-bd"/>
      </symbol>
      <symbol id="sm-159">
         <name>Key_Num</name>
         <value>0xac80</value>
         <object_component_ref idref="oc-ba"/>
      </symbol>
      <symbol id="sm-15a">
         <name>Key_Open</name>
         <value>0x834c9</value>
         <object_component_ref idref="oc-171"/>
      </symbol>
      <symbol id="sm-1ad">
         <name>IIC_delay</name>
         <value>0x834ce</value>
         <object_component_ref idref="oc-411"/>
      </symbol>
      <symbol id="sm-1ae">
         <name>OLED_GRAM</name>
         <value>0xa800</value>
         <object_component_ref idref="oc-330"/>
      </symbol>
      <symbol id="sm-1af">
         <name>I2C_WaitAck</name>
         <value>0x8336c</value>
         <object_component_ref idref="oc-323"/>
      </symbol>
      <symbol id="sm-1b0">
         <name>OLED_WR_Byte</name>
         <value>0x8307d</value>
         <object_component_ref idref="oc-209"/>
      </symbol>
      <symbol id="sm-1b1">
         <name>OLED_Refresh</name>
         <value>0x82c9e</value>
         <object_component_ref idref="oc-333"/>
      </symbol>
      <symbol id="sm-1b2">
         <name>OLED_Init</name>
         <value>0x82732</value>
         <object_component_ref idref="oc-16b"/>
      </symbol>
      <symbol id="sm-1b3">
         <name>OLED_Clear</name>
         <value>0x833c9</value>
         <object_component_ref idref="oc-20f"/>
      </symbol>
      <symbol id="sm-1b4">
         <name>I2C_Start</name>
         <value>0x831b2</value>
         <object_component_ref idref="oc-317"/>
      </symbol>
      <symbol id="sm-1b5">
         <name>I2C_Stop</name>
         <value>0x8342b</value>
         <object_component_ref idref="oc-329"/>
      </symbol>
      <symbol id="sm-1b6">
         <name>Send_Byte</name>
         <value>0x83000</value>
         <object_component_ref idref="oc-31d"/>
      </symbol>
      <symbol id="sm-1da">
         <name>Device_enableAllPeripherals</name>
         <value>0x8246c</value>
         <object_component_ref idref="oc-1b4"/>
      </symbol>
      <symbol id="sm-1db">
         <name>Device_initGPIO</name>
         <value>0x833eb</value>
         <object_component_ref idref="oc-153"/>
      </symbol>
      <symbol id="sm-1dc">
         <name>Device_init</name>
         <value>0x82874</value>
         <object_component_ref idref="oc-14d"/>
      </symbol>
      <symbol id="sm-1dd">
         <name>__error__</name>
         <value>0x834d6</value>
         <object_component_ref idref="oc-1a8"/>
      </symbol>
      <symbol id="sm-1ec">
         <name>code_start</name>
         <value>0x80000</value>
         <object_component_ref idref="oc-22"/>
      </symbol>
      <symbol id="sm-213">
         <name>ADC_setOffsetTrimAll</name>
         <value>0x82f2e</value>
         <object_component_ref idref="oc-3b9"/>
      </symbol>
      <symbol id="sm-214">
         <name>ADC_setVREF</name>
         <value>0x82f56</value>
         <object_component_ref idref="oc-2a0"/>
      </symbol>
      <symbol id="sm-257">
         <name>CMPSS_configFilterHigh</name>
         <value>0x82a30</value>
         <object_component_ref idref="oc-2a7"/>
      </symbol>
      <symbol id="sm-258">
         <name>CMPSS_configFilterLow</name>
         <value>0x82a79</value>
         <object_component_ref idref="oc-2ad"/>
      </symbol>
      <symbol id="sm-259">
         <name>CMPSS_configLatchOnPWMSYNC</name>
         <value>0x82eaf</value>
         <object_component_ref idref="oc-2b9"/>
      </symbol>
      <symbol id="sm-25a">
         <name>CMPSS_configRamp</name>
         <value>0x82b0b</value>
         <object_component_ref idref="oc-2b3"/>
      </symbol>
      <symbol id="sm-274">
         <name>CPUTimer_setEmulationMode</name>
         <value>0x83359</value>
         <object_component_ref idref="oc-2c0"/>
      </symbol>
      <symbol id="sm-2e5">
         <name>Flash_initModule</name>
         <value>0x8000</value>
         <object_component_ref idref="oc-196"/>
      </symbol>
      <symbol id="sm-335">
         <name>GPIO_setQualificationMode</name>
         <value>0x82d83</value>
         <object_component_ref idref="oc-297"/>
      </symbol>
      <symbol id="sm-336">
         <name>GPIO_setPadConfig</name>
         <value>0x829de</value>
         <object_component_ref idref="oc-291"/>
      </symbol>
      <symbol id="sm-337">
         <name>GPIO_setAnalogMode</name>
         <value>0x827a5</value>
         <object_component_ref idref="oc-1ba"/>
      </symbol>
      <symbol id="sm-338">
         <name>GPIO_setDirectionMode</name>
         <value>0x82df1</value>
         <object_component_ref idref="oc-3d8"/>
      </symbol>
      <symbol id="sm-339">
         <name>GPIO_setPinConfig</name>
         <value>0x82d4c</value>
         <object_component_ref idref="oc-28b"/>
      </symbol>
      <symbol id="sm-33a">
         <name>GPIO_setControllerCore</name>
         <value>0x82d15</value>
         <object_component_ref idref="oc-3de"/>
      </symbol>
      <symbol id="sm-389">
         <name>Interrupt_defaultHandler</name>
         <value>0x8323b</value>
         <object_component_ref idref="oc-3f"/>
      </symbol>
      <symbol id="sm-38a">
         <name>Interrupt_initModule</name>
         <value>0x82c61</value>
         <object_component_ref idref="oc-159"/>
      </symbol>
      <symbol id="sm-38b">
         <name>Interrupt_nmiHandler</name>
         <value>0x8348d</value>
         <object_component_ref idref="oc-51"/>
      </symbol>
      <symbol id="sm-38c">
         <name>Interrupt_enable</name>
         <value>0x82dba</value>
         <object_component_ref idref="oc-74"/>
      </symbol>
      <symbol id="sm-38d">
         <name>Interrupt_initVectorTable</name>
         <value>0x8305f</value>
         <object_component_ref idref="oc-43"/>
      </symbol>
      <symbol id="sm-38e">
         <name>Interrupt_illegalOperationHandler</name>
         <value>0x83483</value>
         <object_component_ref idref="oc-4b"/>
      </symbol>
      <symbol id="sm-3d2">
         <name>SCI_clearInterruptStatus</name>
         <value>0x82b99</value>
         <object_component_ref idref="oc-300"/>
      </symbol>
      <symbol id="sm-3d3">
         <name>SCI_setConfig</name>
         <value>0x82c23</value>
         <object_component_ref idref="oc-306"/>
      </symbol>
      <symbol id="sm-3f3">
         <name>SPI_setConfig</name>
         <value>0x828d1</value>
         <object_component_ref idref="oc-30d"/>
      </symbol>
      <symbol id="sm-505">
         <name>SysCtl_isPLLValid</name>
         <value>0x8228a</value>
         <object_component_ref idref="oc-279"/>
      </symbol>
      <symbol id="sm-506">
         <name>SysCtl_delay</name>
         <value>0x812a</value>
         <object_component_ref idref="oc-26c"/>
      </symbol>
      <symbol id="sm-507">
         <name>SysCtl_selectXTALSingleEnded</name>
         <value>0x82fa3</value>
         <object_component_ref idref="oc-353"/>
      </symbol>
      <symbol id="sm-508">
         <name>SysCtl_selectXTAL</name>
         <value>0x82b53</value>
         <object_component_ref idref="oc-34d"/>
      </symbol>
      <symbol id="sm-509">
         <name>SysCtl_selectOscSource</name>
         <value>0x82ac2</value>
         <object_component_ref idref="oc-26d"/>
      </symbol>
      <symbol id="sm-50a">
         <name>SysCtl_getLowSpeedClock</name>
         <value>0x83108</value>
         <object_component_ref idref="oc-1ae"/>
      </symbol>
      <symbol id="sm-50b">
         <name>SysCtl_setClock</name>
         <value>0x82167</value>
         <object_component_ref idref="oc-19c"/>
      </symbol>
      <symbol id="sm-50c">
         <name>SysCtl_getClock</name>
         <value>0x8280f</value>
         <object_component_ref idref="oc-1a2"/>
      </symbol>
      <symbol id="sm-51b">
         <name>XBAR_setEPWMMuxConfig</name>
         <value>0x82e52</value>
         <object_component_ref idref="oc-2c8"/>
      </symbol>
      <symbol id="sm-526">
         <name>_c_int00</name>
         <value>0x8320e</value>
         <object_component_ref idref="oc-9e"/>
      </symbol>
      <symbol id="sm-527">
         <name>__stack</name>
         <value>0x400</value>
         <object_component_ref idref="oc-57"/>
      </symbol>
      <symbol id="sm-534">
         <name>__c28xabi_divf</name>
         <value>0x8253f</value>
         <object_component_ref idref="oc-35b"/>
      </symbol>
      <symbol id="sm-546">
         <name>memcpy</name>
         <value>0x8309b</value>
         <object_component_ref idref="oc-5a"/>
      </symbol>
      <symbol id="sm-553">
         <name>_system_pre_init</name>
         <value>0x834d9</value>
         <object_component_ref idref="oc-d2"/>
      </symbol>
      <symbol id="sm-562">
         <name>__TI_auto_init_nobinit_nopinit</name>
         <value>0x82eda</value>
         <object_component_ref idref="oc-f5"/>
      </symbol>
      <symbol id="sm-56f">
         <name>__TI_zero_init</name>
         <value>0x834be</value>
         <object_component_ref idref="oc-68"/>
      </symbol>
      <symbol id="sm-57c">
         <name>__TI_decompress_none</name>
         <value>0x834a0</value>
         <object_component_ref idref="oc-1b"/>
      </symbol>
      <symbol id="sm-590">
         <name>__TI_decompress_lzss</name>
         <value>0x82e22</value>
         <object_component_ref idref="oc-15"/>
      </symbol>
      <symbol id="sm-5a6">
         <name>C$$EXIT</name>
         <value>0x82f05</value>
         <object_component_ref idref="oc-df"/>
      </symbol>
      <symbol id="sm-5a7">
         <name>abort</name>
         <value>0x82f05</value>
         <object_component_ref idref="oc-df"/>
      </symbol>
      <symbol id="sm-5a8">
         <name>exit</name>
         <value>0x82f07</value>
         <object_component_ref idref="oc-df"/>
      </symbol>
      <symbol id="sm-5a9">
         <name>__TI_dtors_ptr</name>
         <value>0xac8c</value>
         <object_component_ref idref="oc-12d"/>
      </symbol>
      <symbol id="sm-5aa">
         <name>__TI_cleanup_ptr</name>
         <value>0xac8a</value>
         <object_component_ref idref="oc-12d"/>
      </symbol>
      <symbol id="sm-5ab">
         <name>__TI_enable_exit_profile_output</name>
         <value>0xac88</value>
         <object_component_ref idref="oc-12d"/>
      </symbol>
      <symbol id="sm-5c2">
         <name>_nop</name>
         <value>0x8349f</value>
         <object_component_ref idref="oc-183"/>
      </symbol>
      <symbol id="sm-5c3">
         <name>_lock</name>
         <value>0xac8e</value>
         <object_component_ref idref="oc-130"/>
      </symbol>
      <symbol id="sm-5c4">
         <name>_unlock</name>
         <value>0xac90</value>
         <object_component_ref idref="oc-219"/>
      </symbol>
      <symbol id="sm-5c5">
         <name>_register_lock</name>
         <value>0x8349b</value>
         <object_component_ref idref="oc-183"/>
      </symbol>
      <symbol id="sm-5c6">
         <name>_register_unlock</name>
         <value>0x83497</value>
         <object_component_ref idref="oc-183"/>
      </symbol>
      <symbol id="sm-5d5">
         <name>_args_main</name>
         <value>0x83461</value>
         <object_component_ref idref="oc-d9"/>
      </symbol>
      <symbol id="sm-5e4">
         <name>memset</name>
         <value>0x834b7</value>
         <object_component_ref idref="oc-97"/>
      </symbol>
      <symbol id="sm-5ff">
         <name>_system_post_cinit</name>
         <value>0x834dc</value>
         <object_component_ref idref="oc-138"/>
      </symbol>
      <symbol id="sm-60f">
         <name>__c_args__</name>
         <value>0x0</value>
      </symbol>
   </symbol_table>
   <title>Link successful</title>
</link_info>
