<?xml version="1.0" encoding="ISO-8859-1" ?>
<link_info>
   <banner>TMS320C2000 Linker PC v22.6.1.LTS</banner>
   <copyright>Copyright (c) 1996-2018 Texas Instruments Incorporated</copyright>
   <link_time>0x6a4c6f5f</link_time>
   <link_errors>0x0</link_errors>
   <output_file>project00_assemble.out</output_file>
   <entry_point>
      <name>code_start</name>
      <address>0x80000</address>
   </entry_point>
   <input_file_list>
      <input_file id="fl-2">
         <path>.\syscfg\</path>
         <kind>object</kind>
         <file>board.obj</file>
         <name>board.obj</name>
      </input_file>
      <input_file id="fl-3">
         <path>.\syscfg\</path>
         <kind>object</kind>
         <file>c2000ware_libraries.obj</file>
         <name>c2000ware_libraries.obj</name>
      </input_file>
      <input_file id="fl-4">
         <path>.\</path>
         <kind>object</kind>
         <file>project00_main.obj</file>
         <name>project00_main.obj</name>
      </input_file>
      <input_file id="fl-5">
         <path>.\app\src\</path>
         <kind>object</kind>
         <file>tjx_init.obj</file>
         <name>tjx_init.obj</name>
      </input_file>
      <input_file id="fl-6">
         <path>.\app\src\</path>
         <kind>object</kind>
         <file>vofa.obj</file>
         <name>vofa.obj</name>
      </input_file>
      <input_file id="fl-7">
         <path>.\bsp\src\</path>
         <kind>object</kind>
         <file>hw_w25qxx.obj</file>
         <name>hw_w25qxx.obj</name>
      </input_file>
      <input_file id="fl-8">
         <path>.\bsp\src\</path>
         <kind>object</kind>
         <file>oled.obj</file>
         <name>oled.obj</name>
      </input_file>
      <input_file id="fl-9">
         <path>.\device\</path>
         <kind>object</kind>
         <file>device.obj</file>
         <name>device.obj</name>
      </input_file>
      <input_file id="fl-a">
         <path>.\device\</path>
         <kind>object</kind>
         <file>f28003x_codestartbranch.obj</file>
         <name>f28003x_codestartbranch.obj</name>
      </input_file>
      <input_file id="fl-10">
         <kind>object</kind>
         <file>&lt;internal&gt;</file>
         <name>&lt;internal&gt;</name>
      </input_file>
      <input_file id="fl-11">
         <path>C:\TI\C2000Ware\C2000Ware_5_02_00_00\driverlib\f28003x\driverlib\ccs\Debug\</path>
         <kind>archive</kind>
         <file>driverlib.lib</file>
         <name>dcc.obj</name>
      </input_file>
      <input_file id="fl-12">
         <path>C:\TI\C2000Ware\C2000Ware_5_02_00_00\driverlib\f28003x\driverlib\ccs\Debug\</path>
         <kind>archive</kind>
         <file>driverlib.lib</file>
         <name>flash.obj</name>
      </input_file>
      <input_file id="fl-13">
         <path>C:\TI\C2000Ware\C2000Ware_5_02_00_00\driverlib\f28003x\driverlib\ccs\Debug\</path>
         <kind>archive</kind>
         <file>driverlib.lib</file>
         <name>gpio.obj</name>
      </input_file>
      <input_file id="fl-14">
         <path>C:\TI\C2000Ware\C2000Ware_5_02_00_00\driverlib\f28003x\driverlib\ccs\Debug\</path>
         <kind>archive</kind>
         <file>driverlib.lib</file>
         <name>interrupt.obj</name>
      </input_file>
      <input_file id="fl-15">
         <path>C:\TI\C2000Ware\C2000Ware_5_02_00_00\driverlib\f28003x\driverlib\ccs\Debug\</path>
         <kind>archive</kind>
         <file>driverlib.lib</file>
         <name>sci.obj</name>
      </input_file>
      <input_file id="fl-16">
         <path>C:\TI\C2000Ware\C2000Ware_5_02_00_00\driverlib\f28003x\driverlib\ccs\Debug\</path>
         <kind>archive</kind>
         <file>driverlib.lib</file>
         <name>spi.obj</name>
      </input_file>
      <input_file id="fl-17">
         <path>C:\TI\C2000Ware\C2000Ware_5_02_00_00\driverlib\f28003x\driverlib\ccs\Debug\</path>
         <kind>archive</kind>
         <file>driverlib.lib</file>
         <name>sysctl.obj</name>
      </input_file>
      <input_file id="fl-23">
         <path>C:\TI\ccs1281\ccs\tools\compiler\ti-cgt-c2000_22.6.1.LTS\lib\</path>
         <kind>archive</kind>
         <file>rts2800_fpu32_eabi.lib</file>
         <name>vsnprintf.c.obj</name>
      </input_file>
      <input_file id="fl-24">
         <path>C:\TI\ccs1281\ccs\tools\compiler\ti-cgt-c2000_22.6.1.LTS\lib\</path>
         <kind>archive</kind>
         <file>rts2800_fpu32_eabi.lib</file>
         <name>boot28.asm.obj</name>
      </input_file>
      <input_file id="fl-25">
         <path>C:\TI\ccs1281\ccs\tools\compiler\ti-cgt-c2000_22.6.1.LTS\lib\</path>
         <kind>archive</kind>
         <file>rts2800_fpu32_eabi.lib</file>
         <name>fs_div28.asm.obj</name>
      </input_file>
      <input_file id="fl-26">
         <path>C:\TI\ccs1281\ccs\tools\compiler\ti-cgt-c2000_22.6.1.LTS\lib\</path>
         <kind>archive</kind>
         <file>rts2800_fpu32_eabi.lib</file>
         <name>memcpy.c.obj</name>
      </input_file>
      <input_file id="fl-27">
         <path>C:\TI\ccs1281\ccs\tools\compiler\ti-cgt-c2000_22.6.1.LTS\lib\</path>
         <kind>archive</kind>
         <file>rts2800_fpu32_eabi.lib</file>
         <name>pre_init.c.obj</name>
      </input_file>
      <input_file id="fl-28">
         <path>C:\TI\ccs1281\ccs\tools\compiler\ti-cgt-c2000_22.6.1.LTS\lib\</path>
         <kind>archive</kind>
         <file>rts2800_fpu32_eabi.lib</file>
         <name>autoinit.c.obj</name>
      </input_file>
      <input_file id="fl-29">
         <path>C:\TI\ccs1281\ccs\tools\compiler\ti-cgt-c2000_22.6.1.LTS\lib\</path>
         <kind>archive</kind>
         <file>rts2800_fpu32_eabi.lib</file>
         <name>copy_zero_init.c.obj</name>
      </input_file>
      <input_file id="fl-2a">
         <path>C:\TI\ccs1281\ccs\tools\compiler\ti-cgt-c2000_22.6.1.LTS\lib\</path>
         <kind>archive</kind>
         <file>rts2800_fpu32_eabi.lib</file>
         <name>copy_decompress_none.c.obj</name>
      </input_file>
      <input_file id="fl-2b">
         <path>C:\TI\ccs1281\ccs\tools\compiler\ti-cgt-c2000_22.6.1.LTS\lib\</path>
         <kind>archive</kind>
         <file>rts2800_fpu32_eabi.lib</file>
         <name>copy_decompress_lzss.c.obj</name>
      </input_file>
      <input_file id="fl-2c">
         <path>C:\TI\ccs1281\ccs\tools\compiler\ti-cgt-c2000_22.6.1.LTS\lib\</path>
         <kind>archive</kind>
         <file>rts2800_fpu32_eabi.lib</file>
         <name>exit.c.obj</name>
      </input_file>
      <input_file id="fl-2d">
         <path>C:\TI\ccs1281\ccs\tools\compiler\ti-cgt-c2000_22.6.1.LTS\lib\</path>
         <kind>archive</kind>
         <file>rts2800_fpu32_eabi.lib</file>
         <name>_lock.c.obj</name>
      </input_file>
      <input_file id="fl-2e">
         <path>C:\TI\ccs1281\ccs\tools\compiler\ti-cgt-c2000_22.6.1.LTS\lib\</path>
         <kind>archive</kind>
         <file>rts2800_fpu32_eabi.lib</file>
         <name>args_main.c.obj</name>
      </input_file>
      <input_file id="fl-2f">
         <path>C:\TI\ccs1281\ccs\tools\compiler\ti-cgt-c2000_22.6.1.LTS\lib\</path>
         <kind>archive</kind>
         <file>rts2800_fpu32_eabi.lib</file>
         <name>memset.c.obj</name>
      </input_file>
      <input_file id="fl-30">
         <path>C:\TI\ccs1281\ccs\tools\compiler\ti-cgt-c2000_22.6.1.LTS\lib\</path>
         <kind>archive</kind>
         <file>rts2800_fpu32_eabi.lib</file>
         <name>_printfi.c.obj</name>
      </input_file>
      <input_file id="fl-31">
         <path>C:\TI\ccs1281\ccs\tools\compiler\ti-cgt-c2000_22.6.1.LTS\lib\</path>
         <kind>archive</kind>
         <file>rts2800_fpu32_eabi.lib</file>
         <name>fd_cmp28.asm.obj</name>
      </input_file>
      <input_file id="fl-32">
         <path>C:\TI\ccs1281\ccs\tools\compiler\ti-cgt-c2000_22.6.1.LTS\lib\</path>
         <kind>archive</kind>
         <file>rts2800_fpu32_eabi.lib</file>
         <name>fd_mpy28.asm.obj</name>
      </input_file>
      <input_file id="fl-33">
         <path>C:\TI\ccs1281\ccs\tools\compiler\ti-cgt-c2000_22.6.1.LTS\lib\</path>
         <kind>archive</kind>
         <file>rts2800_fpu32_eabi.lib</file>
         <name>fd_neg28.asm.obj</name>
      </input_file>
      <input_file id="fl-34">
         <path>C:\TI\ccs1281\ccs\tools\compiler\ti-cgt-c2000_22.6.1.LTS\lib\</path>
         <kind>archive</kind>
         <file>rts2800_fpu32_eabi.lib</file>
         <name>fd_sub28.asm.obj</name>
      </input_file>
      <input_file id="fl-35">
         <path>C:\TI\ccs1281\ccs\tools\compiler\ti-cgt-c2000_22.6.1.LTS\lib\</path>
         <kind>archive</kind>
         <file>rts2800_fpu32_eabi.lib</file>
         <name>fd_toi28.asm.obj</name>
      </input_file>
      <input_file id="fl-36">
         <path>C:\TI\ccs1281\ccs\tools\compiler\ti-cgt-c2000_22.6.1.LTS\lib\</path>
         <kind>archive</kind>
         <file>rts2800_fpu32_eabi.lib</file>
         <name>fd_tol28.asm.obj</name>
      </input_file>
      <input_file id="fl-37">
         <path>C:\TI\ccs1281\ccs\tools\compiler\ti-cgt-c2000_22.6.1.LTS\lib\</path>
         <kind>archive</kind>
         <file>rts2800_fpu32_eabi.lib</file>
         <name>ll_aox28.asm.obj</name>
      </input_file>
      <input_file id="fl-38">
         <path>C:\TI\ccs1281\ccs\tools\compiler\ti-cgt-c2000_22.6.1.LTS\lib\</path>
         <kind>archive</kind>
         <file>rts2800_fpu32_eabi.lib</file>
         <name>ll_cmp28.asm.obj</name>
      </input_file>
      <input_file id="fl-39">
         <path>C:\TI\ccs1281\ccs\tools\compiler\ti-cgt-c2000_22.6.1.LTS\lib\</path>
         <kind>archive</kind>
         <file>rts2800_fpu32_eabi.lib</file>
         <name>ll_div28.asm.obj</name>
      </input_file>
      <input_file id="fl-3a">
         <path>C:\TI\ccs1281\ccs\tools\compiler\ti-cgt-c2000_22.6.1.LTS\lib\</path>
         <kind>archive</kind>
         <file>rts2800_fpu32_eabi.lib</file>
         <name>i_tofd28.asm.obj</name>
      </input_file>
      <input_file id="fl-3b">
         <path>C:\TI\ccs1281\ccs\tools\compiler\ti-cgt-c2000_22.6.1.LTS\lib\</path>
         <kind>archive</kind>
         <file>rts2800_fpu32_eabi.lib</file>
         <name>l_tofd28.asm.obj</name>
      </input_file>
      <input_file id="fl-3c">
         <path>C:\TI\ccs1281\ccs\tools\compiler\ti-cgt-c2000_22.6.1.LTS\lib\</path>
         <kind>archive</kind>
         <file>rts2800_fpu32_eabi.lib</file>
         <name>fd_div28.asm.obj</name>
      </input_file>
      <input_file id="fl-3d">
         <path>C:\TI\ccs1281\ccs\tools\compiler\ti-cgt-c2000_22.6.1.LTS\lib\</path>
         <kind>archive</kind>
         <file>rts2800_fpu32_eabi.lib</file>
         <name>cpy_tbl.c.obj</name>
      </input_file>
      <input_file id="fl-3e">
         <path>C:\TI\ccs1281\ccs\tools\compiler\ti-cgt-c2000_22.6.1.LTS\lib\</path>
         <kind>archive</kind>
         <file>rts2800_fpu32_eabi.lib</file>
         <name>startup.c.obj</name>
      </input_file>
      <input_file id="fl-3f">
         <path>C:\TI\ccs1281\ccs\tools\compiler\ti-cgt-c2000_22.6.1.LTS\lib\</path>
         <kind>archive</kind>
         <file>rts2800_fpu32_eabi.lib</file>
         <name>_ltoa.c.obj</name>
      </input_file>
      <input_file id="fl-40">
         <path>C:\TI\ccs1281\ccs\tools\compiler\ti-cgt-c2000_22.6.1.LTS\lib\</path>
         <kind>archive</kind>
         <file>rts2800_fpu32_eabi.lib</file>
         <name>atoi.c.obj</name>
      </input_file>
      <input_file id="fl-41">
         <path>C:\TI\ccs1281\ccs\tools\compiler\ti-cgt-c2000_22.6.1.LTS\lib\</path>
         <kind>archive</kind>
         <file>rts2800_fpu32_eabi.lib</file>
         <name>ctype.c.obj</name>
      </input_file>
      <input_file id="fl-42">
         <path>C:\TI\ccs1281\ccs\tools\compiler\ti-cgt-c2000_22.6.1.LTS\lib\</path>
         <kind>archive</kind>
         <file>rts2800_fpu32_eabi.lib</file>
         <name>memccpy.c.obj</name>
      </input_file>
      <input_file id="fl-43">
         <path>C:\TI\ccs1281\ccs\tools\compiler\ti-cgt-c2000_22.6.1.LTS\lib\</path>
         <kind>archive</kind>
         <file>rts2800_fpu32_eabi.lib</file>
         <name>strchr.c.obj</name>
      </input_file>
      <input_file id="fl-44">
         <path>C:\TI\ccs1281\ccs\tools\compiler\ti-cgt-c2000_22.6.1.LTS\lib\</path>
         <kind>archive</kind>
         <file>rts2800_fpu32_eabi.lib</file>
         <name>strcpy.c.obj</name>
      </input_file>
      <input_file id="fl-45">
         <path>C:\TI\ccs1281\ccs\tools\compiler\ti-cgt-c2000_22.6.1.LTS\lib\</path>
         <kind>archive</kind>
         <file>rts2800_fpu32_eabi.lib</file>
         <name>strlen.c.obj</name>
      </input_file>
      <input_file id="fl-46">
         <path>C:\TI\ccs1281\ccs\tools\compiler\ti-cgt-c2000_22.6.1.LTS\lib\</path>
         <kind>archive</kind>
         <file>rts2800_fpu32_eabi.lib</file>
         <name>errno.c.obj</name>
      </input_file>
      <input_file id="fl-47">
         <path>C:\TI\ccs1281\ccs\tools\compiler\ti-cgt-c2000_22.6.1.LTS\lib\</path>
         <kind>archive</kind>
         <file>rts2800_fpu32_eabi.lib</file>
         <name>s_frexp.c.obj</name>
      </input_file>
      <input_file id="fl-48">
         <path>C:\TI\ccs1281\ccs\tools\compiler\ti-cgt-c2000_22.6.1.LTS\lib\</path>
         <kind>archive</kind>
         <file>rts2800_fpu32_eabi.lib</file>
         <name>s_scalbn.c.obj</name>
      </input_file>
      <input_file id="fl-49">
         <path>C:\TI\ccs1281\ccs\tools\compiler\ti-cgt-c2000_22.6.1.LTS\lib\</path>
         <kind>archive</kind>
         <file>rts2800_fpu32_eabi.lib</file>
         <name>wcslen.c.obj</name>
      </input_file>
      <input_file id="fl-4a">
         <path>C:\TI\ccs1281\ccs\tools\compiler\ti-cgt-c2000_22.6.1.LTS\lib\</path>
         <kind>archive</kind>
         <file>rts2800_fpu32_eabi.lib</file>
         <name>fd_add28.asm.obj</name>
      </input_file>
      <input_file id="fl-4b">
         <path>C:\TI\ccs1281\ccs\tools\compiler\ti-cgt-c2000_22.6.1.LTS\lib\</path>
         <kind>archive</kind>
         <file>rts2800_fpu32_eabi.lib</file>
         <name>l_div28.asm.obj</name>
      </input_file>
      <input_file id="fl-4c">
         <path>C:\TI\ccs1281\ccs\tools\compiler\ti-cgt-c2000_22.6.1.LTS\lib\</path>
         <kind>archive</kind>
         <file>rts2800_fpu32_eabi.lib</file>
         <name>s_copysign.c.obj</name>
      </input_file>
   </input_file_list>
   <object_component_list>
      <object_component id="oc-22">
         <name>codestart</name>
         <load_address>0x80000</load_address>
         <run_address>0x80000</run_address>
         <size>0x2</size>
         <input_file_ref idref="fl-a"/>
      </object_component>
      <object_component id="oc-178">
         <name>.text:SysCtl_setClock</name>
         <load_address>0x82000</load_address>
         <run_address>0x82000</run_address>
         <size>0x123</size>
         <input_file_ref idref="fl-17"/>
      </object_component>
      <object_component id="oc-278">
         <name>.text:SysCtl_isPLLValid</name>
         <load_address>0x82123</load_address>
         <run_address>0x82123</run_address>
         <size>0xfe</size>
         <input_file_ref idref="fl-17"/>
      </object_component>
      <object_component id="oc-d2">
         <name>.text:main</name>
         <load_address>0x82221</load_address>
         <run_address>0x82221</run_address>
         <size>0xfc</size>
         <input_file_ref idref="fl-4"/>
      </object_component>
      <object_component id="oc-190">
         <name>.text:Device_enableAllPeripherals</name>
         <load_address>0x8231d</load_address>
         <run_address>0x8231d</run_address>
         <size>0xd3</size>
         <input_file_ref idref="fl-9"/>
      </object_component>
      <object_component id="oc-314">
         <name>.text</name>
         <load_address>0x823f0</load_address>
         <run_address>0x823f0</run_address>
         <size>0x88</size>
         <input_file_ref idref="fl-25"/>
      </object_component>
      <object_component id="oc-1b2">
         <name>.text:mySCIB_init</name>
         <load_address>0x82478</load_address>
         <run_address>0x82478</run_address>
         <size>0x75</size>
         <input_file_ref idref="fl-2"/>
      </object_component>
      <object_component id="oc-349">
         <name>.text:DCC_setCounterSeeds</name>
         <load_address>0x824ed</load_address>
         <run_address>0x824ed</run_address>
         <size>0x73</size>
         <input_file_ref idref="fl-17"/>
      </object_component>
      <object_component id="oc-118">
         <name>.text:OLED_Init</name>
         <load_address>0x82560</load_address>
         <run_address>0x82560</run_address>
         <size>0x73</size>
         <input_file_ref idref="fl-8"/>
      </object_component>
      <object_component id="oc-146">
         <name>.text:OLED_ShowChar</name>
         <load_address>0x825d3</load_address>
         <run_address>0x825d3</run_address>
         <size>0x71</size>
         <input_file_ref idref="fl-8"/>
      </object_component>
      <object_component id="oc-139">
         <name>.text:OLED_ShowChinese</name>
         <load_address>0x82644</load_address>
         <run_address>0x82644</run_address>
         <size>0x6c</size>
         <input_file_ref idref="fl-8"/>
      </object_component>
      <object_component id="oc-196">
         <name>.text:GPIO_setAnalogMode</name>
         <load_address>0x826b0</load_address>
         <run_address>0x826b0</run_address>
         <size>0x6a</size>
         <input_file_ref idref="fl-13"/>
      </object_component>
      <object_component id="oc-17e">
         <name>.text:SysCtl_getClock</name>
         <load_address>0x8271a</load_address>
         <run_address>0x8271a</run_address>
         <size>0x65</size>
         <input_file_ref idref="fl-17"/>
      </object_component>
      <object_component id="oc-fa">
         <name>.text:Device_init</name>
         <load_address>0x8277f</load_address>
         <run_address>0x8277f</run_address>
         <size>0x5d</size>
         <input_file_ref idref="fl-9"/>
      </object_component>
      <object_component id="oc-1a6">
         <name>.text:PinMux_init</name>
         <load_address>0x827dc</load_address>
         <run_address>0x827dc</run_address>
         <size>0x5c</size>
         <input_file_ref idref="fl-2"/>
      </object_component>
      <object_component id="oc-2c4">
         <name>.text:SPI_setConfig</name>
         <load_address>0x82838</load_address>
         <run_address>0x82838</run_address>
         <size>0x5c</size>
         <input_file_ref idref="fl-16"/>
      </object_component>
      <object_component id="oc-291">
         <name>.text:GPIO_setPadConfig</name>
         <load_address>0x82894</load_address>
         <run_address>0x82894</run_address>
         <size>0x52</size>
         <input_file_ref idref="fl-13"/>
      </object_component>
      <object_component id="oc-121">
         <name>.text:OLED_ShowPicture</name>
         <load_address>0x828e6</load_address>
         <run_address>0x828e6</run_address>
         <size>0x4f</size>
         <input_file_ref idref="fl-8"/>
      </object_component>
      <object_component id="oc-26c">
         <name>.text:SysCtl_selectOscSource</name>
         <load_address>0x82935</load_address>
         <run_address>0x82935</run_address>
         <size>0x49</size>
         <input_file_ref idref="fl-17"/>
      </object_component>
      <object_component id="oc-14c">
         <name>.text:OLED_ShowNum</name>
         <load_address>0x8297e</load_address>
         <run_address>0x8297e</run_address>
         <size>0x47</size>
         <input_file_ref idref="fl-8"/>
      </object_component>
      <object_component id="oc-306">
         <name>.text:SysCtl_selectXTAL</name>
         <load_address>0x829c5</load_address>
         <run_address>0x829c5</run_address>
         <size>0x46</size>
         <input_file_ref idref="fl-17"/>
      </object_component>
      <object_component id="oc-2b7">
         <name>.text:SCI_clearInterruptStatus</name>
         <load_address>0x82a0b</load_address>
         <run_address>0x82a0b</run_address>
         <size>0x45</size>
         <input_file_ref idref="fl-15"/>
      </object_component>
      <object_component id="oc-3a7">
         <name>.text:SysCtl_pollX1Counter</name>
         <load_address>0x82a50</load_address>
         <run_address>0x82a50</run_address>
         <size>0x45</size>
         <input_file_ref idref="fl-17"/>
      </object_component>
      <object_component id="oc-112">
         <name>.text:C2000Ware_libraries_init</name>
         <load_address>0x82a95</load_address>
         <run_address>0x82a95</run_address>
         <size>0x1</size>
         <input_file_ref idref="fl-3"/>
      </object_component>
      <object_component id="oc-152">
         <name>.text:OLED_ScrollDisplay</name>
         <load_address>0x82a96</load_address>
         <run_address>0x82a96</run_address>
         <size>0x44</size>
         <input_file_ref idref="fl-8"/>
      </object_component>
      <object_component id="oc-2bd">
         <name>.text:SCI_setConfig</name>
         <load_address>0x82ada</load_address>
         <run_address>0x82ada</run_address>
         <size>0x3e</size>
         <input_file_ref idref="fl-15"/>
      </object_component>
      <object_component id="oc-106">
         <name>.text:Interrupt_initModule</name>
         <load_address>0x82b18</load_address>
         <run_address>0x82b18</run_address>
         <size>0x3d</size>
         <input_file_ref idref="fl-14"/>
      </object_component>
      <object_component id="oc-127">
         <name>.text:OLED_Refresh</name>
         <load_address>0x82b55</load_address>
         <run_address>0x82b55</run_address>
         <size>0x3c</size>
         <input_file_ref idref="fl-8"/>
      </object_component>
      <object_component id="oc-1b8">
         <name>.text:FLASH_SPI_init</name>
         <load_address>0x82b91</load_address>
         <run_address>0x82b91</run_address>
         <size>0x3b</size>
         <input_file_ref idref="fl-2"/>
      </object_component>
      <object_component id="oc-371">
         <name>.text:GPIO_setControllerCore</name>
         <load_address>0x82bcc</load_address>
         <run_address>0x82bcc</run_address>
         <size>0x37</size>
         <input_file_ref idref="fl-13"/>
      </object_component>
      <object_component id="oc-28b">
         <name>.text:GPIO_setPinConfig</name>
         <load_address>0x82c03</load_address>
         <run_address>0x82c03</run_address>
         <size>0x37</size>
         <input_file_ref idref="fl-13"/>
      </object_component>
      <object_component id="oc-297">
         <name>.text:GPIO_setQualificationMode</name>
         <load_address>0x82c3a</load_address>
         <run_address>0x82c3a</run_address>
         <size>0x37</size>
         <input_file_ref idref="fl-13"/>
      </object_component>
      <object_component id="oc-36b">
         <name>.text:GPIO_setDirectionMode</name>
         <load_address>0x82c71</load_address>
         <run_address>0x82c71</run_address>
         <size>0x31</size>
         <input_file_ref idref="fl-13"/>
      </object_component>
      <object_component id="oc-15">
         <name>.text:decompress:lzss</name>
         <load_address>0x82ca2</load_address>
         <run_address>0x82ca2</run_address>
         <size>0x30</size>
         <input_file_ref idref="fl-2b"/>
      </object_component>
      <object_component id="oc-a2">
         <name>.text:__TI_auto_init_nobinit_nopinit</name>
         <load_address>0x82cd2</load_address>
         <run_address>0x82cd2</run_address>
         <size>0x2b</size>
         <input_file_ref idref="fl-28"/>
      </object_component>
      <object_component id="oc-96">
         <name>.text</name>
         <load_address>0x82cfd</load_address>
         <run_address>0x82cfd</run_address>
         <size>0x29</size>
         <input_file_ref idref="fl-2c"/>
      </object_component>
      <object_component id="oc-1cc">
         <name>.text:OLED_DrawPoint</name>
         <load_address>0x82d26</load_address>
         <run_address>0x82d26</run_address>
         <size>0x28</size>
         <input_file_ref idref="fl-8"/>
      </object_component>
      <object_component id="oc-140">
         <name>.text:OLED_ShowString</name>
         <load_address>0x82d4e</load_address>
         <run_address>0x82d4e</run_address>
         <size>0x27</size>
         <input_file_ref idref="fl-8"/>
      </object_component>
      <object_component id="oc-30c">
         <name>.text:SysCtl_selectXTALSingleEnded</name>
         <load_address>0x82d75</load_address>
         <run_address>0x82d75</run_address>
         <size>0x25</size>
         <input_file_ref idref="fl-17"/>
      </object_component>
      <object_component id="oc-34f">
         <name>.text:DCC_enableSingleShotMode</name>
         <load_address>0x82d9a</load_address>
         <run_address>0x82d9a</run_address>
         <size>0x24</size>
         <input_file_ref idref="fl-17"/>
      </object_component>
      <object_component id="oc-1d9">
         <name>.text:Send_Byte</name>
         <load_address>0x82dbe</load_address>
         <run_address>0x82dbe</run_address>
         <size>0x23</size>
         <input_file_ref idref="fl-8"/>
      </object_component>
      <object_component id="oc-33d">
         <name>.text:DCC_setCounter0ClkSource</name>
         <load_address>0x82de1</load_address>
         <run_address>0x82de1</run_address>
         <size>0x1e</size>
         <input_file_ref idref="fl-17"/>
      </object_component>
      <object_component id="oc-343">
         <name>.text:DCC_setCounter1ClkSource</name>
         <load_address>0x82dff</load_address>
         <run_address>0x82dff</run_address>
         <size>0x1e</size>
         <input_file_ref idref="fl-17"/>
      </object_component>
      <object_component id="oc-2e">
         <name>.text:Interrupt_initVectorTable</name>
         <load_address>0x82e1d</load_address>
         <run_address>0x82e1d</run_address>
         <size>0x1e</size>
         <input_file_ref idref="fl-14"/>
      </object_component>
      <object_component id="oc-1c2">
         <name>.text:OLED_WR_Byte</name>
         <load_address>0x82e3b</load_address>
         <run_address>0x82e3b</run_address>
         <size>0x1e</size>
         <input_file_ref idref="fl-8"/>
      </object_component>
      <object_component id="oc-48">
         <name>.text</name>
         <load_address>0x82e59</load_address>
         <run_address>0x82e59</run_address>
         <size>0x1d</size>
         <input_file_ref idref="fl-26"/>
      </object_component>
      <object_component id="oc-18a">
         <name>.text:SysCtl_getLowSpeedClock</name>
         <load_address>0x82e76</load_address>
         <run_address>0x82e76</run_address>
         <size>0x1a</size>
         <input_file_ref idref="fl-17"/>
      </object_component>
      <object_component id="oc-29e">
         <name>.text:LED0_init</name>
         <load_address>0x82e90</load_address>
         <run_address>0x82e90</run_address>
         <size>0x19</size>
         <input_file_ref idref="fl-2"/>
      </object_component>
      <object_component id="oc-272">
         <name>.text:SysCtl_setPLLSysClk</name>
         <load_address>0x82ea9</load_address>
         <run_address>0x82ea9</run_address>
         <size>0x19</size>
         <input_file_ref idref="fl-17"/>
      </object_component>
      <object_component id="oc-38a">
         <name>.text:SCI_disableModule</name>
         <load_address>0x82ec2</load_address>
         <run_address>0x82ec2</run_address>
         <size>0x18</size>
         <input_file_ref idref="fl-15"/>
      </object_component>
      <object_component id="oc-382">
         <name>.text:SCI_performSoftwareReset</name>
         <load_address>0x82eda</load_address>
         <run_address>0x82eda</run_address>
         <size>0x18</size>
         <input_file_ref idref="fl-15"/>
      </object_component>
      <object_component id="oc-1d3">
         <name>.text:I2C_Start</name>
         <load_address>0x82ef2</load_address>
         <run_address>0x82ef2</run_address>
         <size>0x17</size>
         <input_file_ref idref="fl-8"/>
      </object_component>
      <object_component id="oc-319">
         <name>.text:SysCtl_enablePeripheral</name>
         <load_address>0x82f09</load_address>
         <run_address>0x82f09</run_address>
         <size>0x17</size>
         <input_file_ref idref="fl-17"/>
      </object_component>
      <object_component id="oc-78">
         <name>.text</name>
         <load_address>0x82f20</load_address>
         <run_address>0x82f20</run_address>
         <size>0x17</size>
         <input_file_ref idref="fl-24"/>
      </object_component>
      <object_component id="oc-337">
         <name>.text:DCC_disableDoneSignal</name>
         <load_address>0x82f37</load_address>
         <run_address>0x82f37</run_address>
         <size>0x16</size>
         <input_file_ref idref="fl-17"/>
      </object_component>
      <object_component id="oc-2d">
         <name>.text:Interrupt_defaultHandler</name>
         <load_address>0x82f4d</load_address>
         <run_address>0x82f4d</run_address>
         <size>0x16</size>
         <input_file_ref idref="fl-14"/>
      </object_component>
      <object_component id="oc-325">
         <name>.text:DCC_clearDoneFlag</name>
         <load_address>0x82f63</load_address>
         <run_address>0x82f63</run_address>
         <size>0x15</size>
         <input_file_ref idref="fl-17"/>
      </object_component>
      <object_component id="oc-31f">
         <name>.text:DCC_clearErrorFlag</name>
         <load_address>0x82f78</load_address>
         <run_address>0x82f78</run_address>
         <size>0x15</size>
         <input_file_ref idref="fl-17"/>
      </object_component>
      <object_component id="oc-331">
         <name>.text:DCC_disableErrorSignal</name>
         <load_address>0x82f8d</load_address>
         <run_address>0x82f8d</run_address>
         <size>0x15</size>
         <input_file_ref idref="fl-17"/>
      </object_component>
      <object_component id="oc-3b7">
         <name>.text:DCC_isBaseValid</name>
         <load_address>0x82fa2</load_address>
         <run_address>0x82fa2</run_address>
         <size>0x15</size>
         <input_file_ref idref="fl-17"/>
      </object_component>
      <object_component id="oc-32b">
         <name>.text:DCC_disableModule</name>
         <load_address>0x82fb7</load_address>
         <run_address>0x82fb7</run_address>
         <size>0x14</size>
         <input_file_ref idref="fl-17"/>
      </object_component>
      <object_component id="oc-355">
         <name>.text:DCC_enableModule</name>
         <load_address>0x82fcb</load_address>
         <run_address>0x82fcb</run_address>
         <size>0x14</size>
         <input_file_ref idref="fl-17"/>
      </object_component>
      <object_component id="oc-2a4">
         <name>.text:FLASH_CS_init</name>
         <load_address>0x82fdf</load_address>
         <run_address>0x82fdf</run_address>
         <size>0x14</size>
         <input_file_ref idref="fl-2"/>
      </object_component>
      <object_component id="oc-19f">
         <name>.text:Interrupt_disableGlobal</name>
         <load_address>0x82ff3</load_address>
         <run_address>0x82ff3</run_address>
         <size>0xd</size>
         <input_file_ref idref="fl-14"/>
      </object_component>
      <object_component id="oc-363">
         <name>.text:GPIO_isPinValid</name>
         <load_address>0x83000</load_address>
         <run_address>0x83000</run_address>
         <size>0x14</size>
         <input_file_ref idref="fl-13"/>
      </object_component>
      <object_component id="oc-2aa">
         <name>.text:SCREEN_SCL_init</name>
         <load_address>0x83014</load_address>
         <run_address>0x83014</run_address>
         <size>0x14</size>
         <input_file_ref idref="fl-2"/>
      </object_component>
      <object_component id="oc-2b0">
         <name>.text:SCREEN_SDA_init</name>
         <load_address>0x83028</load_address>
         <run_address>0x83028</run_address>
         <size>0x14</size>
         <input_file_ref idref="fl-2"/>
      </object_component>
      <object_component id="oc-1df">
         <name>.text:I2C_WaitAck</name>
         <load_address>0x8303c</load_address>
         <run_address>0x8303c</run_address>
         <size>0x13</size>
         <input_file_ref idref="fl-8"/>
      </object_component>
      <object_component id="oc-390">
         <name>.text:SCI_enableModule</name>
         <load_address>0x8304f</load_address>
         <run_address>0x8304f</run_address>
         <size>0x13</size>
         <input_file_ref idref="fl-15"/>
      </object_component>
      <object_component id="oc-37b">
         <name>.text:SCI_isBaseValid</name>
         <load_address>0x83062</load_address>
         <run_address>0x83062</run_address>
         <size>0x13</size>
         <input_file_ref idref="fl-15"/>
      </object_component>
      <object_component id="oc-397">
         <name>.text:SPI_isBaseValid</name>
         <load_address>0x83075</load_address>
         <run_address>0x83075</run_address>
         <size>0x13</size>
         <input_file_ref idref="fl-16"/>
      </object_component>
      <object_component id="oc-133">
         <name>.text:OLED_Clear</name>
         <load_address>0x83088</load_address>
         <run_address>0x83088</run_address>
         <size>0x11</size>
         <input_file_ref idref="fl-8"/>
      </object_component>
      <object_component id="oc-100">
         <name>.text:Device_initGPIO</name>
         <load_address>0x83099</load_address>
         <run_address>0x83099</run_address>
         <size>0x10</size>
         <input_file_ref idref="fl-9"/>
      </object_component>
      <object_component id="oc-226">
         <name>.text:Flash_isCtrlBaseValid</name>
         <load_address>0x830a9</load_address>
         <run_address>0x830a9</run_address>
         <size>0x10</size>
         <input_file_ref idref="fl-12"/>
      </object_component>
      <object_component id="oc-22d">
         <name>.text:Flash_isECCBaseValid</name>
         <load_address>0x830b9</load_address>
         <run_address>0x830b9</run_address>
         <size>0x10</size>
         <input_file_ref idref="fl-12"/>
      </object_component>
      <object_component id="oc-1e8">
         <name>.text:I2C_Stop</name>
         <load_address>0x830c9</load_address>
         <run_address>0x830c9</run_address>
         <size>0xf</size>
         <input_file_ref idref="fl-8"/>
      </object_component>
      <object_component id="oc-20e">
         <name>.text:OLED_Pow</name>
         <load_address>0x830d8</load_address>
         <run_address>0x830d8</run_address>
         <size>0xd</size>
         <input_file_ref idref="fl-8"/>
      </object_component>
      <object_component id="oc-12d">
         <name>.text:delay_ms</name>
         <load_address>0x830e5</load_address>
         <run_address>0x830e5</run_address>
         <size>0xd</size>
         <input_file_ref idref="fl-5"/>
      </object_component>
      <object_component id="oc-90">
         <name>.text</name>
         <load_address>0x830f2</load_address>
         <run_address>0x830f2</run_address>
         <size>0xc</size>
         <input_file_ref idref="fl-2e"/>
      </object_component>
      <object_component id="oc-10c">
         <name>.text:Board_init</name>
         <load_address>0x830fe</load_address>
         <run_address>0x830fe</run_address>
         <size>0xb</size>
         <input_file_ref idref="fl-2"/>
      </object_component>
      <object_component id="oc-266">
         <name>.text:SysCtl_isMCDClockFailureDetected</name>
         <load_address>0x83109</load_address>
         <run_address>0x83109</run_address>
         <size>0xb</size>
         <input_file_ref idref="fl-17"/>
      </object_component>
      <object_component id="oc-39">
         <name>.text:Interrupt_illegalOperationHandler</name>
         <load_address>0x83114</load_address>
         <run_address>0x83114</run_address>
         <size>0xa</size>
         <input_file_ref idref="fl-14"/>
      </object_component>
      <object_component id="oc-3f">
         <name>.text:Interrupt_nmiHandler</name>
         <load_address>0x8311e</load_address>
         <run_address>0x8311e</run_address>
         <size>0xa</size>
         <input_file_ref idref="fl-14"/>
      </object_component>
      <object_component id="oc-1ac">
         <name>.text:GPIO_init</name>
         <load_address>0x83128</load_address>
         <run_address>0x83128</run_address>
         <size>0x9</size>
         <input_file_ref idref="fl-2"/>
      </object_component>
      <object_component id="oc-15f">
         <name>.text</name>
         <load_address>0x83131</load_address>
         <run_address>0x83131</run_address>
         <size>0x9</size>
         <input_file_ref idref="fl-2d"/>
      </object_component>
      <object_component id="oc-1b">
         <name>.text:decompress:none</name>
         <load_address>0x8313a</load_address>
         <run_address>0x8313a</run_address>
         <size>0x8</size>
         <input_file_ref idref="fl-2a"/>
      </object_component>
      <object_component id="oc-5c">
         <name>.text</name>
         <load_address>0x83142</load_address>
         <run_address>0x83142</run_address>
         <size>0x8</size>
         <input_file_ref idref="fl-a"/>
      </object_component>
      <object_component id="oc-3ad">
         <name>.text:SysCtl_resetMCD</name>
         <load_address>0x8314a</load_address>
         <run_address>0x8314a</run_address>
         <size>0x7</size>
         <input_file_ref idref="fl-17"/>
      </object_component>
      <object_component id="oc-71">
         <name>.text</name>
         <load_address>0x83151</load_address>
         <run_address>0x83151</run_address>
         <size>0x7</size>
         <input_file_ref idref="fl-2f"/>
      </object_component>
      <object_component id="oc-56">
         <name>.text:decompress:ZI</name>
         <load_address>0x83158</load_address>
         <run_address>0x83158</run_address>
         <size>0x6</size>
         <input_file_ref idref="fl-29"/>
      </object_component>
      <object_component id="oc-2d6">
         <name>.text:IIC_delay</name>
         <load_address>0x8315e</load_address>
         <run_address>0x8315e</run_address>
         <size>0x4</size>
         <input_file_ref idref="fl-8"/>
      </object_component>
      <object_component id="oc-3a0">
         <name>.text:delay_us</name>
         <load_address>0x83162</load_address>
         <run_address>0x83162</run_address>
         <size>0x4</size>
         <input_file_ref idref="fl-5"/>
      </object_component>
      <object_component id="oc-184">
         <name>.text:__error__</name>
         <load_address>0x83166</load_address>
         <run_address>0x83166</run_address>
         <size>0x3</size>
         <input_file_ref idref="fl-9"/>
      </object_component>
      <object_component id="oc-89">
         <name>.text</name>
         <load_address>0x83169</load_address>
         <run_address>0x83169</run_address>
         <size>0x2</size>
         <input_file_ref idref="fl-27"/>
      </object_component>
      <object_component id="oc-e5">
         <name>.text</name>
         <load_address>0x8316b</load_address>
         <run_address>0x8316b</run_address>
         <size>0x1</size>
         <input_file_ref idref="fl-3e"/>
      </object_component>
      <object_component id="oc-40e">
         <name>.cinit..data.2.load</name>
         <load_address>0x81130</load_address>
         <run_address>0x81130</run_address>
         <size>0xee</size>
      </object_component>
      <object_component id="oc-40d">
         <name>.cinit..data.1.load</name>
         <load_address>0x8121e</load_address>
         <run_address>0x8121e</run_address>
         <size>0x9</size>
      </object_component>
      <object_component id="oc-401">
         <name>__TI_handler_table</name>
         <load_address>0x81228</load_address>
         <run_address>0x81228</run_address>
         <size>0x6</size>
      </object_component>
      <object_component id="oc-403">
         <name>.cinit..bss.load</name>
         <load_address>0x8122e</load_address>
         <run_address>0x8122e</run_address>
         <size>0x4</size>
      </object_component>
      <object_component id="oc-402">
         <name>__TI_cinit_table</name>
         <load_address>0x81232</load_address>
         <run_address>0x81232</run_address>
         <size>0xc</size>
      </object_component>
      <object_component id="oc-45">
         <name>.stack</name>
         <uninitialized>true</uninitialized>
         <run_address>0x400</run_address>
         <size>0x0</size>
         <input_file_ref idref="fl-24"/>
      </object_component>
      <object_component id="oc-405">
         <name>.stack</name>
         <uninitialized>true</uninitialized>
         <run_address>0x400</run_address>
         <size>0x0</size>
      </object_component>
      <object_component id="oc-1e5">
         <name>.bss:OLED_GRAM</name>
         <uninitialized>true</uninitialized>
         <run_address>0xa800</run_address>
         <size>0x480</size>
         <input_file_ref idref="fl-8"/>
      </object_component>
      <object_component id="oc-da">
         <name>.data</name>
         <load_address>0xac80</load_address>
         <run_address>0xac80</run_address>
         <size>0x6</size>
         <input_file_ref idref="fl-2c"/>
      </object_component>
      <object_component id="oc-dd">
         <name>.data:_lock</name>
         <load_address>0xac86</load_address>
         <run_address>0xac86</run_address>
         <size>0x2</size>
         <input_file_ref idref="fl-2d"/>
      </object_component>
      <object_component id="oc-219">
         <name>.data:_unlock</name>
         <load_address>0xac88</load_address>
         <run_address>0xac88</run_address>
         <size>0x2</size>
         <input_file_ref idref="fl-2d"/>
      </object_component>
      <object_component id="oc-11e">
         <name>.data:BMP1</name>
         <load_address>0xb000</load_address>
         <run_address>0xb000</run_address>
         <size>0x400</size>
         <input_file_ref idref="fl-4"/>
      </object_component>
      <object_component id="oc-201">
         <name>.const:asc2_2412</name>
         <load_address>0x84000</load_address>
         <run_address>0x84000</run_address>
         <size>0xd5c</size>
         <input_file_ref idref="fl-8"/>
      </object_component>
      <object_component id="oc-20a">
         <name>.const:asc2_0806</name>
         <load_address>0x84d5c</load_address>
         <run_address>0x84d5c</run_address>
         <size>0x228</size>
         <input_file_ref idref="fl-8"/>
      </object_component>
      <object_component id="oc-1f9">
         <name>.const:Hzk2</name>
         <load_address>0x84f84</load_address>
         <run_address>0x84f84</run_address>
         <size>0x48</size>
         <input_file_ref idref="fl-8"/>
      </object_component>
      <object_component id="oc-13f">
         <name>.const:.string</name>
         <load_address>0x84fcc</load_address>
         <run_address>0x84fcc</run_address>
         <size>0x2c</size>
         <input_file_ref idref="fl-4"/>
      </object_component>
      <object_component id="oc-204">
         <name>.const:asc2_1608</name>
         <load_address>0x85000</load_address>
         <run_address>0x85000</run_address>
         <size>0x5f0</size>
         <input_file_ref idref="fl-8"/>
      </object_component>
      <object_component id="oc-207">
         <name>.const:asc2_1206</name>
         <load_address>0x855f0</load_address>
         <run_address>0x855f0</run_address>
         <size>0x474</size>
         <input_file_ref idref="fl-8"/>
      </object_component>
      <object_component id="oc-1f3">
         <name>.const:Hzk4</name>
         <load_address>0x85a64</load_address>
         <run_address>0x85a64</run_address>
         <size>0x200</size>
         <input_file_ref idref="fl-8"/>
      </object_component>
      <object_component id="oc-1fc">
         <name>.const:Hzk1</name>
         <load_address>0x85c64</load_address>
         <run_address>0x85c64</run_address>
         <size>0x160</size>
         <input_file_ref idref="fl-8"/>
      </object_component>
      <object_component id="oc-22c">
         <name>.const:.string</name>
         <load_address>0x85dc4</load_address>
         <run_address>0x85dc4</run_address>
         <size>0x9b</size>
         <input_file_ref idref="fl-12"/>
      </object_component>
      <object_component id="oc-265">
         <name>.const:.string</name>
         <load_address>0x85e60</load_address>
         <run_address>0x85e60</run_address>
         <size>0x9a</size>
         <input_file_ref idref="fl-17"/>
      </object_component>
      <object_component id="oc-284">
         <name>.const:.string</name>
         <load_address>0x85efa</load_address>
         <run_address>0x85efa</run_address>
         <size>0x98</size>
         <input_file_ref idref="fl-13"/>
      </object_component>
      <object_component id="oc-381">
         <name>.const:.string</name>
         <load_address>0x86000</load_address>
         <run_address>0x86000</run_address>
         <size>0x97</size>
         <input_file_ref idref="fl-15"/>
      </object_component>
      <object_component id="oc-39d">
         <name>.const:.string</name>
         <load_address>0x86098</load_address>
         <run_address>0x86098</run_address>
         <size>0x97</size>
         <input_file_ref idref="fl-16"/>
      </object_component>
      <object_component id="oc-1f6">
         <name>.const:Hzk3</name>
         <load_address>0x8612f</load_address>
         <run_address>0x8612f</run_address>
         <size>0x80</size>
         <input_file_ref idref="fl-8"/>
      </object_component>
      <object_component id="oc-172">
         <name>.TI.ramfunc:Flash_initModule</name>
         <load_address>0x81000</load_address>
         <run_address>0x8000</run_address>
         <size>0x49</size>
         <input_file_ref idref="fl-12"/>
      </object_component>
      <object_component id="oc-233">
         <name>.TI.ramfunc:Flash_setBankPowerMode</name>
         <load_address>0x81049</load_address>
         <run_address>0x8049</run_address>
         <size>0x2c</size>
         <input_file_ref idref="fl-12"/>
      </object_component>
      <object_component id="oc-24b">
         <name>.TI.ramfunc:Flash_setWaitstates</name>
         <load_address>0x81075</load_address>
         <run_address>0x8075</run_address>
         <size>0x24</size>
         <input_file_ref idref="fl-12"/>
      </object_component>
      <object_component id="oc-239">
         <name>.TI.ramfunc:Flash_setPumpPowerMode</name>
         <load_address>0x81099</load_address>
         <run_address>0x8099</run_address>
         <size>0x1d</size>
         <input_file_ref idref="fl-12"/>
      </object_component>
      <object_component id="oc-23f">
         <name>.TI.ramfunc:Flash_disableCache</name>
         <load_address>0x810b6</load_address>
         <run_address>0x80b6</run_address>
         <size>0x18</size>
         <input_file_ref idref="fl-12"/>
      </object_component>
      <object_component id="oc-245">
         <name>.TI.ramfunc:Flash_disablePrefetch</name>
         <load_address>0x810ce</load_address>
         <run_address>0x80ce</run_address>
         <size>0x18</size>
         <input_file_ref idref="fl-12"/>
      </object_component>
      <object_component id="oc-251">
         <name>.TI.ramfunc:Flash_enableCache</name>
         <load_address>0x810e6</load_address>
         <run_address>0x80e6</run_address>
         <size>0x17</size>
         <input_file_ref idref="fl-12"/>
      </object_component>
      <object_component id="oc-257">
         <name>.TI.ramfunc:Flash_enablePrefetch</name>
         <load_address>0x810fd</load_address>
         <run_address>0x80fd</run_address>
         <size>0x17</size>
         <input_file_ref idref="fl-12"/>
      </object_component>
      <object_component id="oc-25d">
         <name>.TI.ramfunc:Flash_enableECC</name>
         <load_address>0x81114</load_address>
         <run_address>0x8114</run_address>
         <size>0x16</size>
         <input_file_ref idref="fl-12"/>
      </object_component>
      <object_component id="oc-1ef">
         <name>.TI.ramfunc</name>
         <load_address>0x8112a</load_address>
         <run_address>0x812a</run_address>
         <size>0x4</size>
         <input_file_ref idref="fl-17"/>
      </object_component>
      <object_component id="oc-1bf">
         <name>.debug_types</name>
         <load_address>0x0</load_address>
         <run_address>0x0</run_address>
         <size>0xc4e</size>
         <input_file_ref idref="fl-2"/>
      </object_component>
      <object_component id="oc-1c1">
         <name>.debug_types</name>
         <load_address>0x0</load_address>
         <run_address>0x0</run_address>
         <size>0x0</size>
         <input_file_ref idref="fl-3"/>
      </object_component>
      <object_component id="oc-159">
         <name>.debug_types</name>
         <load_address>0xc4e</load_address>
         <run_address>0xc4e</run_address>
         <size>0x94</size>
         <input_file_ref idref="fl-4"/>
      </object_component>
      <object_component id="oc-1f1">
         <name>.debug_types</name>
         <load_address>0xce2</load_address>
         <run_address>0xce2</run_address>
         <size>0x20f</size>
         <input_file_ref idref="fl-5"/>
      </object_component>
      <object_component id="oc-1c9">
         <name>.debug_types</name>
         <load_address>0xef1</load_address>
         <run_address>0xef1</run_address>
         <size>0x45c</size>
         <input_file_ref idref="fl-8"/>
      </object_component>
      <object_component id="oc-19d">
         <name>.debug_types</name>
         <load_address>0x134d</load_address>
         <run_address>0x134d</run_address>
         <size>0xc88</size>
         <input_file_ref idref="fl-9"/>
      </object_component>
      <object_component id="oc-264">
         <name>.debug_types</name>
         <load_address>0x1fd5</load_address>
         <run_address>0x1fd5</run_address>
         <size>0x1fa</size>
         <input_file_ref idref="fl-12"/>
      </object_component>
      <object_component id="oc-286">
         <name>.debug_types</name>
         <load_address>0x21cf</load_address>
         <run_address>0x21cf</run_address>
         <size>0x2b9</size>
         <input_file_ref idref="fl-13"/>
      </object_component>
      <object_component id="oc-63">
         <name>.debug_types</name>
         <load_address>0x0</load_address>
         <run_address>0x0</run_address>
         <size>0x0</size>
         <input_file_ref idref="fl-14"/>
      </object_component>
      <object_component id="oc-389">
         <name>.debug_types</name>
         <load_address>0x2488</load_address>
         <run_address>0x2488</run_address>
         <size>0x5a</size>
         <input_file_ref idref="fl-15"/>
      </object_component>
      <object_component id="oc-39f">
         <name>.debug_types</name>
         <load_address>0x24e2</load_address>
         <run_address>0x24e2</run_address>
         <size>0x510</size>
         <input_file_ref idref="fl-16"/>
      </object_component>
      <object_component id="oc-27f">
         <name>.debug_types</name>
         <load_address>0x29f2</load_address>
         <run_address>0x29f2</run_address>
         <size>0x768</size>
         <input_file_ref idref="fl-17"/>
      </object_component>
      <object_component id="oc-6b">
         <name>.debug_types</name>
         <load_address>0x315a</load_address>
         <run_address>0x315a</run_address>
         <size>0xb8</size>
         <input_file_ref idref="fl-26"/>
      </object_component>
      <object_component id="oc-a1">
         <name>.debug_types</name>
         <load_address>0x0</load_address>
         <run_address>0x0</run_address>
         <size>0x0</size>
         <input_file_ref idref="fl-27"/>
      </object_component>
      <object_component id="oc-ec">
         <name>.debug_types</name>
         <load_address>0x3212</load_address>
         <run_address>0x3212</run_address>
         <size>0x4bd</size>
         <input_file_ref idref="fl-28"/>
      </object_component>
      <object_component id="oc-70">
         <name>.debug_types</name>
         <load_address>0x36cf</load_address>
         <run_address>0x36cf</run_address>
         <size>0x165</size>
         <input_file_ref idref="fl-29"/>
      </object_component>
      <object_component id="oc-4f">
         <name>.debug_types</name>
         <load_address>0x0</load_address>
         <run_address>0x0</run_address>
         <size>0x0</size>
         <input_file_ref idref="fl-2a"/>
      </object_component>
      <object_component id="oc-47">
         <name>.debug_types</name>
         <load_address>0x3834</load_address>
         <run_address>0x3834</run_address>
         <size>0x191</size>
         <input_file_ref idref="fl-2b"/>
      </object_component>
      <object_component id="oc-e1">
         <name>.debug_types</name>
         <load_address>0x39c5</load_address>
         <run_address>0x39c5</run_address>
         <size>0xbf</size>
         <input_file_ref idref="fl-2c"/>
      </object_component>
      <object_component id="oc-167">
         <name>.debug_types</name>
         <load_address>0x3a84</load_address>
         <run_address>0x3a84</run_address>
         <size>0x2f</size>
         <input_file_ref idref="fl-2d"/>
      </object_component>
      <object_component id="oc-d9">
         <name>.debug_types</name>
         <load_address>0x3ab3</load_address>
         <run_address>0x3ab3</run_address>
         <size>0xe1</size>
         <input_file_ref idref="fl-2e"/>
      </object_component>
      <object_component id="oc-88">
         <name>.debug_types</name>
         <load_address>0x0</load_address>
         <run_address>0x0</run_address>
         <size>0x0</size>
         <input_file_ref idref="fl-2f"/>
      </object_component>
      <object_component id="oc-16c">
         <name>.debug_types</name>
         <load_address>0x0</load_address>
         <run_address>0x0</run_address>
         <size>0x0</size>
         <input_file_ref idref="fl-3e"/>
      </object_component>
      <object_component id="oc-1b3">
         <name>.debug_info</name>
         <load_address>0x0</load_address>
         <run_address>0x0</run_address>
         <size>0x142</size>
         <input_file_ref idref="fl-2"/>
      </object_component>
      <object_component id="oc-1bb">
         <name>.debug_info</name>
         <load_address>0x142</load_address>
         <run_address>0x142</run_address>
         <size>0x12a</size>
         <input_file_ref idref="fl-2"/>
      </object_component>
      <object_component id="oc-2b1">
         <name>.debug_info</name>
         <load_address>0x26c</load_address>
         <run_address>0x26c</run_address>
         <size>0x186</size>
         <input_file_ref idref="fl-2"/>
      </object_component>
      <object_component id="oc-2ad">
         <name>.debug_info</name>
         <load_address>0x3f2</load_address>
         <run_address>0x3f2</run_address>
         <size>0x186</size>
         <input_file_ref idref="fl-2"/>
      </object_component>
      <object_component id="oc-1a7">
         <name>.debug_info</name>
         <load_address>0x578</load_address>
         <run_address>0x578</run_address>
         <size>0x2ee</size>
         <input_file_ref idref="fl-2"/>
      </object_component>
      <object_component id="oc-2a0">
         <name>.debug_info</name>
         <load_address>0x866</load_address>
         <run_address>0x866</run_address>
         <size>0x17a</size>
         <input_file_ref idref="fl-2"/>
      </object_component>
      <object_component id="oc-2a7">
         <name>.debug_info</name>
         <load_address>0x9e0</load_address>
         <run_address>0x9e0</run_address>
         <size>0x182</size>
         <input_file_ref idref="fl-2"/>
      </object_component>
      <object_component id="oc-1ae">
         <name>.debug_info</name>
         <load_address>0xb62</load_address>
         <run_address>0xb62</run_address>
         <size>0x159</size>
         <input_file_ref idref="fl-2"/>
      </object_component>
      <object_component id="oc-10d">
         <name>.debug_info</name>
         <load_address>0xcbb</load_address>
         <run_address>0xcbb</run_address>
         <size>0x14b</size>
         <input_file_ref idref="fl-2"/>
      </object_component>
      <object_component id="oc-113">
         <name>.debug_info</name>
         <load_address>0xe06</load_address>
         <run_address>0xe06</run_address>
         <size>0x147</size>
         <input_file_ref idref="fl-3"/>
      </object_component>
      <object_component id="oc-11f">
         <name>.debug_info</name>
         <load_address>0xf4d</load_address>
         <run_address>0xf4d</run_address>
         <size>0xea</size>
         <input_file_ref idref="fl-4"/>
      </object_component>
      <object_component id="oc-d6">
         <name>.debug_info</name>
         <load_address>0x1037</load_address>
         <run_address>0x1037</run_address>
         <size>0x44e</size>
         <input_file_ref idref="fl-4"/>
      </object_component>
      <object_component id="oc-3a1">
         <name>.debug_info</name>
         <load_address>0x1485</load_address>
         <run_address>0x1485</run_address>
         <size>0x139</size>
         <input_file_ref idref="fl-5"/>
      </object_component>
      <object_component id="oc-12e">
         <name>.debug_info</name>
         <load_address>0x15be</load_address>
         <run_address>0x15be</run_address>
         <size>0x147</size>
         <input_file_ref idref="fl-5"/>
      </object_component>
      <object_component id="oc-1fa">
         <name>.debug_info</name>
         <load_address>0x1705</load_address>
         <run_address>0x1705</run_address>
         <size>0xe9</size>
         <input_file_ref idref="fl-8"/>
      </object_component>
      <object_component id="oc-1f7">
         <name>.debug_info</name>
         <load_address>0x17ee</load_address>
         <run_address>0x17ee</run_address>
         <size>0xe9</size>
         <input_file_ref idref="fl-8"/>
      </object_component>
      <object_component id="oc-1fd">
         <name>.debug_info</name>
         <load_address>0x18d7</load_address>
         <run_address>0x18d7</run_address>
         <size>0xe9</size>
         <input_file_ref idref="fl-8"/>
      </object_component>
      <object_component id="oc-1f4">
         <name>.debug_info</name>
         <load_address>0x19c0</load_address>
         <run_address>0x19c0</run_address>
         <size>0xe9</size>
         <input_file_ref idref="fl-8"/>
      </object_component>
      <object_component id="oc-20b">
         <name>.debug_info</name>
         <load_address>0x1aa9</load_address>
         <run_address>0x1aa9</run_address>
         <size>0xf2</size>
         <input_file_ref idref="fl-8"/>
      </object_component>
      <object_component id="oc-208">
         <name>.debug_info</name>
         <load_address>0x1b9b</load_address>
         <run_address>0x1b9b</run_address>
         <size>0xf2</size>
         <input_file_ref idref="fl-8"/>
      </object_component>
      <object_component id="oc-1e6">
         <name>.debug_info</name>
         <load_address>0x1c8d</load_address>
         <run_address>0x1c8d</run_address>
         <size>0xf2</size>
         <input_file_ref idref="fl-8"/>
      </object_component>
      <object_component id="oc-205">
         <name>.debug_info</name>
         <load_address>0x1d7f</load_address>
         <run_address>0x1d7f</run_address>
         <size>0xf2</size>
         <input_file_ref idref="fl-8"/>
      </object_component>
      <object_component id="oc-202">
         <name>.debug_info</name>
         <load_address>0x1e71</load_address>
         <run_address>0x1e71</run_address>
         <size>0xf3</size>
         <input_file_ref idref="fl-8"/>
      </object_component>
      <object_component id="oc-2d7">
         <name>.debug_info</name>
         <load_address>0x1f64</load_address>
         <run_address>0x1f64</run_address>
         <size>0x121</size>
         <input_file_ref idref="fl-8"/>
      </object_component>
      <object_component id="oc-1da">
         <name>.debug_info</name>
         <load_address>0x2085</load_address>
         <run_address>0x2085</run_address>
         <size>0x14f</size>
         <input_file_ref idref="fl-8"/>
      </object_component>
      <object_component id="oc-1d4">
         <name>.debug_info</name>
         <load_address>0x21d4</load_address>
         <run_address>0x21d4</run_address>
         <size>0x140</size>
         <input_file_ref idref="fl-8"/>
      </object_component>
      <object_component id="oc-1e0">
         <name>.debug_info</name>
         <load_address>0x2314</load_address>
         <run_address>0x2314</run_address>
         <size>0x144</size>
         <input_file_ref idref="fl-8"/>
      </object_component>
      <object_component id="oc-1e9">
         <name>.debug_info</name>
         <load_address>0x2458</load_address>
         <run_address>0x2458</run_address>
         <size>0x120</size>
         <input_file_ref idref="fl-8"/>
      </object_component>
      <object_component id="oc-1c3">
         <name>.debug_info</name>
         <load_address>0x2578</load_address>
         <run_address>0x2578</run_address>
         <size>0x1d4</size>
         <input_file_ref idref="fl-8"/>
      </object_component>
      <object_component id="oc-1ce">
         <name>.debug_info</name>
         <load_address>0x274c</load_address>
         <run_address>0x274c</run_address>
         <size>0x18a</size>
         <input_file_ref idref="fl-8"/>
      </object_component>
      <object_component id="oc-148">
         <name>.debug_info</name>
         <load_address>0x28d6</load_address>
         <run_address>0x28d6</run_address>
         <size>0x215</size>
         <input_file_ref idref="fl-8"/>
      </object_component>
      <object_component id="oc-143">
         <name>.debug_info</name>
         <load_address>0x2aeb</load_address>
         <run_address>0x2aeb</run_address>
         <size>0x1cb</size>
         <input_file_ref idref="fl-8"/>
      </object_component>
      <object_component id="oc-124">
         <name>.debug_info</name>
         <load_address>0x2cb6</load_address>
         <run_address>0x2cb6</run_address>
         <size>0x22d</size>
         <input_file_ref idref="fl-8"/>
      </object_component>
      <object_component id="oc-210">
         <name>.debug_info</name>
         <load_address>0x2ee3</load_address>
         <run_address>0x2ee3</run_address>
         <size>0x161</size>
         <input_file_ref idref="fl-8"/>
      </object_component>
      <object_component id="oc-14e">
         <name>.debug_info</name>
         <load_address>0x3044</load_address>
         <run_address>0x3044</run_address>
         <size>0x220</size>
         <input_file_ref idref="fl-8"/>
      </object_component>
      <object_component id="oc-13c">
         <name>.debug_info</name>
         <load_address>0x3264</load_address>
         <run_address>0x3264</run_address>
         <size>0x20a</size>
         <input_file_ref idref="fl-8"/>
      </object_component>
      <object_component id="oc-129">
         <name>.debug_info</name>
         <load_address>0x346e</load_address>
         <run_address>0x346e</run_address>
         <size>0x1d9</size>
         <input_file_ref idref="fl-8"/>
      </object_component>
      <object_component id="oc-154">
         <name>.debug_info</name>
         <load_address>0x3647</load_address>
         <run_address>0x3647</run_address>
         <size>0x1d7</size>
         <input_file_ref idref="fl-8"/>
      </object_component>
      <object_component id="oc-134">
         <name>.debug_info</name>
         <load_address>0x381e</load_address>
         <run_address>0x381e</run_address>
         <size>0x127</size>
         <input_file_ref idref="fl-8"/>
      </object_component>
      <object_component id="oc-119">
         <name>.debug_info</name>
         <load_address>0x3945</load_address>
         <run_address>0x3945</run_address>
         <size>0x31d</size>
         <input_file_ref idref="fl-8"/>
      </object_component>
      <object_component id="oc-185">
         <name>.debug_info</name>
         <load_address>0x3c62</load_address>
         <run_address>0x3c62</run_address>
         <size>0x13b</size>
         <input_file_ref idref="fl-9"/>
      </object_component>
      <object_component id="oc-104">
         <name>.debug_info</name>
         <load_address>0x3d9d</load_address>
         <run_address>0x3d9d</run_address>
         <size>0x121</size>
         <input_file_ref idref="fl-9"/>
      </object_component>
      <object_component id="oc-193">
         <name>.debug_info</name>
         <load_address>0x3ebe</load_address>
         <run_address>0x3ebe</run_address>
         <size>0x139</size>
         <input_file_ref idref="fl-9"/>
      </object_component>
      <object_component id="oc-fe">
         <name>.debug_info</name>
         <load_address>0x3ff7</load_address>
         <run_address>0x3ff7</run_address>
         <size>0x1f1</size>
         <input_file_ref idref="fl-9"/>
      </object_component>
      <object_component id="oc-23">
         <name>.debug_info</name>
         <load_address>0x41e8</load_address>
         <run_address>0x41e8</run_address>
         <size>0x114</size>
         <input_file_ref idref="fl-a"/>
      </object_component>
      <object_component id="oc-5e">
         <name>.debug_info</name>
         <load_address>0x42fc</load_address>
         <run_address>0x42fc</run_address>
         <size>0x115</size>
         <input_file_ref idref="fl-a"/>
      </object_component>
      <object_component id="oc-227">
         <name>.debug_info</name>
         <load_address>0x4411</load_address>
         <run_address>0x4411</run_address>
         <size>0x1e2</size>
         <input_file_ref idref="fl-12"/>
      </object_component>
      <object_component id="oc-22e">
         <name>.debug_info</name>
         <load_address>0x45f3</load_address>
         <run_address>0x45f3</run_address>
         <size>0x1de</size>
         <input_file_ref idref="fl-12"/>
      </object_component>
      <object_component id="oc-24c">
         <name>.debug_info</name>
         <load_address>0x47d1</load_address>
         <run_address>0x47d1</run_address>
         <size>0x23d</size>
         <input_file_ref idref="fl-12"/>
      </object_component>
      <object_component id="oc-234">
         <name>.debug_info</name>
         <load_address>0x4a0e</load_address>
         <run_address>0x4a0e</run_address>
         <size>0x254</size>
         <input_file_ref idref="fl-12"/>
      </object_component>
      <object_component id="oc-23a">
         <name>.debug_info</name>
         <load_address>0x4c62</load_address>
         <run_address>0x4c62</run_address>
         <size>0x233</size>
         <input_file_ref idref="fl-12"/>
      </object_component>
      <object_component id="oc-258">
         <name>.debug_info</name>
         <load_address>0x4e95</load_address>
         <run_address>0x4e95</run_address>
         <size>0x204</size>
         <input_file_ref idref="fl-12"/>
      </object_component>
      <object_component id="oc-246">
         <name>.debug_info</name>
         <load_address>0x5099</load_address>
         <run_address>0x5099</run_address>
         <size>0x206</size>
         <input_file_ref idref="fl-12"/>
      </object_component>
      <object_component id="oc-253">
         <name>.debug_info</name>
         <load_address>0x529f</load_address>
         <run_address>0x529f</run_address>
         <size>0x1fe</size>
         <input_file_ref idref="fl-12"/>
      </object_component>
      <object_component id="oc-240">
         <name>.debug_info</name>
         <load_address>0x549d</load_address>
         <run_address>0x549d</run_address>
         <size>0x200</size>
         <input_file_ref idref="fl-12"/>
      </object_component>
      <object_component id="oc-25e">
         <name>.debug_info</name>
         <load_address>0x569d</load_address>
         <run_address>0x569d</run_address>
         <size>0x1f7</size>
         <input_file_ref idref="fl-12"/>
      </object_component>
      <object_component id="oc-174">
         <name>.debug_info</name>
         <load_address>0x5894</load_address>
         <run_address>0x5894</run_address>
         <size>0x375</size>
         <input_file_ref idref="fl-12"/>
      </object_component>
      <object_component id="oc-364">
         <name>.debug_info</name>
         <load_address>0x5c09</load_address>
         <run_address>0x5c09</run_address>
         <size>0x1ca</size>
         <input_file_ref idref="fl-13"/>
      </object_component>
      <object_component id="oc-36c">
         <name>.debug_info</name>
         <load_address>0x5dd3</load_address>
         <run_address>0x5dd3</run_address>
         <size>0x242</size>
         <input_file_ref idref="fl-13"/>
      </object_component>
      <object_component id="oc-292">
         <name>.debug_info</name>
         <load_address>0x6015</load_address>
         <run_address>0x6015</run_address>
         <size>0x22b</size>
         <input_file_ref idref="fl-13"/>
      </object_component>
      <object_component id="oc-298">
         <name>.debug_info</name>
         <load_address>0x6240</load_address>
         <run_address>0x6240</run_address>
         <size>0x273</size>
         <input_file_ref idref="fl-13"/>
      </object_component>
      <object_component id="oc-373">
         <name>.debug_info</name>
         <load_address>0x64b3</load_address>
         <run_address>0x64b3</run_address>
         <size>0x25b</size>
         <input_file_ref idref="fl-13"/>
      </object_component>
      <object_component id="oc-19a">
         <name>.debug_info</name>
         <load_address>0x670e</load_address>
         <run_address>0x670e</run_address>
         <size>0x227</size>
         <input_file_ref idref="fl-13"/>
      </object_component>
      <object_component id="oc-28d">
         <name>.debug_info</name>
         <load_address>0x6935</load_address>
         <run_address>0x6935</run_address>
         <size>0x214</size>
         <input_file_ref idref="fl-13"/>
      </object_component>
      <object_component id="oc-1a0">
         <name>.debug_info</name>
         <load_address>0x6b49</load_address>
         <run_address>0x6b49</run_address>
         <size>0x1c5</size>
         <input_file_ref idref="fl-14"/>
      </object_component>
      <object_component id="oc-107">
         <name>.debug_info</name>
         <load_address>0x6d0e</load_address>
         <run_address>0x6d0e</run_address>
         <size>0x1d4</size>
         <input_file_ref idref="fl-14"/>
      </object_component>
      <object_component id="oc-34">
         <name>.debug_info</name>
         <load_address>0x6ee2</load_address>
         <run_address>0x6ee2</run_address>
         <size>0x1e1</size>
         <input_file_ref idref="fl-14"/>
      </object_component>
      <object_component id="oc-3a">
         <name>.debug_info</name>
         <load_address>0x70c3</load_address>
         <run_address>0x70c3</run_address>
         <size>0x1c7</size>
         <input_file_ref idref="fl-14"/>
      </object_component>
      <object_component id="oc-40">
         <name>.debug_info</name>
         <load_address>0x728a</load_address>
         <run_address>0x728a</run_address>
         <size>0x1ad</size>
         <input_file_ref idref="fl-14"/>
      </object_component>
      <object_component id="oc-2f">
         <name>.debug_info</name>
         <load_address>0x7437</load_address>
         <run_address>0x7437</run_address>
         <size>0x1d1</size>
         <input_file_ref idref="fl-14"/>
      </object_component>
      <object_component id="oc-37c">
         <name>.debug_info</name>
         <load_address>0x7608</load_address>
         <run_address>0x7608</run_address>
         <size>0x1ca</size>
         <input_file_ref idref="fl-15"/>
      </object_component>
      <object_component id="oc-392">
         <name>.debug_info</name>
         <load_address>0x77d2</load_address>
         <run_address>0x77d2</run_address>
         <size>0x1ea</size>
         <input_file_ref idref="fl-15"/>
      </object_component>
      <object_component id="oc-38b">
         <name>.debug_info</name>
         <load_address>0x79bc</load_address>
         <run_address>0x79bc</run_address>
         <size>0x1ec</size>
         <input_file_ref idref="fl-15"/>
      </object_component>
      <object_component id="oc-383">
         <name>.debug_info</name>
         <load_address>0x7ba8</load_address>
         <run_address>0x7ba8</run_address>
         <size>0x1fa</size>
         <input_file_ref idref="fl-15"/>
      </object_component>
      <object_component id="oc-2c0">
         <name>.debug_info</name>
         <load_address>0x7da2</load_address>
         <run_address>0x7da2</run_address>
         <size>0x27a</size>
         <input_file_ref idref="fl-15"/>
      </object_component>
      <object_component id="oc-2b9">
         <name>.debug_info</name>
         <load_address>0x801c</load_address>
         <run_address>0x801c</run_address>
         <size>0x22d</size>
         <input_file_ref idref="fl-15"/>
      </object_component>
      <object_component id="oc-398">
         <name>.debug_info</name>
         <load_address>0x8249</load_address>
         <run_address>0x8249</run_address>
         <size>0x1cc</size>
         <input_file_ref idref="fl-16"/>
      </object_component>
      <object_component id="oc-2c6">
         <name>.debug_info</name>
         <load_address>0x8415</load_address>
         <run_address>0x8415</run_address>
         <size>0x2cd</size>
         <input_file_ref idref="fl-16"/>
      </object_component>
      <object_component id="oc-31b">
         <name>.debug_info</name>
         <load_address>0x86e2</load_address>
         <run_address>0x86e2</run_address>
         <size>0x210</size>
         <input_file_ref idref="fl-17"/>
      </object_component>
      <object_component id="oc-267">
         <name>.debug_info</name>
         <load_address>0x88f2</load_address>
         <run_address>0x88f2</run_address>
         <size>0x1d3</size>
         <input_file_ref idref="fl-17"/>
      </object_component>
      <object_component id="oc-3ae">
         <name>.debug_info</name>
         <load_address>0x8ac5</load_address>
         <run_address>0x8ac5</run_address>
         <size>0x1a9</size>
         <input_file_ref idref="fl-17"/>
      </object_component>
      <object_component id="oc-274">
         <name>.debug_info</name>
         <load_address>0x8c6e</load_address>
         <run_address>0x8c6e</run_address>
         <size>0x1d8</size>
         <input_file_ref idref="fl-17"/>
      </object_component>
      <object_component id="oc-3b8">
         <name>.debug_info</name>
         <load_address>0x8e46</load_address>
         <run_address>0x8e46</run_address>
         <size>0x1cd</size>
         <input_file_ref idref="fl-17"/>
      </object_component>
      <object_component id="oc-357">
         <name>.debug_info</name>
         <load_address>0x9013</load_address>
         <run_address>0x9013</run_address>
         <size>0x1eb</size>
         <input_file_ref idref="fl-17"/>
      </object_component>
      <object_component id="oc-32c">
         <name>.debug_info</name>
         <load_address>0x91fe</load_address>
         <run_address>0x91fe</run_address>
         <size>0x1ed</size>
         <input_file_ref idref="fl-17"/>
      </object_component>
      <object_component id="oc-332">
         <name>.debug_info</name>
         <load_address>0x93eb</load_address>
         <run_address>0x93eb</run_address>
         <size>0x1f9</size>
         <input_file_ref idref="fl-17"/>
      </object_component>
      <object_component id="oc-338">
         <name>.debug_info</name>
         <load_address>0x95e4</load_address>
         <run_address>0x95e4</run_address>
         <size>0x1f7</size>
         <input_file_ref idref="fl-17"/>
      </object_component>
      <object_component id="oc-350">
         <name>.debug_info</name>
         <load_address>0x97db</load_address>
         <run_address>0x97db</run_address>
         <size>0x21e</size>
         <input_file_ref idref="fl-17"/>
      </object_component>
      <object_component id="oc-320">
         <name>.debug_info</name>
         <load_address>0x99f9</load_address>
         <run_address>0x99f9</run_address>
         <size>0x1f1</size>
         <input_file_ref idref="fl-17"/>
      </object_component>
      <object_component id="oc-326">
         <name>.debug_info</name>
         <load_address>0x9bea</load_address>
         <run_address>0x9bea</run_address>
         <size>0x1ef</size>
         <input_file_ref idref="fl-17"/>
      </object_component>
      <object_component id="oc-345">
         <name>.debug_info</name>
         <load_address>0x9dd9</load_address>
         <run_address>0x9dd9</run_address>
         <size>0x222</size>
         <input_file_ref idref="fl-17"/>
      </object_component>
      <object_component id="oc-33e">
         <name>.debug_info</name>
         <load_address>0x9ffb</load_address>
         <run_address>0x9ffb</run_address>
         <size>0x222</size>
         <input_file_ref idref="fl-17"/>
      </object_component>
      <object_component id="oc-34a">
         <name>.debug_info</name>
         <load_address>0xa21d</load_address>
         <run_address>0xa21d</run_address>
         <size>0x291</size>
         <input_file_ref idref="fl-17"/>
      </object_component>
[...]
         <usage_details>
         </usage_details>
      </memory_area>
      <memory_area display="yes" color="green">
         <name>SECURE_ROM</name>
         <page_id>0x0</page_id>
         <origin>0x3f2000</origin>
         <length>0x6000</length>
         <used_space>0x0</used_space>
         <unused_space>0x6000</unused_space>
         <attributes>RWIX</attributes>
         <usage_details>
         </usage_details>
      </memory_area>
      <memory_area display="yes" color="green">
         <name>BOOTROM</name>
         <page_id>0x0</page_id>
         <origin>0x3f8000</origin>
         <length>0x7fc0</length>
         <used_space>0x0</used_space>
         <unused_space>0x7fc0</unused_space>
         <attributes>RWIX</attributes>
         <usage_details>
         </usage_details>
      </memory_area>
      <memory_area display="no" color="green">
         <name>RESET</name>
         <page_id>0x0</page_id>
         <origin>0x3fffc0</origin>
         <length>0x2</length>
         <used_space>0x0</used_space>
         <unused_space>0x2</unused_space>
         <attributes>RWIX</attributes>
         <usage_details>
         </usage_details>
      </memory_area>
   </placement_map>
   <cptbl_list>
      <cptbl>
         <name>__TI_cinit_table</name>
         <cprec>
            <name>.data.2</name>
            <load_address>0x81130</load_address>
            <load_size>0xee</load_size>
            <run_address>0xb000</run_address>
            <run_size>0x400</run_size>
            <compression>lzss</compression>
         </cprec>
         <cprec>
            <name>.data.1</name>
            <load_address>0x8121e</load_address>
            <load_size>0x9</load_size>
            <run_address>0xac80</run_address>
            <run_size>0xa</run_size>
            <compression>lzss</compression>
         </cprec>
         <cprec>
            <name>.bss</name>
            <load_address>0x8122e</load_address>
            <load_size>0x4</load_size>
            <run_address>0xa800</run_address>
            <run_size>0x480</run_size>
            <compression>zero_init</compression>
         </cprec>
      </cptbl>
   </cptbl_list>
   <handler_table>
      <handler_table_name>__TI_handler_table</handler_table_name>
      <handler>
         <index>0x0</index>
         <name>__TI_zero_init</name>
      </handler>
      <handler>
         <index>0x1</index>
         <name>__TI_decompress_lzss</name>
      </handler>
      <handler>
         <index>0x2</index>
         <name>__TI_decompress_none</name>
      </handler>
   </handler_table>
   <symbol_table>
      <symbol id="sm-1">
         <name>RamfuncsLoadStart</name>
         <value>0x81000</value>
      </symbol>
      <symbol id="sm-2">
         <name>RamfuncsLoadSize</name>
         <value>0x12e</value>
      </symbol>
      <symbol id="sm-3">
         <name>RamfuncsLoadEnd</name>
         <value>0x8112e</value>
      </symbol>
      <symbol id="sm-4">
         <name>RamfuncsRunStart</name>
         <value>0x8000</value>
      </symbol>
      <symbol id="sm-5">
         <name>RamfuncsRunSize</name>
         <value>0x12e</value>
      </symbol>
      <symbol id="sm-6">
         <name>RamfuncsRunEnd</name>
         <value>0x812e</value>
      </symbol>
      <symbol id="sm-7">
         <name>__TI_CINIT_Base</name>
         <value>0x81232</value>
      </symbol>
      <symbol id="sm-8">
         <name>__TI_CINIT_Limit</name>
         <value>0x8123e</value>
      </symbol>
      <symbol id="sm-9">
         <name>__TI_CINIT_Warm</name>
         <value>0x8123e</value>
      </symbol>
      <symbol id="sm-a">
         <name>__TI_Handler_Table_Base</name>
         <value>0x81228</value>
      </symbol>
      <symbol id="sm-b">
         <name>__TI_Handler_Table_Limit</name>
         <value>0x8122e</value>
      </symbol>
      <symbol id="sm-c">
         <name>__TI_STACK_SIZE</name>
         <value>0x200</value>
      </symbol>
      <symbol id="sm-d">
         <name>__TI_STACK_END</name>
         <value>0x600</value>
      </symbol>
      <symbol id="sm-e">
         <name>__TI_pprof_out_hndl</name>
         <value>0xffffffff</value>
      </symbol>
      <symbol id="sm-f">
         <name>__TI_prof_data_start</name>
         <value>0xffffffff</value>
      </symbol>
      <symbol id="sm-10">
         <name>__TI_prof_data_size</name>
         <value>0xffffffff</value>
      </symbol>
      <symbol id="sm-74">
         <name>LED0_init</name>
         <value>0x82e90</value>
         <object_component_ref idref="oc-29e"/>
      </symbol>
      <symbol id="sm-75">
         <name>SPI_init</name>
         <value>0x82b91</value>
         <object_component_ref idref="oc-1b8"/>
      </symbol>
      <symbol id="sm-76">
         <name>PinMux_init</name>
         <value>0x827dc</value>
         <object_component_ref idref="oc-1a6"/>
      </symbol>
      <symbol id="sm-77">
         <name>SCI_init</name>
         <value>0x82478</value>
         <object_component_ref idref="oc-1b2"/>
      </symbol>
      <symbol id="sm-78">
         <name>Board_init</name>
         <value>0x830fe</value>
         <object_component_ref idref="oc-10c"/>
      </symbol>
      <symbol id="sm-79">
         <name>GPIO_init</name>
         <value>0x83128</value>
         <object_component_ref idref="oc-1ac"/>
      </symbol>
      <symbol id="sm-7a">
         <name>FLASH_SPI_init</name>
         <value>0x82b91</value>
         <object_component_ref idref="oc-1b8"/>
      </symbol>
      <symbol id="sm-7b">
         <name>FLASH_CS_init</name>
         <value>0x82fdf</value>
         <object_component_ref idref="oc-2a4"/>
      </symbol>
      <symbol id="sm-7c">
         <name>SCREEN_SCL_init</name>
         <value>0x83014</value>
         <object_component_ref idref="oc-2aa"/>
      </symbol>
      <symbol id="sm-7d">
         <name>mySCIB_init</name>
         <value>0x82478</value>
         <object_component_ref idref="oc-1b2"/>
      </symbol>
      <symbol id="sm-7e">
         <name>SCREEN_SDA_init</name>
         <value>0x83028</value>
         <object_component_ref idref="oc-2b0"/>
      </symbol>
      <symbol id="sm-8b">
         <name>C2000Ware_libraries_init</name>
         <value>0x82a95</value>
         <object_component_ref idref="oc-112"/>
      </symbol>
      <symbol id="sm-a4">
         <name>BMP1</name>
         <value>0xb000</value>
         <object_component_ref idref="oc-11e"/>
      </symbol>
      <symbol id="sm-a5">
         <name>main</name>
         <value>0x82221</value>
         <object_component_ref idref="oc-d2"/>
      </symbol>
      <symbol id="sm-bb">
         <name>delay_us</name>
         <value>0x83162</value>
         <object_component_ref idref="oc-3a0"/>
      </symbol>
      <symbol id="sm-bc">
         <name>delay_ms</name>
         <value>0x830e5</value>
         <object_component_ref idref="oc-12d"/>
      </symbol>
      <symbol id="sm-1a8">
         <name>IIC_delay</name>
         <value>0x8315e</value>
         <object_component_ref idref="oc-2d6"/>
      </symbol>
      <symbol id="sm-1a9">
         <name>asc2_1608</name>
         <value>0x85000</value>
         <object_component_ref idref="oc-204"/>
      </symbol>
      <symbol id="sm-1aa">
         <name>OLED_ScrollDisplay</name>
         <value>0x82a96</value>
         <object_component_ref idref="oc-152"/>
      </symbol>
      <symbol id="sm-1ab">
         <name>OLED_Pow</name>
         <value>0x830d8</value>
         <object_component_ref idref="oc-20e"/>
      </symbol>
      <symbol id="sm-1ac">
         <name>OLED_ShowNum</name>
         <value>0x8297e</value>
         <object_component_ref idref="oc-14c"/>
      </symbol>
      <symbol id="sm-1ad">
         <name>Hzk4</name>
         <value>0x85a64</value>
         <object_component_ref idref="oc-1f3"/>
      </symbol>
      <symbol id="sm-1ae">
         <name>Hzk3</name>
         <value>0x8612f</value>
         <object_component_ref idref="oc-1f6"/>
      </symbol>
      <symbol id="sm-1af">
         <name>Hzk2</name>
         <value>0x84f84</value>
         <object_component_ref idref="oc-1f9"/>
      </symbol>
      <symbol id="sm-1b0">
         <name>Hzk1</name>
         <value>0x85c64</value>
         <object_component_ref idref="oc-1fc"/>
      </symbol>
      <symbol id="sm-1b1">
         <name>OLED_GRAM</name>
         <value>0xa800</value>
         <object_component_ref idref="oc-1e5"/>
      </symbol>
      <symbol id="sm-1b2">
         <name>I2C_WaitAck</name>
         <value>0x8303c</value>
         <object_component_ref idref="oc-1df"/>
      </symbol>
      <symbol id="sm-1b3">
         <name>OLED_WR_Byte</name>
         <value>0x82e3b</value>
         <object_component_ref idref="oc-1c2"/>
      </symbol>
      <symbol id="sm-1b4">
         <name>OLED_Refresh</name>
         <value>0x82b55</value>
         <object_component_ref idref="oc-127"/>
      </symbol>
      <symbol id="sm-1b5">
         <name>asc2_0806</name>
         <value>0x84d5c</value>
         <object_component_ref idref="oc-20a"/>
      </symbol>
      <symbol id="sm-1b6">
         <name>OLED_Init</name>
         <value>0x82560</value>
         <object_component_ref idref="oc-118"/>
      </symbol>
      <symbol id="sm-1b7">
         <name>OLED_ShowString</name>
         <value>0x82d4e</value>
         <object_component_ref idref="oc-140"/>
      </symbol>
      <symbol id="sm-1b8">
         <name>OLED_ShowChar</name>
         <value>0x825d3</value>
         <object_component_ref idref="oc-146"/>
      </symbol>
      <symbol id="sm-1b9">
         <name>OLED_DrawPoint</name>
         <value>0x82d26</value>
         <object_component_ref idref="oc-1cc"/>
      </symbol>
      <symbol id="sm-1ba">
         <name>OLED_ShowPicture</name>
         <value>0x828e6</value>
         <object_component_ref idref="oc-121"/>
      </symbol>
      <symbol id="sm-1bb">
         <name>OLED_Clear</name>
         <value>0x83088</value>
         <object_component_ref idref="oc-133"/>
      </symbol>
      <symbol id="sm-1bc">
         <name>OLED_ShowChinese</name>
         <value>0x82644</value>
         <object_component_ref idref="oc-139"/>
      </symbol>
      <symbol id="sm-1bd">
         <name>asc2_2412</name>
         <value>0x84000</value>
         <object_component_ref idref="oc-201"/>
      </symbol>
      <symbol id="sm-1be">
         <name>I2C_Start</name>
         <value>0x82ef2</value>
         <object_component_ref idref="oc-1d3"/>
      </symbol>
      <symbol id="sm-1bf">
         <name>I2C_Stop</name>
         <value>0x830c9</value>
         <object_component_ref idref="oc-1e8"/>
      </symbol>
      <symbol id="sm-1c0">
         <name>Send_Byte</name>
         <value>0x82dbe</value>
         <object_component_ref idref="oc-1d9"/>
      </symbol>
      <symbol id="sm-1c1">
         <name>asc2_1206</name>
         <value>0x855f0</value>
         <object_component_ref idref="oc-207"/>
      </symbol>
      <symbol id="sm-1e5">
         <name>Device_enableAllPeripherals</name>
         <value>0x8231d</value>
         <object_component_ref idref="oc-190"/>
      </symbol>
      <symbol id="sm-1e6">
         <name>Device_initGPIO</name>
         <value>0x83099</value>
         <object_component_ref idref="oc-100"/>
      </symbol>
      <symbol id="sm-1e7">
         <name>Device_init</name>
         <value>0x8277f</value>
         <object_component_ref idref="oc-fa"/>
      </symbol>
      <symbol id="sm-1e8">
         <name>__error__</name>
         <value>0x83166</value>
         <object_component_ref idref="oc-184"/>
      </symbol>
      <symbol id="sm-1f7">
         <name>code_start</name>
         <value>0x80000</value>
         <object_component_ref idref="oc-22"/>
      </symbol>
      <symbol id="sm-268">
         <name>Flash_initModule</name>
         <value>0x8000</value>
         <object_component_ref idref="oc-172"/>
      </symbol>
      <symbol id="sm-2b8">
         <name>GPIO_setQualificationMode</name>
         <value>0x82c3a</value>
         <object_component_ref idref="oc-297"/>
      </symbol>
      <symbol id="sm-2b9">
         <name>GPIO_setPadConfig</name>
         <value>0x82894</value>
         <object_component_ref idref="oc-291"/>
      </symbol>
      <symbol id="sm-2ba">
         <name>GPIO_setAnalogMode</name>
         <value>0x826b0</value>
         <object_component_ref idref="oc-196"/>
      </symbol>
      <symbol id="sm-2bb">
         <name>GPIO_setDirectionMode</name>
         <value>0x82c71</value>
         <object_component_ref idref="oc-36b"/>
      </symbol>
      <symbol id="sm-2bc">
         <name>GPIO_setPinConfig</name>
         <value>0x82c03</value>
         <object_component_ref idref="oc-28b"/>
      </symbol>
      <symbol id="sm-2bd">
         <name>GPIO_setControllerCore</name>
         <value>0x82bcc</value>
         <object_component_ref idref="oc-371"/>
      </symbol>
      <symbol id="sm-2f7">
         <name>Interrupt_defaultHandler</name>
         <value>0x82f4d</value>
         <object_component_ref idref="oc-2d"/>
      </symbol>
      <symbol id="sm-2f8">
         <name>Interrupt_initModule</name>
         <value>0x82b18</value>
         <object_component_ref idref="oc-106"/>
      </symbol>
      <symbol id="sm-2f9">
         <name>Interrupt_nmiHandler</name>
         <value>0x8311e</value>
         <object_component_ref idref="oc-3f"/>
      </symbol>
      <symbol id="sm-2fa">
         <name>Interrupt_initVectorTable</name>
         <value>0x82e1d</value>
         <object_component_ref idref="oc-2e"/>
      </symbol>
      <symbol id="sm-2fb">
         <name>Interrupt_illegalOperationHandler</name>
         <value>0x83114</value>
         <object_component_ref idref="oc-39"/>
      </symbol>
      <symbol id="sm-33f">
         <name>SCI_clearInterruptStatus</name>
         <value>0x82a0b</value>
         <object_component_ref idref="oc-2b7"/>
      </symbol>
      <symbol id="sm-340">
         <name>SCI_setConfig</name>
         <value>0x82ada</value>
         <object_component_ref idref="oc-2bd"/>
      </symbol>
      <symbol id="sm-360">
         <name>SPI_setConfig</name>
         <value>0x82838</value>
         <object_component_ref idref="oc-2c4"/>
      </symbol>
      <symbol id="sm-472">
         <name>SysCtl_isPLLValid</name>
         <value>0x82123</value>
         <object_component_ref idref="oc-278"/>
      </symbol>
      <symbol id="sm-473">
         <name>SysCtl_delay</name>
         <value>0x812a</value>
         <object_component_ref idref="oc-1ef"/>
      </symbol>
      <symbol id="sm-474">
         <name>SysCtl_selectXTALSingleEnded</name>
         <value>0x82d75</value>
         <object_component_ref idref="oc-30c"/>
      </symbol>
      <symbol id="sm-475">
         <name>SysCtl_selectXTAL</name>
         <value>0x829c5</value>
         <object_component_ref idref="oc-306"/>
      </symbol>
      <symbol id="sm-476">
         <name>SysCtl_selectOscSource</name>
         <value>0x82935</value>
         <object_component_ref idref="oc-26c"/>
      </symbol>
      <symbol id="sm-477">
         <name>SysCtl_getLowSpeedClock</name>
         <value>0x82e76</value>
         <object_component_ref idref="oc-18a"/>
      </symbol>
      <symbol id="sm-478">
         <name>SysCtl_setClock</name>
         <value>0x82000</value>
         <object_component_ref idref="oc-178"/>
      </symbol>
      <symbol id="sm-479">
         <name>SysCtl_getClock</name>
         <value>0x8271a</value>
         <object_component_ref idref="oc-17e"/>
      </symbol>
      <symbol id="sm-484">
         <name>_c_int00</name>
         <value>0x82f20</value>
         <object_component_ref idref="oc-78"/>
      </symbol>
      <symbol id="sm-485">
         <name>__stack</name>
         <value>0x400</value>
         <object_component_ref idref="oc-45"/>
      </symbol>
      <symbol id="sm-492">
         <name>__c28xabi_divf</name>
         <value>0x823f0</value>
         <object_component_ref idref="oc-314"/>
      </symbol>
      <symbol id="sm-4a4">
         <name>memcpy</name>
         <value>0x82e59</value>
         <object_component_ref idref="oc-48"/>
      </symbol>
      <symbol id="sm-4b1">
         <name>_system_pre_init</name>
         <value>0x83169</value>
         <object_component_ref idref="oc-89"/>
      </symbol>
      <symbol id="sm-4c0">
         <name>__TI_auto_init_nobinit_nopinit</name>
         <value>0x82cd2</value>
         <object_component_ref idref="oc-a2"/>
      </symbol>
      <symbol id="sm-4cd">
         <name>__TI_zero_init</name>
         <value>0x83158</value>
         <object_component_ref idref="oc-56"/>
      </symbol>
      <symbol id="sm-4da">
         <name>__TI_decompress_none</name>
         <value>0x8313a</value>
         <object_component_ref idref="oc-1b"/>
      </symbol>
      <symbol id="sm-4ee">
         <name>__TI_decompress_lzss</name>
         <value>0x82ca2</value>
         <object_component_ref idref="oc-15"/>
      </symbol>
      <symbol id="sm-504">
         <name>C$$EXIT</name>
         <value>0x82cfd</value>
         <object_component_ref idref="oc-96"/>
      </symbol>
      <symbol id="sm-505">
         <name>abort</name>
         <value>0x82cfd</value>
         <object_component_ref idref="oc-96"/>
      </symbol>
      <symbol id="sm-506">
         <name>exit</name>
         <value>0x82cff</value>
         <object_component_ref idref="oc-96"/>
      </symbol>
      <symbol id="sm-507">
         <name>__TI_dtors_ptr</name>
         <value>0xac84</value>
         <object_component_ref idref="oc-da"/>
      </symbol>
      <symbol id="sm-508">
         <name>__TI_cleanup_ptr</name>
         <value>0xac82</value>
         <object_component_ref idref="oc-da"/>
      </symbol>
      <symbol id="sm-509">
         <name>__TI_enable_exit_profile_output</name>
         <value>0xac80</value>
         <object_component_ref idref="oc-da"/>
      </symbol>
      <symbol id="sm-520">
         <name>_nop</name>
         <value>0x83139</value>
         <object_component_ref idref="oc-15f"/>
      </symbol>
      <symbol id="sm-521">
         <name>_lock</name>
         <value>0xac86</value>
         <object_component_ref idref="oc-dd"/>
      </symbol>
      <symbol id="sm-522">
         <name>_unlock</name>
         <value>0xac88</value>
         <object_component_ref idref="oc-219"/>
      </symbol>
      <symbol id="sm-523">
         <name>_register_lock</name>
         <value>0x83135</value>
         <object_component_ref idref="oc-15f"/>
      </symbol>
      <symbol id="sm-524">
         <name>_register_unlock</name>
         <value>0x83131</value>
         <object_component_ref idref="oc-15f"/>
      </symbol>
      <symbol id="sm-533">
         <name>_args_main</name>
         <value>0x830f2</value>
         <object_component_ref idref="oc-90"/>
      </symbol>
      <symbol id="sm-542">
         <name>memset</name>
         <value>0x83151</value>
         <object_component_ref idref="oc-71"/>
      </symbol>
      <symbol id="sm-55d">
         <name>_system_post_cinit</name>
         <value>0x8316b</value>
         <object_component_ref idref="oc-e5"/>
      </symbol>
      <symbol id="sm-56d">
         <name>__c_args__</name>
         <value>0x0</value>
      </symbol>
   </symbol_table>
   <title>Link successful</title>
</link_info>
