******************************************************************************
             TMS320C2000 Linker PC v22.6.1                     
******************************************************************************
>> Linked Thu Jul  2 18:11:18 2026

OUTPUT FILE NAME:   <project02_w25q16_driver.out>
ENTRY POINT SYMBOL: "code_start"  address: 00080000


MEMORY CONFIGURATION

         name            origin    length      used     unused   attr    fill
----------------------  --------  ---------  --------  --------  ----  --------
  BOOT_RSVD             00000002   00000126  00000000  00000126  RWIX
  RAMM0                 00000128   000002d8  00000000  000002d8  RWIX
  RAMM1                 00000400   000003f8  00000200  000001f8  RWIX
  RAMLS0                00008000   00000800  0000012e  000006d2  RWIX
  RAMLS1                00008800   00000800  00000000  00000800  RWIX
  RAMLS2                00009000   00000800  00000000  00000800  RWIX
  RAMLS3                00009800   00000800  00000000  00000800  RWIX
  RAMLS4                0000a000   00000800  00000000  00000800  RWIX
  RAMLS5                0000a800   00000800  0000000b  000007f5  RWIX
  RAMLS6                0000b000   00000800  00000000  00000800  RWIX
  RAMLS7                0000b800   00000800  00000000  00000800  RWIX
  RAMGS0                0000c000   00001000  00000000  00001000  RWIX
  RAMGS1                0000d000   00001000  00000000  00001000  RWIX
  RAMGS2                0000e000   00001000  00000000  00001000  RWIX
  RAMGS3                0000f000   00000ff8  00000000  00000ff8  RWIX
  BEGIN                 00080000   00000002  00000002  00000000  RWIX
  FLASH_BANK0_SEC0      00080002   00000ffe  00000000  00000ffe  RWIX
  FLASH_BANK0_SEC1      00081000   00001000  00000140  00000ec0  RWIX
  FLASH_BANK0_SEC2      00082000   00001000  00001000  00000000  RWIX
  FLASH_BANK0_SEC3      00083000   00001000  00001000  00000000  RWIX
  FLASH_BANK0_SEC4      00084000   00001000  00000594  00000a6c  RWIX
  FLASH_BANK0_SEC5      00085000   00001000  00000000  00001000  RWIX
  FLASH_BANK0_SEC6      00086000   00001000  00000000  00001000  RWIX
  FLASH_BANK0_SEC7      00087000   00001000  00000000  00001000  RWIX
  FLASH_BANK0_SEC8      00088000   00001000  00000000  00001000  RWIX
  FLASH_BANK0_SEC9      00089000   00001000  00000000  00001000  RWIX
  FLASH_BANK0_SEC10     0008a000   00001000  00000000  00001000  RWIX
  FLASH_BANK0_SEC11     0008b000   00001000  00000000  00001000  RWIX
  FLASH_BANK0_SEC12     0008c000   00001000  00000000  00001000  RWIX
  FLASH_BANK0_SEC13     0008d000   00001000  00000000  00001000  RWIX
  FLASH_BANK0_SEC14     0008e000   00001000  00000000  00001000  RWIX
  FLASH_BANK0_SEC15     0008f000   00001000  00000000  00001000  RWIX
  FLASH_BANK1_SEC0      00090000   00001000  00000000  00001000  RWIX
  FLASH_BANK1_SEC1      00091000   00001000  00000000  00001000  RWIX
  FLASH_BANK1_SEC2      00092000   00001000  00000000  00001000  RWIX
  FLASH_BANK1_SEC3      00093000   00001000  00000000  00001000  RWIX
  FLASH_BANK1_SEC4      00094000   00001000  00000000  00001000  RWIX
  FLASH_BANK1_SEC5      00095000   00001000  00000000  00001000  RWIX
  FLASH_BANK1_SEC6      00096000   00001000  00000000  00001000  RWIX
  FLASH_BANK1_SEC7      00097000   00001000  00000000  00001000  RWIX
  FLASH_BANK1_SEC8      00098000   00001000  00000000  00001000  RWIX
  FLASH_BANK1_SEC9      00099000   00001000  00000000  00001000  RWIX
  FLASH_BANK1_SEC10     0009a000   00001000  00000000  00001000  RWIX
  FLASH_BANK1_SEC11     0009b000   00001000  00000000  00001000  RWIX
  FLASH_BANK1_SEC12     0009c000   00001000  00000000  00001000  RWIX
  FLASH_BANK1_SEC13     0009d000   00001000  00000000  00001000  RWIX
  FLASH_BANK1_SEC14     0009e000   00001000  00000000  00001000  RWIX
  FLASH_BANK1_SEC15     0009f000   00001000  00000000  00001000  RWIX
  FLASH_BANK2_SEC0      000a0000   00001000  00000000  00001000  RWIX
  FLASH_BANK2_SEC1      000a1000   00001000  00000000  00001000  RWIX
  FLASH_BANK2_SEC2      000a2000   00001000  00000000  00001000  RWIX
  FLASH_BANK2_SEC3      000a3000   00001000  00000000  00001000  RWIX
  FLASH_BANK2_SEC4      000a4000   00001000  00000000  00001000  RWIX
  FLASH_BANK2_SEC5      000a5000   00001000  00000000  00001000  RWIX
  FLASH_BANK2_SEC6      000a6000   00001000  00000000  00001000  RWIX
  FLASH_BANK2_SEC7      000a7000   00001000  00000000  00001000  RWIX
  FLASH_BANK2_SEC8      000a8000   00001000  00000000  00001000  RWIX
  FLASH_BANK2_SEC9      000a9000   00001000  00000000  00001000  RWIX
  FLASH_BANK2_SEC10     000aa000   00001000  00000000  00001000  RWIX
  FLASH_BANK2_SEC11     000ab000   00001000  00000000  00001000  RWIX
  FLASH_BANK2_SEC12     000ac000   00001000  00000000  00001000  RWIX
  FLASH_BANK2_SEC13     000ad000   00001000  00000000  00001000  RWIX
  FLASH_BANK2_SEC14     000ae000   00001000  00000000  00001000  RWIX
  FLASH_BANK2_SEC15     000af000   00000ff0  00000000  00000ff0  RWIX
  SECURE_ROM            003f2000   00006000  00000000  00006000  RWIX
  BOOTROM               003f8000   00007fc0  00000000  00007fc0  RWIX
  RESET                 003fffc0   00000002  00000000  00000002  RWIX


SECTION ALLOCATION MAP

 output                                  attributes/
section   page    origin      length       input sections
--------  ----  ----------  ----------   ----------------
codestart 
*          0    00080000    00000002     
                  00080000    00000002     f28003x_codestartbranch.obj (codestart)

.cinit     0    00081130    00000012     
                  00081130    0000000a     (.cinit..data.load) [load image, compression = lzss]
                  0008113a    00000004     (__TI_handler_table)
                  0008113e    00000004     (__TI_cinit_table)

.reset     0    003fffc0    00000000     DSECT

.stack     0    00000400    00000200     UNINITIALIZED
                  00000400    00000200     --HOLE--

.init_array 
*          0    00081000    00000000     UNINITIALIZED

.data      0    0000a800    0000000b     UNINITIALIZED
                  0000a800    00000006     rts2800_fpu32_eabi.lib : exit.c.obj (.data)
                  0000a806    00000002                            : _lock.c.obj (.data:_lock)
                  0000a808    00000002                            : _lock.c.obj (.data:_unlock)
                  0000a80a    00000001                            : errno.c.obj (.data)

.const     0    00084000    00000480     
                  00084000    00000101     rts2800_fpu32_eabi.lib : ctype.c.obj (.const:.string:_ctypes_)
                  00084101    00000001     --HOLE-- [fill = 0]
                  00084102    0000009b     driverlib.lib : flash.obj (.const:.string)
                  0008419d    00000001     --HOLE-- [fill = 0]
                  0008419e    0000009a                   : sysctl.obj (.const:.string)
                  00084238    00000098                   : gpio.obj (.const:.string)
                  000842d0    00000097                   : sci.obj (.const:.string)
                  00084367    00000001     --HOLE-- [fill = 0]
                  00084368    00000097                   : spi.obj (.const:.string)
                  000843ff    00000001     --HOLE-- [fill = 0]
                  00084400    00000026     rts2800_fpu32_eabi.lib : _printfi.c.obj (.const:.string)
                  00084426    0000001c                            : _printfi.c.obj (.const)
                  00084442    0000001c                            : s_scalbn.c.obj (.const)
                  0008445e    00000019     project02_main.obj (.const:.string)
                  00084477    00000001     --HOLE-- [fill = 0]
                  00084478    00000008     rts2800_fpu32_eabi.lib : s_frexp.c.obj (.const)

.TI.ramfunc 
*          0    00081000    0000012e     RUN ADDR = 00008000
                  00081000    00000049     driverlib.lib : flash.obj (.TI.ramfunc:Flash_initModule)
                  00081049    0000002c                   : flash.obj (.TI.ramfunc:Flash_setBankPowerMode)
                  00081075    00000024                   : flash.obj (.TI.ramfunc:Flash_setWaitstates)
                  00081099    0000001d                   : flash.obj (.TI.ramfunc:Flash_setPumpPowerMode)
                  000810b6    00000018                   : flash.obj (.TI.ramfunc:Flash_disableCache)
                  000810ce    00000018                   : flash.obj (.TI.ramfunc:Flash_disablePrefetch)
                  000810e6    00000017                   : flash.obj (.TI.ramfunc:Flash_enableCache)
                  000810fd    00000017                   : flash.obj (.TI.ramfunc:Flash_enablePrefetch)
                  00081114    00000016                   : flash.obj (.TI.ramfunc:Flash_enableECC)
                  0008112a    00000004                   : sysctl.obj (.TI.ramfunc)

.text.1    0    00082000    00001000     
                  00082000    000006c2     rts2800_fpu32_eabi.lib : _printfi.c.obj (.text)
                  000826c2    00000614                            : _printfi.c.obj (.text:__TI_printfi)
                  00082cd6    00000123     driverlib.lib : sysctl.obj (.text:SysCtl_setClock)
                  00082df9    00000107     rts2800_fpu32_eabi.lib : ll_div28.asm.obj (.text)
                  00082f00    000000fe     driverlib.lib : sysctl.obj (.text:SysCtl_isPLLValid)
                  00082ffe    00000002     rts2800_fpu32_eabi.lib : pre_init.c.obj (.text)

.text.2    0    00083000    00001000     
                  00083000    000000d3     device.obj (.text:Device_enableAllPeripherals)
                  000830d3    000000a9     rts2800_fpu32_eabi.lib : s_scalbn.c.obj (.text)
                  0008317c    0000009c                            : fd_add28.asm.obj (.text)
                  00083218    0000008b                            : fd_div28.asm.obj (.text)
                  000832a3    00000088                            : fs_div28.asm.obj (.text)
                  0008332b    00000083                            : fd_mpy28.asm.obj (.text)
                  000833ae    00000075     board.obj (.text:mySCIB_init)
                  00083423    00000073     driverlib.lib : sysctl.obj (.text:DCC_setCounterSeeds)
                  00083496    0000006a                   : gpio.obj (.text:GPIO_setAnalogMode)
                  00083500    00000066     project02_main.obj (.text:main)
                  00083566    00000065     driverlib.lib : sysctl.obj (.text:SysCtl_getClock)
                  000835cb    0000005d     device.obj (.text:Device_init)
                  00083628    0000005c     driverlib.lib : spi.obj (.text:SPI_setConfig)
                  00083684    0000005a     rts2800_fpu32_eabi.lib : s_frexp.c.obj (.text)
                  000836de    00000052     driverlib.lib : gpio.obj (.text:GPIO_setPadConfig)
                  00083730    00000052     board.obj (.text:PinMux_init)
                  00083782    00000049     driverlib.lib : sysctl.obj (.text:SysCtl_selectOscSource)
                  000837cb    00000046                   : sysctl.obj (.text:SysCtl_selectXTAL)
                  00083811    00000045                   : sci.obj (.text:SCI_clearInterruptStatus)
                  00083856    00000045                   : sysctl.obj (.text:SysCtl_pollX1Counter)
                  0008389b    00000041                   : sci.obj (.text:SCI_writeCharArray)
                  000838dc    0000003e                   : sci.obj (.text:SCI_setConfig)
                  0008391a    0000003d                   : interrupt.obj (.text:Interrupt_initModule)
                  00083957    0000003b     board.obj (.text:FLASH_SPI_init)
                  00083992    00000037     driverlib.lib : gpio.obj (.text:GPIO_setControllerCore)
                  000839c9    00000037                   : gpio.obj (.text:GPIO_setPinConfig)
                  00083a00    00000037                   : gpio.obj (.text:GPIO_setQualificationMode)
                  00083a37    00000032     rts2800_fpu32_eabi.lib : sprintf.c.obj (.text)
                  00083a69    00000031     driverlib.lib : gpio.obj (.text:GPIO_setDirectionMode)
                  00083a9a    00000031     rts2800_fpu32_eabi.lib : atoi.c.obj (.text)
                  00083acb    00000030                            : copy_decompress_lzss.c.obj (.text:decompress:lzss)
                  00083afb    00000030                            : _ltoa.c.obj (.text)
                  00083b2b    0000002f     hw_w25qxx.obj (.text:w25qxx_write)
                  00083b5a    0000002b     rts2800_fpu32_eabi.lib : autoinit.c.obj (.text:__TI_auto_init_nobinit_nopinit)
                  00083b85    0000002a                            : fd_cmp28.asm.obj (.text)
                  00083baf    0000002a                            : l_div28.asm.obj (.text)
                  00083bd9    00000029                            : exit.c.obj (.text)
                  00083c02    00000025     driverlib.lib : sysctl.obj (.text:SysCtl_selectXTALSingleEnded)
                  00083c27    00000024                   : sysctl.obj (.text:DCC_enableSingleShotMode)
                  00083c4b    00000024     rts2800_fpu32_eabi.lib : s_copysign.c.obj (.text)
                  00083c6f    00000023     hw_w25qxx.obj (.text:w25qxx_read)
                  00083c92    00000022     hw_w25qxx.obj (.text:w25qxx_read_id)
                  00083cb4    00000021     rts2800_fpu32_eabi.lib : fd_toi28.asm.obj (.text)
                  00083cd5    00000021     hw_w25qxx.obj (.text:w25qxx_erase_sector)
                  00083cf6    00000020     driverlib.lib : sci.obj (.text:SCI_isFIFOEnabled)
                  00083d16    0000001f     rts2800_fpu32_eabi.lib : fd_tol28.asm.obj (.text)
                  00083d35    0000001e     driverlib.lib : sysctl.obj (.text:DCC_setCounter0ClkSource)
                  00083d53    0000001e                   : sysctl.obj (.text:DCC_setCounter1ClkSource)
                  00083d71    0000001e                   : interrupt.obj (.text:Interrupt_initVectorTable)
                  00083d8f    0000001e     rts2800_fpu32_eabi.lib : ll_cmp28.asm.obj (.text)
                  00083dad    0000001d                            : i_tofd28.asm.obj (.text)
                  00083dca    0000001d                            : memcpy.c.obj (.text)
                  00083de7    0000001c                            : l_tofd28.asm.obj (.text)
                  00083e03    0000001a     driverlib.lib : sci.obj (.text:SCI_isSpaceAvailableNonFIFO)
                  00083e1d    0000001a                   : sysctl.obj (.text:SysCtl_getLowSpeedClock)
                  00083e37    00000019     board.obj (.text:LED0_init)
                  00083e50    00000019     driverlib.lib : sysctl.obj (.text:SysCtl_setPLLSysClk)
                  00083e69    00000018                   : sci.obj (.text:SCI_disableModule)
                  00083e81    00000018                   : sci.obj (.text:SCI_performSoftwareReset)
                  00083e99    00000018     rts2800_fpu32_eabi.lib : ll_aox28.asm.obj (.text)
                  00083eb1    00000017     driverlib.lib : sysctl.obj (.text:SysCtl_enablePeripheral)
                  00083ec8    00000017     rts2800_fpu32_eabi.lib : boot28.asm.obj (.text)
                  00083edf    00000016     driverlib.lib : sysctl.obj (.text:DCC_disableDoneSignal)
                  00083ef5    00000016                   : interrupt.obj (.text:Interrupt_defaultHandler)
                  00083f0b    00000015                   : sysctl.obj (.text:DCC_clearDoneFlag)
                  00083f20    00000015                   : sysctl.obj (.text:DCC_clearErrorFlag)
                  00083f35    00000015                   : sysctl.obj (.text:DCC_disableErrorSignal)
                  00083f4a    00000015                   : sysctl.obj (.text:DCC_isBaseValid)
                  00083f5f    00000014                   : sysctl.obj (.text:DCC_disableModule)
                  00083f73    00000014                   : sysctl.obj (.text:DCC_enableModule)
                  00083f87    00000014     board.obj (.text:FLASH_CS_init)
                  00083f9b    00000014     driverlib.lib : gpio.obj (.text:GPIO_isPinValid)
                  00083faf    00000014                   : sci.obj (.text:SCI_getTxFIFOStatus)
                  00083fc3    00000013                   : sci.obj (.text:SCI_enableModule)
                  00083fd6    00000013                   : sci.obj (.text:SCI_isBaseValid)
                  00083fe9    00000013                   : spi.obj (.text:SPI_isBaseValid)
                  00083ffc    00000003     device.obj (.text:__error__)
                  00083fff    00000001     c2000ware_libraries.obj (.text:C2000Ware_libraries_init)

.text.3    0    00084480    00000114     
                  00084480    00000012     hw_w25qxx.obj (.text:w25qxx_wait_busy)
                  00084492    00000010     device.obj (.text:Device_initGPIO)
                  000844a2    00000010     driverlib.lib : flash.obj (.text:Flash_isCtrlBaseValid)
                  000844b2    00000010                   : flash.obj (.text:Flash_isECCBaseValid)
                  000844c2    00000010     rts2800_fpu32_eabi.lib : memccpy.c.obj (.text)
                  000844d2    0000000e                            : fd_sub28.asm.obj (.text)
                  000844e0    0000000d     driverlib.lib : interrupt.obj (.text:Interrupt_disableGlobal)
                  000844ed    0000000c     rts2800_fpu32_eabi.lib : args_main.c.obj (.text)
                  000844f9    0000000c                            : strchr.c.obj (.text)
                  00084505    0000000c     hw_w25qxx.obj (.text:w25qxx_write_enable)
                  00084511    0000000b     board.obj (.text:Board_init)
                  0008451c    0000000b     driverlib.lib : sysctl.obj (.text:SysCtl_isMCDClockFailureDetected)
                  00084527    0000000b     rts2800_fpu32_eabi.lib : wcslen.c.obj (.text)
                  00084532    0000000b     hw_w25qxx.obj (.text:spi_read_write_byte)
                  0008453d    0000000a     driverlib.lib : interrupt.obj (.text:Interrupt_illegalOperationHandler)
                  00084547    0000000a                   : interrupt.obj (.text:Interrupt_nmiHandler)
                  00084551    00000009     rts2800_fpu32_eabi.lib : _lock.c.obj (.text)
                  0008455a    00000009                            : fd_neg28.asm.obj (.text)
                  00084563    00000008                            : copy_decompress_none.c.obj (.text:decompress:none)
                  0008456b    00000008     f28003x_codestartbranch.obj (.text)
                  00084573    00000008     rts2800_fpu32_eabi.lib : strlen.c.obj (.text)
                  0008457b    00000007     driverlib.lib : sysctl.obj (.text:SysCtl_resetMCD)
                  00084582    00000007     rts2800_fpu32_eabi.lib : memset.c.obj (.text)
                  00084589    00000005     board.obj (.text:GPIO_init)
                  0008458e    00000005     rts2800_fpu32_eabi.lib : strcpy.c.obj (.text)
                  00084593    00000001                            : startup.c.obj (.text)

MODULE SUMMARY

       Module                        code   ro data   rw data
       ------                        ----   -------   -------
    .\
       project02_main.obj            102    25        0      
    +--+-----------------------------+------+---------+---------+
       Total:                        102    25        0      
                                                             
    .\bsp\src\
       hw_w25qxx.obj                 190    0         0      
    +--+-----------------------------+------+---------+---------+
       Total:                        190    0         0      
                                                             
    .\device\
       device.obj                    323    0         0      
       f28003x_codestartbranch.obj   10     0         0      
    +--+-----------------------------+------+---------+---------+
       Total:                        333    0         0      
                                                             
    .\syscfg\
       board.obj                     319    0         0      
       c2000ware_libraries.obj       1      0         0      
    +--+-----------------------------+------+---------+---------+
       Total:                        320    0         0      
                                                             
    C:/TI/C2000Ware/C2000Ware_5_02_00_00/driverlib/f28003x/driverlib/ccs/Debug/driverlib.lib
       sysctl.obj                    1352   154       0      
       flash.obj                     628    155       0      
       gpio.obj                      422    152       0      
       sci.obj                       360    151       0      
       spi.obj                       111    151       0      
       interrupt.obj                 146    0         0      
    +--+-----------------------------+------+---------+---------+
       Total:                        3019   763       0      
                                                             
    C:\TI\ccs1281\ccs\tools\compiler\ti-cgt-c2000_22.6.1.LTS\lib\rts2800_fpu32_eabi.lib
       _printfi.c.obj                3286   66        0      
       ll_div28.asm.obj              263    0         0      
       ctype.c.obj                   0      257       0      
       s_scalbn.c.obj                169    28        0      
       fd_add28.asm.obj              156    0         0      
       fd_div28.asm.obj              139    0         0      
       fs_div28.asm.obj              136    0         0      
       fd_mpy28.asm.obj              131    0         0      
       s_frexp.c.obj                 90     8         0      
       sprintf.c.obj                 50     0         0      
       atoi.c.obj                    49     0         0      
       _ltoa.c.obj                   48     0         0      
       copy_decompress_lzss.c.obj    48     0         0      
       exit.c.obj                    41     0         6      
       autoinit.c.obj                43     0         0      
       fd_cmp28.asm.obj              42     0         0      
       l_div28.asm.obj               42     0         0      
       s_copysign.c.obj              36     0         0      
       fd_toi28.asm.obj              33     0         0      
       fd_tol28.asm.obj              31     0         0      
       ll_cmp28.asm.obj              30     0         0      
       i_tofd28.asm.obj              29     0         0      
       memcpy.c.obj                  29     0         0      
       l_tofd28.asm.obj              28     0         0      
       ll_aox28.asm.obj              24     0         0      
       boot28.asm.obj                23     0         0      
       memccpy.c.obj                 16     0         0      
       fd_sub28.asm.obj              14     0         0      
       _lock.c.obj                   9      0         4      
       args_main.c.obj               12     0         0      
       strchr.c.obj                  12     0         0      
       wcslen.c.obj                  11     0         0      
       fd_neg28.asm.obj              9      0         0      
       copy_decompress_none.c.obj    8      0         0      
       strlen.c.obj                  8      0         0      
       memset.c.obj                  7      0         0      
       strcpy.c.obj                  5      0         0      
       pre_init.c.obj                2      0         0      
       errno.c.obj                   0      0         1      
       startup.c.obj                 1      0         0      
    +--+-----------------------------+------+---------+---------+
       Total:                        5110   359       11     
                                                             
       Stack:                        0      0         512    
       Linker Generated:             0      18        0      
    +--+-----------------------------+------+---------+---------+
       Grand Total:                  9074   1165      523    


LINKER GENERATED COPY TABLES

__TI_cinit_table @ 0008113e records: 1, size/record: 4, table size: 4
	.data: load addr=00081130, load size=0000000a bytes, run addr=0000a800, run size=0000000b bytes, compression=lzss


LINKER GENERATED HANDLER TABLE

__TI_handler_table @ 0008113a records: 2, size/record: 2, table size: 4
	index: 0, handler: __TI_decompress_lzss
	index: 1, handler: __TI_decompress_none


GLOBAL DATA SYMBOLS: SORTED BY DATA PAGE

address     data page           name
--------    ----------------    ----
00000400      10 (00000400)     __stack

0000a800     2a0 (0000a800)     __TI_enable_exit_profile_output
0000a802     2a0 (0000a800)     __TI_cleanup_ptr
0000a804     2a0 (0000a800)     __TI_dtors_ptr
0000a806     2a0 (0000a800)     _lock
0000a808     2a0 (0000a800)     _unlock
0000a80a     2a0 (0000a800)     errno

00084000    2100 (00084000)     _ctypes_


GLOBAL SYMBOLS: SORTED ALPHABETICALLY BY Name 

page  address   name                             
----  -------   ----                             
0     00084511  Board_init                       
0     00083bd9  C$$EXIT                          
0     00083fff  C2000Ware_libraries_init         
0     00083000  Device_enableAllPeripherals      
0     000835cb  Device_init                      
0     00084492  Device_initGPIO                  
0     00083f87  FLASH_CS_init                    
0     00083957  FLASH_SPI_init                   
0     00008000  Flash_initModule                 
0     00084589  GPIO_init                        
0     00083496  GPIO_setAnalogMode               
0     00083992  GPIO_setControllerCore           
0     00083a69  GPIO_setDirectionMode            
0     000836de  GPIO_setPadConfig                
0     000839c9  GPIO_setPinConfig                
0     00083a00  GPIO_setQualificationMode        
0     00083ef5  Interrupt_defaultHandler         
0     0008453d  Interrupt_illegalOperationHandler
0     0008391a  Interrupt_initModule             
0     00083d71  Interrupt_initVectorTable        
0     00084547  Interrupt_nmiHandler             
0     00083e37  LED0_init                        
0     00083730  PinMux_init                      
0     0008112e  RamfuncsLoadEnd                  
abs   0000012e  RamfuncsLoadSize                 
0     00081000  RamfuncsLoadStart                
0     0000812e  RamfuncsRunEnd                   
abs   0000012e  RamfuncsRunSize                  
0     00008000  RamfuncsRunStart                 
0     00083811  SCI_clearInterruptStatus         
0     000833ae  SCI_init                         
0     000838dc  SCI_setConfig                    
0     0008389b  SCI_writeCharArray               
0     00083957  SPI_init                         
0     00083628  SPI_setConfig                    
0     0000812a  SysCtl_delay                     
0     00083566  SysCtl_getClock                  
0     00083e1d  SysCtl_getLowSpeedClock          
0     00082f00  SysCtl_isPLLValid                
0     00083782  SysCtl_selectOscSource           
0     000837cb  SysCtl_selectXTAL                
0     00083c02  SysCtl_selectXTALSingleEnded     
0     00082cd6  SysCtl_setClock                  
0     0008113e  __TI_CINIT_Base                  
0     00081142  __TI_CINIT_Limit                 
0     00081142  __TI_CINIT_Warm                  
0     0008113a  __TI_Handler_Table_Base          
0     0008113e  __TI_Handler_Table_Limit         
0     00000600  __TI_STACK_END                   
abs   00000200  __TI_STACK_SIZE                  
0     00083b5a  __TI_auto_init_nobinit_nopinit   
0     0000a802  __TI_cleanup_ptr                 
0     00083acb  __TI_decompress_lzss             
0     00084563  __TI_decompress_none             
0     0000a804  __TI_dtors_ptr                   
0     0000a800  __TI_enable_exit_profile_output  
0     00083afb  __TI_ltoa                        
abs   ffffffff  __TI_pprof_out_hndl              
0     00082b51  __TI_printfi                     
abs   ffffffff  __TI_prof_data_size              
abs   ffffffff  __TI_prof_data_start             
0     0008317c  __c28xabi_addd                   
0     00083e99  __c28xabi_andll                  
0     00083b85  __c28xabi_cmpd                   
0     00083d8f  __c28xabi_cmpll                  
0     00083da1  __c28xabi_cmpull                 
0     00083218  __c28xabi_divd                   
0     000832a3  __c28xabi_divf                   
0     00083baf  __c28xabi_divl                   
0     00082df9  __c28xabi_divll                  
0     00083bcc  __c28xabi_divul                  
0     00082e6f  __c28xabi_divull                 
0     00083cb4  __c28xabi_dtoi                   
0     00083d16  __c28xabi_dtol                   
0     00083dad  __c28xabi_itod                   
0     00083de7  __c28xabi_ltod                   
0     00083bbe  __c28xabi_modl                   
0     00082e35  __c28xabi_modll                  
0     00083bd3  __c28xabi_modul                  
0     00082e9e  __c28xabi_modull                 
0     0008332b  __c28xabi_mpyd                   
0     0008455a  __c28xabi_negd                   
0     00083ea1  __c28xabi_orll                   
0     000844d2  __c28xabi_subd                   
0     00083ea9  __c28xabi_xorll                  
n/a   UNDEFED   __c_args__                       
0     00083ffc  __error__                        
0     00000400  __stack                          
0     000844ed  _args_main                       
0     00083ec8  _c_int00                         
0     00084000  _ctypes_                         
0     0000a806  _lock                            
0     00084559  _nop                             
0     00084555  _register_lock                   
0     00084551  _register_unlock                 
0     00084593  _system_post_cinit               
0     00082ffe  _system_pre_init                 
0     0000a808  _unlock                          
0     00083bd9  abort                            
0     00083a9a  atoi                             
0     00080000  code_start                       
0     00083c4b  copysign                         
0     00083c4b  copysignl                        
0     0000a80a  errno                            
0     00083bdb  exit                             
0     00083684  frexp                            
0     00083684  frexpl                           
0     000830d3  ldexp                            
0     000830d3  ldexpl                           
0     00083500  main                             
0     000844c2  memccpy                          
0     00083dca  memcpy                           
0     00084582  memset                           
0     000833ae  mySCIB_init                      
0     000830d3  scalbn                           
0     000830d3  scalbnl                          
0     00084532  spi_read_write_byte              
0     00083a37  sprintf                          
0     000844f9  strchr                           
0     0008458e  strcpy                           
0     00084573  strlen                           
0     00083cd5  w25qxx_erase_sector              
0     00083c6f  w25qxx_read                      
0     00083c92  w25qxx_read_id                   
0     00084480  w25qxx_wait_busy                 
0     00083b2b  w25qxx_write                     
0     00084505  w25qxx_write_enable              
0     00084527  wcslen                           


GLOBAL SYMBOLS: SORTED BY Symbol Address 

page  address   name                             
----  -------   ----                             
0     00000400  __stack                          
0     00000600  __TI_STACK_END                   
0     00008000  Flash_initModule                 
0     00008000  RamfuncsRunStart                 
0     0000812a  SysCtl_delay                     
0     0000812e  RamfuncsRunEnd                   
0     0000a800  __TI_enable_exit_profile_output  
0     0000a802  __TI_cleanup_ptr                 
0     0000a804  __TI_dtors_ptr                   
0     0000a806  _lock                            
0     0000a808  _unlock                          
0     0000a80a  errno                            
0     00080000  code_start                       
0     00081000  RamfuncsLoadStart                
0     0008112e  RamfuncsLoadEnd                  
0     0008113a  __TI_Handler_Table_Base          
0     0008113e  __TI_CINIT_Base                  
0     0008113e  __TI_Handler_Table_Limit         
0     00081142  __TI_CINIT_Limit                 
0     00081142  __TI_CINIT_Warm                  
0     00082b51  __TI_printfi                     
0     00082cd6  SysCtl_setClock                  
0     00082df9  __c28xabi_divll                  
0     00082e35  __c28xabi_modll                  
0     00082e6f  __c28xabi_divull                 
0     00082e9e  __c28xabi_modull                 
0     00082f00  SysCtl_isPLLValid                
0     00082ffe  _system_pre_init                 
0     00083000  Device_enableAllPeripherals      
0     000830d3  ldexp                            
0     000830d3  ldexpl                           
0     000830d3  scalbn                           
0     000830d3  scalbnl                          
0     0008317c  __c28xabi_addd                   
0     00083218  __c28xabi_divd                   
0     000832a3  __c28xabi_divf                   
0     0008332b  __c28xabi_mpyd                   
0     000833ae  SCI_init                         
0     000833ae  mySCIB_init                      
0     00083496  GPIO_setAnalogMode               
0     00083500  main                             
0     00083566  SysCtl_getClock                  
0     000835cb  Device_init                      
0     00083628  SPI_setConfig                    
0     00083684  frexp                            
0     00083684  frexpl                           
0     000836de  GPIO_setPadConfig                
0     00083730  PinMux_init                      
0     00083782  SysCtl_selectOscSource           
0     000837cb  SysCtl_selectXTAL                
0     00083811  SCI_clearInterruptStatus         
0     0008389b  SCI_writeCharArray               
0     000838dc  SCI_setConfig                    
0     0008391a  Interrupt_initModule             
0     00083957  FLASH_SPI_init                   
0     00083957  SPI_init                         
0     00083992  GPIO_setControllerCore           
0     000839c9  GPIO_setPinConfig                
0     00083a00  GPIO_setQualificationMode        
0     00083a37  sprintf                          
0     00083a69  GPIO_setDirectionMode            
0     00083a9a  atoi                             
0     00083acb  __TI_decompress_lzss             
0     00083afb  __TI_ltoa                        
0     00083b2b  w25qxx_write                     
0     00083b5a  __TI_auto_init_nobinit_nopinit   
0     00083b85  __c28xabi_cmpd                   
0     00083baf  __c28xabi_divl                   
0     00083bbe  __c28xabi_modl                   
0     00083bcc  __c28xabi_divul                  
0     00083bd3  __c28xabi_modul                  
0     00083bd9  C$$EXIT                          
0     00083bd9  abort                            
0     00083bdb  exit                             
0     00083c02  SysCtl_selectXTALSingleEnded     
0     00083c4b  copysign                         
0     00083c4b  copysignl                        
0     00083c6f  w25qxx_read                      
0     00083c92  w25qxx_read_id                   
0     00083cb4  __c28xabi_dtoi                   
0     00083cd5  w25qxx_erase_sector              
0     00083d16  __c28xabi_dtol                   
0     00083d71  Interrupt_initVectorTable        
0     00083d8f  __c28xabi_cmpll                  
0     00083da1  __c28xabi_cmpull                 
0     00083dad  __c28xabi_itod                   
0     00083dca  memcpy                           
0     00083de7  __c28xabi_ltod                   
0     00083e1d  SysCtl_getLowSpeedClock          
0     00083e37  LED0_init                        
0     00083e99  __c28xabi_andll                  
0     00083ea1  __c28xabi_orll                   
0     00083ea9  __c28xabi_xorll                  
0     00083ec8  _c_int00                         
0     00083ef5  Interrupt_defaultHandler         
0     00083f87  FLASH_CS_init                    
0     00083ffc  __error__                        
0     00083fff  C2000Ware_libraries_init         
0     00084000  _ctypes_                         
0     00084480  w25qxx_wait_busy                 
0     00084492  Device_initGPIO                  
0     000844c2  memccpy                          
0     000844d2  __c28xabi_subd                   
0     000844ed  _args_main                       
0     000844f9  strchr                           
0     00084505  w25qxx_write_enable              
0     00084511  Board_init                       
0     00084527  wcslen                           
0     00084532  spi_read_write_byte              
0     0008453d  Interrupt_illegalOperationHandler
0     00084547  Interrupt_nmiHandler             
0     00084551  _register_unlock                 
0     00084555  _register_lock                   
0     00084559  _nop                             
0     0008455a  __c28xabi_negd                   
0     00084563  __TI_decompress_none             
0     00084573  strlen                           
0     00084582  memset                           
0     00084589  GPIO_init                        
0     0008458e  strcpy                           
0     00084593  _system_post_cinit               
abs   0000012e  RamfuncsLoadSize                 
abs   0000012e  RamfuncsRunSize                  
abs   00000200  __TI_STACK_SIZE                  
abs   ffffffff  __TI_pprof_out_hndl              
abs   ffffffff  __TI_prof_data_size              
abs   ffffffff  __TI_prof_data_start             
n/a   UNDEFED   __c_args__                       

[128 symbols]
