******************************************************************************
             TMS320C2000 Linker PC v22.6.1                     
******************************************************************************
>> Linked Thu Jul  2 16:17:35 2026

OUTPUT FILE NAME:   <project01_sci_test.out>
ENTRY POINT SYMBOL: "code_start"  address: 00080000


MEMORY CONFIGURATION

         name            origin    length      used     unused   attr    fill
----------------------  --------  ---------  --------  --------  ----  --------
  BOOT_RSVD             00000002   00000126  00000000  00000126  RWIX
  RAMM0                 00000128   000002d8  00000000  000002d8  RWIX
  RAMM1                 00000400   000003f8  00000200  000001f8  RWIX
  RAMLS0                00008000   00000800  0000012e  000006d2  RWIX
  RAMLS1                00008800   00000800  00000000  00000800  RWIX
  RAMLS2                00009000   00000800  00000000  00000800  RWIX
  RAMLS3                00009800   00000800  00000000  00000800  RWIX
  RAMLS4                0000a000   00000800  00000000  00000800  RWIX
  RAMLS5                0000a800   00000800  0000000c  000007f4  RWIX
  RAMLS6                0000b000   00000800  00000000  00000800  RWIX
  RAMLS7                0000b800   00000800  00000000  00000800  RWIX
  RAMGS0                0000c000   00001000  00000000  00001000  RWIX
  RAMGS1                0000d000   00001000  00000000  00001000  RWIX
  RAMGS2                0000e000   00001000  00000000  00001000  RWIX
  RAMGS3                0000f000   00000ff8  00000000  00000ff8  RWIX
  BEGIN                 00080000   00000002  00000002  00000000  RWIX
  FLASH_BANK0_SEC0      00080002   00000ffe  00000000  00000ffe  RWIX
  FLASH_BANK0_SEC1      00081000   00001000  0000014a  00000eb6  RWIX
  FLASH_BANK0_SEC2      00082000   00001000  00001000  00000000  RWIX
  FLASH_BANK0_SEC3      00083000   00001000  00000045  00000fbb  RWIX
  FLASH_BANK0_SEC4      00084000   00001000  00000542  00000abe  RWIX
  FLASH_BANK0_SEC5      00085000   00001000  00000000  00001000  RWIX
  FLASH_BANK0_SEC6      00086000   00001000  00000000  00001000  RWIX
  FLASH_BANK0_SEC7      00087000   00001000  00000000  00001000  RWIX
  FLASH_BANK0_SEC8      00088000   00001000  00000000  00001000  RWIX
  FLASH_BANK0_SEC9      00089000   00001000  00000000  00001000  RWIX
  FLASH_BANK0_SEC10     0008a000   00001000  00000000  00001000  RWIX
  FLASH_BANK0_SEC11     0008b000   00001000  00000000  00001000  RWIX
  FLASH_BANK0_SEC12     0008c000   00001000  00000000  00001000  RWIX
  FLASH_BANK0_SEC13     0008d000   00001000  00000000  00001000  RWIX
  FLASH_BANK0_SEC14     0008e000   00001000  00000000  00001000  RWIX
  FLASH_BANK0_SEC15     0008f000   00001000  00000000  00001000  RWIX
  FLASH_BANK1_SEC0      00090000   00001000  00000000  00001000  RWIX
  FLASH_BANK1_SEC1      00091000   00001000  00000000  00001000  RWIX
  FLASH_BANK1_SEC2      00092000   00001000  00000000  00001000  RWIX
  FLASH_BANK1_SEC3      00093000   00001000  00000000  00001000  RWIX
  FLASH_BANK1_SEC4      00094000   00001000  00000000  00001000  RWIX
  FLASH_BANK1_SEC5      00095000   00001000  00000000  00001000  RWIX
  FLASH_BANK1_SEC6      00096000   00001000  00000000  00001000  RWIX
  FLASH_BANK1_SEC7      00097000   00001000  00000000  00001000  RWIX
  FLASH_BANK1_SEC8      00098000   00001000  00000000  00001000  RWIX
  FLASH_BANK1_SEC9      00099000   00001000  00000000  00001000  RWIX
  FLASH_BANK1_SEC10     0009a000   00001000  00000000  00001000  RWIX
  FLASH_BANK1_SEC11     0009b000   00001000  00000000  00001000  RWIX
  FLASH_BANK1_SEC12     0009c000   00001000  00000000  00001000  RWIX
  FLASH_BANK1_SEC13     0009d000   00001000  00000000  00001000  RWIX
  FLASH_BANK1_SEC14     0009e000   00001000  00000000  00001000  RWIX
  FLASH_BANK1_SEC15     0009f000   00001000  00000000  00001000  RWIX
  FLASH_BANK2_SEC0      000a0000   00001000  00000000  00001000  RWIX
  FLASH_BANK2_SEC1      000a1000   00001000  00000000  00001000  RWIX
  FLASH_BANK2_SEC2      000a2000   00001000  00000000  00001000  RWIX
  FLASH_BANK2_SEC3      000a3000   00001000  00000000  00001000  RWIX
  FLASH_BANK2_SEC4      000a4000   00001000  00000000  00001000  RWIX
  FLASH_BANK2_SEC5      000a5000   00001000  00000000  00001000  RWIX
  FLASH_BANK2_SEC6      000a6000   00001000  00000000  00001000  RWIX
  FLASH_BANK2_SEC7      000a7000   00001000  00000000  00001000  RWIX
  FLASH_BANK2_SEC8      000a8000   00001000  00000000  00001000  RWIX
  FLASH_BANK2_SEC9      000a9000   00001000  00000000  00001000  RWIX
  FLASH_BANK2_SEC10     000aa000   00001000  00000000  00001000  RWIX
  FLASH_BANK2_SEC11     000ab000   00001000  00000000  00001000  RWIX
  FLASH_BANK2_SEC12     000ac000   00001000  00000000  00001000  RWIX
  FLASH_BANK2_SEC13     000ad000   00001000  00000000  00001000  RWIX
  FLASH_BANK2_SEC14     000ae000   00001000  00000000  00001000  RWIX
  FLASH_BANK2_SEC15     000af000   00000ff0  00000000  00000ff0  RWIX
  SECURE_ROM            003f2000   00006000  00000000  00006000  RWIX
  BOOTROM               003f8000   00007fc0  00000000  00007fc0  RWIX
  RESET                 003fffc0   00000002  00000000  00000002  RWIX


SECTION ALLOCATION MAP

 output                                  attributes/
section   page    origin      length       input sections
--------  ----  ----------  ----------   ----------------
codestart 
*          0    00080000    00000002     
                  00080000    00000002     f28003x_codestartbranch.obj (codestart)

.cinit     0    00081130    0000001c     
                  00081130    00000009     (.cinit..data.load) [load image, compression = lzss]
                  00081139    00000001     --HOLE-- [fill = 0]
                  0008113a    00000006     (__TI_handler_table)
                  00081140    00000004     (.cinit..bss.load) [load image, compression = zero_init]
                  00081144    00000008     (__TI_cinit_table)

.reset     0    003fffc0    00000000     DSECT

.stack     0    00000400    00000200     UNINITIALIZED
                  00000400    00000200     --HOLE--

.init_array 
*          0    00081000    00000000     UNINITIALIZED

.bss       0    0000a80a    00000002     UNINITIALIZED
                  0000a80a    00000002     project01_main.obj (.bss)

.data      0    0000a800    0000000a     UNINITIALIZED
                  0000a800    00000006     rts2800_fpu32_eabi.lib : exit.c.obj (.data)
                  0000a806    00000002                            : _lock.c.obj (.data:_lock)
                  0000a808    00000002                            : _lock.c.obj (.data:_unlock)

.const     0    00084000    00000542     
                  00084000    00000152     project01_main.obj (.const:.string)
                  00084152    000000db     board.obj (.const:.string)
                  0008422d    00000001     --HOLE-- [fill = 0]
                  0008422e    0000009b     driverlib.lib : flash.obj (.const:.string)
                  000842c9    00000001     --HOLE-- [fill = 0]
                  000842ca    0000009a                   : sysctl.obj (.const:.string)
                  00084364    00000098                   : gpio.obj (.const:.string)
                  000843fc    00000097                   : sci.obj (.const:.string)
                  00084493    00000001     --HOLE-- [fill = 0]
                  00084494    0000005d     device.obj (.const:.string)
                  000844f1    00000001     --HOLE-- [fill = 0]
                  000844f2    00000050     driverlib.lib : cputimer.obj (.const:.string)

.TI.ramfunc 
*          0    00081000    0000012e     RUN ADDR = 00008000
                  00081000    00000049     driverlib.lib : flash.obj (.TI.ramfunc:Flash_initModule)
                  00081049    0000002c                   : flash.obj (.TI.ramfunc:Flash_setBankPowerMode)
                  00081075    00000024                   : flash.obj (.TI.ramfunc:Flash_setWaitstates)
                  00081099    0000001d                   : flash.obj (.TI.ramfunc:Flash_setPumpPowerMode)
                  000810b6    00000018                   : flash.obj (.TI.ramfunc:Flash_disableCache)
                  000810ce    00000018                   : flash.obj (.TI.ramfunc:Flash_disablePrefetch)
                  000810e6    00000017                   : flash.obj (.TI.ramfunc:Flash_enableCache)
                  000810fd    00000017                   : flash.obj (.TI.ramfunc:Flash_enablePrefetch)
                  00081114    00000016                   : flash.obj (.TI.ramfunc:Flash_enableECC)
                  0008112a    00000004                   : sysctl.obj (.TI.ramfunc)

.text.1    0    00082000    00001000     
                  00082000    00000123     driverlib.lib : sysctl.obj (.text:SysCtl_setClock)
                  00082123    000000fe                   : sysctl.obj (.text:SysCtl_isPLLValid)
                  00082221    000000ce     device.obj (.text:Device_enableAllPeripherals)
                  000822ef    00000088     rts2800_fpu32_eabi.lib : fs_div28.asm.obj (.text)
                  00082377    00000073     driverlib.lib : sysctl.obj (.text:DCC_setCounterSeeds)
                  000823ea    0000006a                   : gpio.obj (.text:GPIO_setAnalogMode)
                  00082454    00000065                   : sysctl.obj (.text:SysCtl_getClock)
                  000824b9    00000052                   : gpio.obj (.text:GPIO_setPadConfig)
                  0008250b    00000051     device.obj (.text:Device_init)
                  0008255c    00000049     driverlib.lib : sysctl.obj (.text:SysCtl_selectOscSource)
                  000825a5    00000046                   : sysctl.obj (.text:SysCtl_selectXTAL)
                  000825eb    00000045                   : sci.obj (.text:SCI_clearInterruptStatus)
                  00082630    00000045                   : sysctl.obj (.text:SysCtl_pollX1Counter)
                  00082675    00000045     project01_main.obj (.text:main)
                  000826ba    00000041     driverlib.lib : sci.obj (.text:SCI_writeCharArray)
                  000826fb    0000003e                   : sci.obj (.text:SCI_setConfig)
                  00082739    0000003d                   : interrupt.obj (.text:Interrupt_initModule)
                  00082776    0000003d     board.obj (.text:mySCIB_init)
                  000827b3    00000038     project01_main.obj (.text:INT_myCPUTIMER0_ISR)
                  000827eb    00000037     driverlib.lib : gpio.obj (.text:GPIO_setControllerCore)
                  00082822    00000037                   : gpio.obj (.text:GPIO_setPinConfig)
                  00082859    00000037                   : gpio.obj (.text:GPIO_setQualificationMode)
                  00082890    00000037                   : interrupt.obj (.text:Interrupt_enable)
                  000828c7    00000031                   : gpio.obj (.text:GPIO_setDirectionMode)
                  000828f8    00000030     rts2800_fpu32_eabi.lib : copy_decompress_lzss.c.obj (.text:decompress:lzss)
                  00082928    0000002b                            : autoinit.c.obj (.text:__TI_auto_init_nobinit_nopinit)
                  00082953    00000029                            : exit.c.obj (.text)
                  0008297c    00000027     board.obj (.text:GPIO_writePin)
                  000829a3    00000026     board.obj (.text:SCI_setFIFOInterruptLevel)
                  000829c9    00000025     driverlib.lib : sysctl.obj (.text:SysCtl_selectXTALSingleEnded)
                  000829ee    00000024                   : sysctl.obj (.text:DCC_enableSingleShotMode)
                  00082a12    00000024     board.obj (.text:PinMux_init)
                  00082a36    00000021     board.obj (.text:myCPUTIMER0_init)
                  00082a57    00000020     driverlib.lib : sci.obj (.text:SCI_isFIFOEnabled)
                  00082a77    0000001f     project01_main.obj (.text:GPIO_togglePin)
                  00082a96    0000001e     driverlib.lib : sysctl.obj (.text:DCC_setCounter0ClkSource)
                  00082ab4    0000001e                   : sysctl.obj (.text:DCC_setCounter1ClkSource)
                  00082ad2    0000001e                   : interrupt.obj (.text:Interrupt_initVectorTable)
                  00082af0    0000001e     project01_main.obj (.text:SCI_readCharBlockingFIFO)
                  00082b0e    0000001d     board.obj (.text:SCI_enableFIFO)
                  00082b2b    0000001d     rts2800_fpu32_eabi.lib : memcpy.c.obj (.text)
                  00082b48    0000001a     project01_main.obj (.text:CPUTimer_startTimer)
                  00082b62    0000001a     driverlib.lib : sci.obj (.text:SCI_isSpaceAvailableNonFIFO)
                  00082b7c    0000001a     project01_main.obj (.text:SCI_isSpaceAvailableNonFIFO)
                  00082b96    0000001a     driverlib.lib : sysctl.obj (.text:SysCtl_getLowSpeedClock)
                  00082bb0    00000019     board.obj (.text:LED0_init)
                  00082bc9    00000019     project01_main.obj (.text:SCI_writeCharBlockingNonFIFO)
                  00082be2    00000019     driverlib.lib : sysctl.obj (.text:SysCtl_setPLLSysClk)
                  00082bfb    00000018                   : sci.obj (.text:SCI_disableModule)
                  00082c13    00000018     board.obj (.text:SCI_performSoftwareReset)
                  00082c2b    00000018     driverlib.lib : sci.obj (.text:SCI_performSoftwareReset)
                  00082c43    00000018     board.obj (.text:SCI_resetChannels)
                  00082c5b    00000018     board.obj (.text:SCI_resetRxFIFO)
                  00082c73    00000018     board.obj (.text:SCI_resetTxFIFO)
                  00082c8b    00000017     board.obj (.text:CPUTimer_isBaseValid)
                  00082ca2    00000017     driverlib.lib : cputimer.obj (.text:CPUTimer_isBaseValid)
                  00082cb9    00000017     project01_main.obj (.text:CPUTimer_isBaseValid)
                  00082cd0    00000017     board.obj (.text:CPUTimer_setPreScaler)
                  00082ce7    00000017     device.obj (.text:SysCtl_enablePeripheral)
                  00082cfe    00000017     driverlib.lib : sysctl.obj (.text:SysCtl_enablePeripheral)
                  00082d15    00000017     rts2800_fpu32_eabi.lib : boot28.asm.obj (.text)
                  00082d2c    00000016     driverlib.lib : sysctl.obj (.text:DCC_disableDoneSignal)
                  00082d42    00000016                   : interrupt.obj (.text:Interrupt_defaultHandler)
                  00082d58    00000015     board.obj (.text:CPUTimer_enableInterrupt)
                  00082d6d    00000015     driverlib.lib : sysctl.obj (.text:DCC_clearDoneFlag)
                  00082d82    00000015                   : sysctl.obj (.text:DCC_clearErrorFlag)
                  00082d97    00000015                   : sysctl.obj (.text:DCC_disableErrorSignal)
                  00082dac    00000015                   : sysctl.obj (.text:DCC_isBaseValid)
                  00082dc1    00000015     device.obj (.text:GPIO_unlockPortConfig)
                  00082dd6    00000014     board.obj (.text:CPUTimer_reloadTimerCounter)
                  00082dea    00000014     board.obj (.text:CPUTimer_stopTimer)
                  00082dfe    00000014     driverlib.lib : sysctl.obj (.text:DCC_disableModule)
                  00082e12    00000014                   : sysctl.obj (.text:DCC_enableModule)
                  00082e26    00000014     board.obj (.text:GPIO_isPinValid)
                  00082e3a    00000014     driverlib.lib : gpio.obj (.text:GPIO_isPinValid)
                  00082e4e    00000014     project01_main.obj (.text:GPIO_isPinValid)
                  00082e62    00000014     project01_main.obj (.text:SCI_getRxFIFOStatus)
                  00082e76    00000014     driverlib.lib : sci.obj (.text:SCI_getTxFIFOStatus)
                  00082e8a    00000013                   : cputimer.obj (.text:CPUTimer_setEmulationMode)
                  00082e9d    00000013     board.obj (.text:SCI_clearOverflowStatus)
                  00082eb0    00000013     board.obj (.text:SCI_enableModule)
                  00082ec3    00000013     driverlib.lib : sci.obj (.text:SCI_enableModule)
                  00082ed6    00000013     board.obj (.text:SCI_isBaseValid)
                  00082ee9    00000013     driverlib.lib : sci.obj (.text:SCI_isBaseValid)
                  00082efc    00000013     project01_main.obj (.text:SCI_isBaseValid)
                  00082f0f    00000011     board.obj (.text:CPUTimer_setPeriod)
                  00082f20    00000011     board.obj (.text:SCI_disableLoopback)
                  00082f31    00000010     device.obj (.text:Device_initGPIO)
                  00082f41    00000010     driverlib.lib : flash.obj (.text:Flash_isCtrlBaseValid)
                  00082f51    00000010                   : flash.obj (.text:Flash_isECCBaseValid)
                  00082f61    00000010     project01_main.obj (.text:SCI_getRxStatus)
                  00082f71    0000000f     board.obj (.text:Interrupt_register)
                  00082f80    0000000d     board.obj (.text:Board_init)
                  00082f8d    0000000d     board.obj (.text:INTERRUPT_init)
                  00082f9a    0000000d     driverlib.lib : interrupt.obj (.text:Interrupt_disableGlobal)
                  00082fa7    0000000d                   : interrupt.obj (.text:Interrupt_enableGlobal)
                  00082fb4    0000000d     device.obj (.text:SysCtl_setLowSpeedClock)
                  00082fc1    0000000d     rts2800_fpu32_eabi.lib : copy_zero_init.c.obj (.text:decompress:ZI:__TI_zero_init_nomemset)
                  00082fce    0000000c                            : args_main.c.obj (.text)
                  00082fda    0000000b     device.obj (.text:SysCtl_disableWatchdog)
                  00082fe5    0000000b     driverlib.lib : sysctl.obj (.text:SysCtl_isMCDClockFailureDetected)
                  00082ff0    0000000a                   : interrupt.obj (.text:Interrupt_illegalOperationHandler)
                  00082ffa    00000006     project01_main.obj (.text:Interrupt_clearACKGroup)

.text.2    0    00083000    00000045     
                  00083000    0000000a     driverlib.lib : interrupt.obj (.text:Interrupt_nmiHandler)
                  0008300a    00000009     rts2800_fpu32_eabi.lib : _lock.c.obj (.text)
                  00083013    00000008                            : copy_decompress_none.c.obj (.text:decompress:none)
                  0008301b    00000008     f28003x_codestartbranch.obj (.text)
                  00083023    00000007     device.obj (.text:ASysCtl_lockVREG)
                  0008302a    00000007     driverlib.lib : sysctl.obj (.text:SysCtl_resetMCD)
                  00083031    00000007     device.obj (.text:__error__)
                  00083038    00000003     board.obj (.text:CPUTIMER_init)
                  0008303b    00000003     board.obj (.text:GPIO_init)
                  0008303e    00000003     board.obj (.text:SCI_init)
                  00083041    00000002     rts2800_fpu32_eabi.lib : pre_init.c.obj (.text)
                  00083043    00000001     c2000ware_libraries.obj (.text:C2000Ware_libraries_init)
                  00083044    00000001     rts2800_fpu32_eabi.lib : startup.c.obj (.text)

MODULE SUMMARY

       Module                        code   ro data   rw data
       ------                        ----   -------   -------
    .\
       project01_main.obj            367    338       2      
    +--+-----------------------------+------+---------+---------+
       Total:                        367    338       2      
                                                             
    .\device\
       device.obj                    385    93        0      
       f28003x_codestartbranch.obj   10     0         0      
    +--+-----------------------------+------+---------+---------+
       Total:                        395    93        0      
                                                             
    .\syscfg\
       board.obj                     625    219       0      
       c2000ware_libraries.obj       1      0         0      
    +--+-----------------------------+------+---------+---------+
       Total:                        626    219       0      
                                                             
    C:/TI/C2000Ware/C2000Ware_5_02_00_00/driverlib/f28003x/driverlib/ccs/Debug/driverlib.lib
       sysctl.obj                    1352   154       0      
       flash.obj                     628    155       0      
       gpio.obj                      422    152       0      
       sci.obj                       360    151       0      
       interrupt.obj                 214    0         0      
       cputimer.obj                  42     80        0      
    +--+-----------------------------+------+---------+---------+
       Total:                        3018   692       0      
                                                             
    C:\TI\ccs1281\ccs\tools\compiler\ti-cgt-c2000_22.6.1.LTS\lib\rts2800_fpu32_eabi.lib
       fs_div28.asm.obj              136    0         0      
       copy_decompress_lzss.c.obj    48     0         0      
       exit.c.obj                    41     0         6      
       autoinit.c.obj                43     0         0      
       memcpy.c.obj                  29     0         0      
       boot28.asm.obj                23     0         0      
       _lock.c.obj                   9      0         4      
       copy_zero_init.c.obj          13     0         0      
       args_main.c.obj               12     0         0      
       copy_decompress_none.c.obj    8      0         0      
       pre_init.c.obj                2      0         0      
       startup.c.obj                 1      0         0      
    +--+-----------------------------+------+---------+---------+
       Total:                        365    0         10     
                                                             
       Stack:                        0      0         512    
       Linker Generated:             0      27        0      
    +--+-----------------------------+------+---------+---------+
       Grand Total:                  4771   1369      524    


LINKER GENERATED COPY TABLES

__TI_cinit_table @ 00081144 records: 2, size/record: 4, table size: 8
	.data: load addr=00081130, load size=00000009 bytes, run addr=0000a800, run size=0000000a bytes, compression=lzss
	.bss: load addr=00081140, load size=00000004 bytes, run addr=0000a80a, run size=00000002 bytes, compression=zero_init


LINKER GENERATED HANDLER TABLE

__TI_handler_table @ 0008113a records: 3, size/record: 2, table size: 6
	index: 0, handler: __TI_zero_init
	index: 1, handler: __TI_decompress_lzss
	index: 2, handler: __TI_decompress_none


GLOBAL DATA SYMBOLS: SORTED BY DATA PAGE

address     data page           name
--------    ----------------    ----
00000400      10 (00000400)     __stack

0000a800     2a0 (0000a800)     __TI_enable_exit_profile_output
0000a802     2a0 (0000a800)     __TI_cleanup_ptr
0000a804     2a0 (0000a800)     __TI_dtors_ptr
0000a806     2a0 (0000a800)     _lock
0000a808     2a0 (0000a800)     _unlock
0000a80a     2a0 (0000a800)     cpuTimer0IntCount
0000a80b     2a0 (0000a800)     delayCount


GLOBAL SYMBOLS: SORTED ALPHABETICALLY BY Name 

page  address   name                             
----  -------   ----                             
0     00082f80  Board_init                       
0     00082953  C$$EXIT                          
0     00083043  C2000Ware_libraries_init         
0     00083038  CPUTIMER_init                    
0     00082e8a  CPUTimer_setEmulationMode        
0     00082221  Device_enableAllPeripherals      
0     0008250b  Device_init                      
0     00082f31  Device_initGPIO                  
0     00008000  Flash_initModule                 
0     0008303b  GPIO_init                        
0     000823ea  GPIO_setAnalogMode               
0     000827eb  GPIO_setControllerCore           
0     000828c7  GPIO_setDirectionMode            
0     000824b9  GPIO_setPadConfig                
0     00082822  GPIO_setPinConfig                
0     00082859  GPIO_setQualificationMode        
0     00082f8d  INTERRUPT_init                   
0     000827b3  INT_myCPUTIMER0_ISR              
0     00082d42  Interrupt_defaultHandler         
0     00082890  Interrupt_enable                 
0     00082ff0  Interrupt_illegalOperationHandler
0     00082739  Interrupt_initModule             
0     00082ad2  Interrupt_initVectorTable        
0     00083000  Interrupt_nmiHandler             
0     00082bb0  LED0_init                        
0     00082a12  PinMux_init                      
0     0008112e  RamfuncsLoadEnd                  
abs   0000012e  RamfuncsLoadSize                 
0     00081000  RamfuncsLoadStart                
0     0000812e  RamfuncsRunEnd                   
abs   0000012e  RamfuncsRunSize                  
0     00008000  RamfuncsRunStart                 
0     000825eb  SCI_clearInterruptStatus         
0     0008303e  SCI_init                         
0     000826fb  SCI_setConfig                    
0     000826ba  SCI_writeCharArray               
0     0000812a  SysCtl_delay                     
0     00082454  SysCtl_getClock                  
0     00082b96  SysCtl_getLowSpeedClock          
0     00082123  SysCtl_isPLLValid                
0     0008255c  SysCtl_selectOscSource           
0     000825a5  SysCtl_selectXTAL                
0     000829c9  SysCtl_selectXTALSingleEnded     
0     00082000  SysCtl_setClock                  
0     00081144  __TI_CINIT_Base                  
0     0008114c  __TI_CINIT_Limit                 
0     0008114c  __TI_CINIT_Warm                  
0     0008113a  __TI_Handler_Table_Base          
0     00081140  __TI_Handler_Table_Limit         
0     00000600  __TI_STACK_END                   
abs   00000200  __TI_STACK_SIZE                  
0     00082928  __TI_auto_init_nobinit_nopinit   
0     0000a802  __TI_cleanup_ptr                 
0     000828f8  __TI_decompress_lzss             
0     00083013  __TI_decompress_none             
0     0000a804  __TI_dtors_ptr                   
0     0000a800  __TI_enable_exit_profile_output  
abs   ffffffff  __TI_pprof_out_hndl              
abs   ffffffff  __TI_prof_data_size              
abs   ffffffff  __TI_prof_data_start             
0     00082fc1  __TI_zero_init_nomemset          
0     000822ef  __c28xabi_divf                   
n/a   UNDEFED   __c_args__                       
0     00083031  __error__                        
0     00000400  __stack                          
0     00082fce  _args_main                       
0     00082d15  _c_int00                         
0     0000a806  _lock                            
0     00083012  _nop                             
0     0008300e  _register_lock                   
0     0008300a  _register_unlock                 
0     00083044  _system_post_cinit               
0     00083041  _system_pre_init                 
0     0000a808  _unlock                          
0     00082953  abort                            
0     00080000  code_start                       
0     0000a80a  cpuTimer0IntCount                
0     0000a80b  delayCount                       
0     00082955  exit                             
0     00082675  main                             
0     00082b2b  memcpy                           
0     00082a36  myCPUTIMER0_init                 
0     00082776  mySCIB_init                      


GLOBAL SYMBOLS: SORTED BY Symbol Address 

page  address   name                             
----  -------   ----                             
0     00000400  __stack                          
0     00000600  __TI_STACK_END                   
0     00008000  Flash_initModule                 
0     00008000  RamfuncsRunStart                 
0     0000812a  SysCtl_delay                     
0     0000812e  RamfuncsRunEnd                   
0     0000a800  __TI_enable_exit_profile_output  
0     0000a802  __TI_cleanup_ptr                 
0     0000a804  __TI_dtors_ptr                   
0     0000a806  _lock                            
0     0000a808  _unlock                          
0     0000a80a  cpuTimer0IntCount                
0     0000a80b  delayCount                       
0     00080000  code_start                       
0     00081000  RamfuncsLoadStart                
0     0008112e  RamfuncsLoadEnd                  
0     0008113a  __TI_Handler_Table_Base          
0     00081140  __TI_Handler_Table_Limit         
0     00081144  __TI_CINIT_Base                  
0     0008114c  __TI_CINIT_Limit                 
0     0008114c  __TI_CINIT_Warm                  
0     00082000  SysCtl_setClock                  
0     00082123  SysCtl_isPLLValid                
0     00082221  Device_enableAllPeripherals      
0     000822ef  __c28xabi_divf                   
0     000823ea  GPIO_setAnalogMode               
0     00082454  SysCtl_getClock                  
0     000824b9  GPIO_setPadConfig                
0     0008250b  Device_init                      
0     0008255c  SysCtl_selectOscSource           
0     000825a5  SysCtl_selectXTAL                
0     000825eb  SCI_clearInterruptStatus         
0     00082675  main                             
0     000826ba  SCI_writeCharArray               
0     000826fb  SCI_setConfig                    
0     00082739  Interrupt_initModule             
0     00082776  mySCIB_init                      
0     000827b3  INT_myCPUTIMER0_ISR              
0     000827eb  GPIO_setControllerCore           
0     00082822  GPIO_setPinConfig                
0     00082859  GPIO_setQualificationMode        
0     00082890  Interrupt_enable                 
0     000828c7  GPIO_setDirectionMode            
0     000828f8  __TI_decompress_lzss             
0     00082928  __TI_auto_init_nobinit_nopinit   
0     00082953  C$$EXIT                          
0     00082953  abort                            
0     00082955  exit                             
0     000829c9  SysCtl_selectXTALSingleEnded     
0     00082a12  PinMux_init                      
0     00082a36  myCPUTIMER0_init                 
0     00082ad2  Interrupt_initVectorTable        
0     00082b2b  memcpy                           
0     00082b96  SysCtl_getLowSpeedClock          
0     00082bb0  LED0_init                        
0     00082d15  _c_int00                         
0     00082d42  Interrupt_defaultHandler         
0     00082e8a  CPUTimer_setEmulationMode        
0     00082f31  Device_initGPIO                  
0     00082f80  Board_init                       
0     00082f8d  INTERRUPT_init                   
0     00082fc1  __TI_zero_init_nomemset          
0     00082fce  _args_main                       
0     00082ff0  Interrupt_illegalOperationHandler
0     00083000  Interrupt_nmiHandler             
0     0008300a  _register_unlock                 
0     0008300e  _register_lock                   
0     00083012  _nop                             
0     00083013  __TI_decompress_none             
0     00083031  __error__                        
0     00083038  CPUTIMER_init                    
0     0008303b  GPIO_init                        
0     0008303e  SCI_init                         
0     00083041  _system_pre_init                 
0     00083043  C2000Ware_libraries_init         
0     00083044  _system_post_cinit               
abs   0000012e  RamfuncsLoadSize                 
abs   0000012e  RamfuncsRunSize                  
abs   00000200  __TI_STACK_SIZE                  
abs   ffffffff  __TI_pprof_out_hndl              
abs   ffffffff  __TI_prof_data_size              
abs   ffffffff  __TI_prof_data_start             
n/a   UNDEFED   __c_args__                       

[83 symbols]
