******************************************************************************
             TMS320C2000 Linker PC v22.6.1                     
******************************************************************************
>> Linked Tue Jul  7 17:35:39 2026

OUTPUT FILE NAME:   <project00_assemble.out>
ENTRY POINT SYMBOL: "code_start"  address: 00080000


MEMORY CONFIGURATION

         name            origin    length      used     unused   attr    fill
----------------------  --------  ---------  --------  --------  ----  --------
  BOOT_RSVD             00000002   00000126  00000000  00000126  RWIX
  RAMM0                 00000128   000002d8  00000000  000002d8  RWIX
  RAMM1                 00000400   000003f8  00000200  000001f8  RWIX
  RAMLS0                00008000   00000800  0000012e  000006d2  RWIX
  RAMLS1                00008800   00000800  00000000  00000800  RWIX
  RAMLS2                00009000   00000800  00000000  00000800  RWIX
  RAMLS3                00009800   00000800  00000000  00000800  RWIX
  RAMLS4                0000a000   00000800  00000000  00000800  RWIX
  RAMLS5                0000a800   00000800  00000493  0000036d  RWIX
  RAMLS6                0000b000   00000800  00000000  00000800  RWIX
  RAMLS7                0000b800   00000800  00000000  00000800  RWIX
  RAMGS0                0000c000   00001000  00000000  00001000  RWIX
  RAMGS1                0000d000   00001000  00000000  00001000  RWIX
  RAMGS2                0000e000   00001000  00000000  00001000  RWIX
  RAMGS3                0000f000   00000ff8  00000000  00000ff8  RWIX
  BEGIN                 00080000   00000002  00000002  00000000  RWIX
  FLASH_BANK0_SEC0      00080002   00000ffe  00000000  00000ffe  RWIX
  FLASH_BANK0_SEC1      00081000   00001000  0000014a  00000eb6  RWIX
  FLASH_BANK0_SEC2      00082000   00001000  00001000  00000000  RWIX
  FLASH_BANK0_SEC3      00083000   00001000  000004dd  00000b23  RWIX
  FLASH_BANK0_SEC4      00084000   00001000  000003e7  00000c19  RWIX
  FLASH_BANK0_SEC5      00085000   00001000  00000000  00001000  RWIX
  FLASH_BANK0_SEC6      00086000   00001000  00000000  00001000  RWIX
  FLASH_BANK0_SEC7      00087000   00001000  00000000  00001000  RWIX
  FLASH_BANK0_SEC8      00088000   00001000  00000000  00001000  RWIX
  FLASH_BANK0_SEC9      00089000   00001000  00000000  00001000  RWIX
  FLASH_BANK0_SEC10     0008a000   00001000  00000000  00001000  RWIX
  FLASH_BANK0_SEC11     0008b000   00001000  00000000  00001000  RWIX
  FLASH_BANK0_SEC12     0008c000   00001000  00000000  00001000  RWIX
  FLASH_BANK0_SEC13     0008d000   00001000  00000000  00001000  RWIX
  FLASH_BANK0_SEC14     0008e000   00001000  00000000  00001000  RWIX
  FLASH_BANK0_SEC15     0008f000   00001000  00000000  00001000  RWIX
  FLASH_BANK1_SEC0      00090000   00001000  00000000  00001000  RWIX
  FLASH_BANK1_SEC1      00091000   00001000  00000000  00001000  RWIX
  FLASH_BANK1_SEC2      00092000   00001000  00000000  00001000  RWIX
  FLASH_BANK1_SEC3      00093000   00001000  00000000  00001000  RWIX
  FLASH_BANK1_SEC4      00094000   00001000  00000000  00001000  RWIX
  FLASH_BANK1_SEC5      00095000   00001000  00000000  00001000  RWIX
  FLASH_BANK1_SEC6      00096000   00001000  00000000  00001000  RWIX
  FLASH_BANK1_SEC7      00097000   00001000  00000000  00001000  RWIX
  FLASH_BANK1_SEC8      00098000   00001000  00000000  00001000  RWIX
  FLASH_BANK1_SEC9      00099000   00001000  00000000  00001000  RWIX
  FLASH_BANK1_SEC10     0009a000   00001000  00000000  00001000  RWIX
  FLASH_BANK1_SEC11     0009b000   00001000  00000000  00001000  RWIX
  FLASH_BANK1_SEC12     0009c000   00001000  00000000  00001000  RWIX
  FLASH_BANK1_SEC13     0009d000   00001000  00000000  00001000  RWIX
  FLASH_BANK1_SEC14     0009e000   00001000  00000000  00001000  RWIX
  FLASH_BANK1_SEC15     0009f000   00001000  00000000  00001000  RWIX
  FLASH_BANK2_SEC0      000a0000   00001000  00000000  00001000  RWIX
  FLASH_BANK2_SEC1      000a1000   00001000  00000000  00001000  RWIX
  FLASH_BANK2_SEC2      000a2000   00001000  00000000  00001000  RWIX
  FLASH_BANK2_SEC3      000a3000   00001000  00000000  00001000  RWIX
  FLASH_BANK2_SEC4      000a4000   00001000  00000000  00001000  RWIX
  FLASH_BANK2_SEC5      000a5000   00001000  00000000  00001000  RWIX
  FLASH_BANK2_SEC6      000a6000   00001000  00000000  00001000  RWIX
  FLASH_BANK2_SEC7      000a7000   00001000  00000000  00001000  RWIX
  FLASH_BANK2_SEC8      000a8000   00001000  00000000  00001000  RWIX
  FLASH_BANK2_SEC9      000a9000   00001000  00000000  00001000  RWIX
  FLASH_BANK2_SEC10     000aa000   00001000  00000000  00001000  RWIX
  FLASH_BANK2_SEC11     000ab000   00001000  00000000  00001000  RWIX
  FLASH_BANK2_SEC12     000ac000   00001000  00000000  00001000  RWIX
  FLASH_BANK2_SEC13     000ad000   00001000  00000000  00001000  RWIX
  FLASH_BANK2_SEC14     000ae000   00001000  00000000  00001000  RWIX
  FLASH_BANK2_SEC15     000af000   00000ff0  00000000  00000ff0  RWIX
  SECURE_ROM            003f2000   00006000  00000000  00006000  RWIX
  BOOTROM               003f8000   00007fc0  00000000  00007fc0  RWIX
  RESET                 003fffc0   00000002  00000000  00000002  RWIX


SECTION ALLOCATION MAP

 output                                  attributes/
section   page    origin      length       input sections
--------  ----  ----------  ----------   ----------------
codestart 
*          0    00080000    00000002     
                  00080000    00000002     f28003x_codestartbranch.obj (codestart)

.cinit     0    00081130    0000001c     
                  00081130    0000000a     (.cinit..data.load) [load image, compression = lzss]
                  0008113a    00000006     (__TI_handler_table)
                  00081140    00000004     (.cinit..bss.load) [load image, compression = zero_init]
                  00081144    00000008     (__TI_cinit_table)

.reset     0    003fffc0    00000000     DSECT

.stack     0    00000400    00000200     UNINITIALIZED
                  00000400    00000200     --HOLE--

.init_array 
*          0    00081000    00000000     UNINITIALIZED

.bss       0    0000a800    00000488     UNINITIALIZED
                  0000a800    00000480     oled.obj (.bss:OLED_GRAM)
                  0000ac80    00000004     key.obj (.bss)
                  0000ac84    00000004     project00_main.obj (.bss)

.TI.ramfunc 
*          0    00081000    0000012e     RUN ADDR = 00008000
                  00081000    00000049     driverlib.lib : flash.obj (.TI.ramfunc:Flash_initModule)
                  00081049    0000002c                   : flash.obj (.TI.ramfunc:Flash_setBankPowerMode)
                  00081075    00000024                   : flash.obj (.TI.ramfunc:Flash_setWaitstates)
                  00081099    0000001d                   : flash.obj (.TI.ramfunc:Flash_setPumpPowerMode)
                  000810b6    00000018                   : flash.obj (.TI.ramfunc:Flash_disableCache)
                  000810ce    00000018                   : flash.obj (.TI.ramfunc:Flash_disablePrefetch)
                  000810e6    00000017                   : flash.obj (.TI.ramfunc:Flash_enableCache)
                  000810fd    00000017                   : flash.obj (.TI.ramfunc:Flash_enablePrefetch)
                  00081114    00000016                   : flash.obj (.TI.ramfunc:Flash_enableECC)
                  0008112a    00000004                   : sysctl.obj (.TI.ramfunc)

.data      0    0000ac88    0000000b     UNINITIALIZED
                  0000ac88    00000006     rts2800_fpu32_eabi.lib : exit.c.obj (.data)
                  0000ac8e    00000002                            : _lock.c.obj (.data:_lock)
                  0000ac90    00000002                            : _lock.c.obj (.data:_unlock)
                  0000ac92    00000001     key.obj (.data)

.text.1    0    00082000    00001000     
                  00082000    00000167     board.obj (.text:PinMux_init)
                  00082167    00000123     driverlib.lib : sysctl.obj (.text:SysCtl_setClock)
                  0008228a    000000fe                   : sysctl.obj (.text:SysCtl_isPLLValid)
                  00082388    000000e4     board.obj (.text:EPWM_init)
                  0008246c    000000d3     device.obj (.text:Device_enableAllPeripherals)
                  0008253f    00000088     rts2800_fpu32_eabi.lib : fs_div28.asm.obj (.text)
                  000825c7    00000083     board.obj (.text:myCMPSS3_init)
                  0008264a    00000075     board.obj (.text:mySCIB_init)
                  000826bf    00000073     driverlib.lib : sysctl.obj (.text:DCC_setCounterSeeds)
                  00082732    00000073     oled.obj (.text:OLED_Init)
                  000827a5    0000006a     driverlib.lib : gpio.obj (.text:GPIO_setAnalogMode)
                  0008280f    00000065                   : sysctl.obj (.text:SysCtl_getClock)
                  00082874    0000005d     device.obj (.text:Device_init)
                  000828d1    0000005c     driverlib.lib : spi.obj (.text:SPI_setConfig)
                  0008292d    0000005b     project00_main.obj (.text:INT_myADCA_1_ISR)
                  00082988    00000056     board.obj (.text:myADCA_init)
                  000829de    00000052     driverlib.lib : gpio.obj (.text:GPIO_setPadConfig)
                  00082a30    00000049                   : cmpss.obj (.text:CMPSS_configFilterHigh)
                  00082a79    00000049                   : cmpss.obj (.text:CMPSS_configFilterLow)
                  00082ac2    00000049                   : sysctl.obj (.text:SysCtl_selectOscSource)
                  00082b0b    00000048                   : cmpss.obj (.text:CMPSS_configRamp)
                  00082b53    00000046                   : sysctl.obj (.text:SysCtl_selectXTAL)
                  00082b99    00000045                   : sci.obj (.text:SCI_clearInterruptStatus)
                  00082bde    00000045                   : sysctl.obj (.text:SysCtl_pollX1Counter)
                  00082c23    0000003e                   : sci.obj (.text:SCI_setConfig)
                  00082c61    0000003d                   : interrupt.obj (.text:Interrupt_initModule)
                  00082c9e    0000003c     oled.obj (.text:OLED_Refresh)
                  00082cda    0000003b     board.obj (.text:FLASH_SPI_init)
                  00082d15    00000037     driverlib.lib : gpio.obj (.text:GPIO_setControllerCore)
                  00082d4c    00000037                   : gpio.obj (.text:GPIO_setPinConfig)
                  00082d83    00000037                   : gpio.obj (.text:GPIO_setQualificationMode)
                  00082dba    00000037                   : interrupt.obj (.text:Interrupt_enable)
                  00082df1    00000031                   : gpio.obj (.text:GPIO_setDirectionMode)
                  00082e22    00000030     rts2800_fpu32_eabi.lib : copy_decompress_lzss.c.obj (.text:decompress:lzss)
                  00082e52    0000002f     driverlib.lib : xbar.obj (.text:XBAR_setEPWMMuxConfig)
                  00082e81    0000002e     project00_main.obj (.text:main)
                  00082eaf    0000002b     driverlib.lib : cmpss.obj (.text:CMPSS_configLatchOnPWMSYNC)
                  00082eda    0000002b     rts2800_fpu32_eabi.lib : autoinit.c.obj (.text:__TI_auto_init_nobinit_nopinit)
                  00082f05    00000029                            : exit.c.obj (.text)
                  00082f2e    00000028     driverlib.lib : adc.obj (.text:ADC_setOffsetTrimAll)
                  00082f56    00000027                   : adc.obj (.text:ADC_setVREF)
                  00082f7d    00000026     board.obj (.text:myCPUTIMER0_init)
                  00082fa3    00000025     driverlib.lib : sysctl.obj (.text:SysCtl_selectXTALSingleEnded)
                  00082fc8    00000024                   : sysctl.obj (.text:DCC_enableSingleShotMode)
                  00082fec    00000014                   : sysctl.obj (.text:DCC_disableModule)

.text.2    0    00083000    000004dd     
                  00083000    00000023     oled.obj (.text:Send_Byte)
                  00083023    0000001e     driverlib.lib : sysctl.obj (.text:DCC_setCounter0ClkSource)
                  00083041    0000001e                   : sysctl.obj (.text:DCC_setCounter1ClkSource)
                  0008305f    0000001e                   : interrupt.obj (.text:Interrupt_initVectorTable)
                  0008307d    0000001e     oled.obj (.text:OLED_WR_Byte)
                  0008309b    0000001d     rts2800_fpu32_eabi.lib : memcpy.c.obj (.text)
                  000830b8    0000001b     board.obj (.text:Board_init)
                  000830d3    0000001b     driverlib.lib : cmpss.obj (.text:CMPSS_isBaseValid)
                  000830ee    0000001a     key.obj (.text:Key_GetState)
                  00083108    0000001a     driverlib.lib : sysctl.obj (.text:SysCtl_getLowSpeedClock)
                  00083122    00000019     board.obj (.text:LED0_init)
                  0008313b    00000019     driverlib.lib : sysctl.obj (.text:SysCtl_setPLLSysClk)
                  00083154    00000018                   : sci.obj (.text:SCI_disableModule)
                  0008316c    00000018                   : sci.obj (.text:SCI_performSoftwareReset)
                  00083184    00000017                   : adc.obj (.text:ADC_isBaseValid)
                  0008319b    00000017                   : cputimer.obj (.text:CPUTimer_isBaseValid)
                  000831b2    00000017     oled.obj (.text:I2C_Start)
                  000831c9    00000017     board.obj (.text:INTERRUPT_init)
                  000831e0    00000017     key.obj (.text:Key_Tick)
                  000831f7    00000017     driverlib.lib : sysctl.obj (.text:SysCtl_enablePeripheral)
                  0008320e    00000017     rts2800_fpu32_eabi.lib : boot28.asm.obj (.text)
                  00083225    00000016     driverlib.lib : sysctl.obj (.text:DCC_disableDoneSignal)
                  0008323b    00000016                   : interrupt.obj (.text:Interrupt_defaultHandler)
                  00083251    00000015                   : sysctl.obj (.text:DCC_clearDoneFlag)
                  00083266    00000015                   : sysctl.obj (.text:DCC_clearErrorFlag)
                  0008327b    00000015                   : sysctl.obj (.text:DCC_disableErrorSignal)
                  00083290    00000015                   : sysctl.obj (.text:DCC_isBaseValid)
                  000832a5    00000014                   : sysctl.obj (.text:DCC_enableModule)
                  000832b9    00000014     board.obj (.text:FLASH_CS_init)
                  000832cd    00000014     driverlib.lib : gpio.obj (.text:GPIO_isPinValid)
                  000832e1    00000014     board.obj (.text:KEY0_init)
                  000832f5    00000014     board.obj (.text:KEY1_init)
                  00083309    00000014     board.obj (.text:KEY2_init)
                  0008331d    00000014     board.obj (.text:SCREEN_SCL_init)
                  00083331    00000014     board.obj (.text:SCREEN_SDA_init)
                  00083345    00000014     board.obj (.text:TEST_GPIO_init)
                  00083359    00000013     driverlib.lib : cputimer.obj (.text:CPUTimer_setEmulationMode)
                  0008336c    00000013     oled.obj (.text:I2C_WaitAck)
                  0008337f    00000013     driverlib.lib : sci.obj (.text:SCI_enableModule)
                  00083392    00000013                   : sci.obj (.text:SCI_isBaseValid)
                  000833a5    00000013                   : spi.obj (.text:SPI_isBaseValid)
                  000833b8    00000011     board.obj (.text:GPIO_init)
                  000833c9    00000011     oled.obj (.text:OLED_Clear)
                  000833da    00000011     board.obj (.text:SYNC_init)
                  000833eb    00000010     device.obj (.text:Device_initGPIO)
                  000833fb    00000010     driverlib.lib : flash.obj (.text:Flash_isCtrlBaseValid)
                  0008340b    00000010                   : flash.obj (.text:Flash_isECCBaseValid)
                  0008341b    00000010     project00_main.obj (.text:INT_myCPUTIMER0_ISR)
                  0008342b    0000000f     oled.obj (.text:I2C_Stop)
                  0008343a    0000000d     driverlib.lib : interrupt.obj (.text:Interrupt_disableGlobal)
                  00083447    0000000d                   : interrupt.obj (.text:Interrupt_enableGlobal)
                  00083454    0000000d     board.obj (.text:myEPWMXBAR4_init)
                  00083461    0000000c     rts2800_fpu32_eabi.lib : args_main.c.obj (.text)
                  0008346d    0000000b     board.obj (.text:ASYSCTL_init)
                  00083478    0000000b     driverlib.lib : sysctl.obj (.text:SysCtl_isMCDClockFailureDetected)
                  00083483    0000000a                   : interrupt.obj (.text:Interrupt_illegalOperationHandler)
                  0008348d    0000000a                   : interrupt.obj (.text:Interrupt_nmiHandler)
                  00083497    00000009     rts2800_fpu32_eabi.lib : _lock.c.obj (.text)
                  000834a0    00000008                            : copy_decompress_none.c.obj (.text:decompress:none)
                  000834a8    00000008     f28003x_codestartbranch.obj (.text)
                  000834b0    00000007     driverlib.lib : sysctl.obj (.text:SysCtl_resetMCD)
                  000834b7    00000007     rts2800_fpu32_eabi.lib : memset.c.obj (.text)
                  000834be    00000006                            : copy_zero_init.c.obj (.text:decompress:ZI)
                  000834c4    00000005     key.obj (.text:Key_GetNum)
                  000834c9    00000005     key.obj (.text:Key_Open)
                  000834ce    00000004     oled.obj (.text:IIC_delay)
                  000834d2    00000004     tjx_init.obj (.text:delay_us)
                  000834d6    00000003     device.obj (.text:__error__)
                  000834d9    00000002     rts2800_fpu32_eabi.lib : pre_init.c.obj (.text)
                  000834db    00000001     c2000ware_libraries.obj (.text:C2000Ware_libraries_init)
                  000834dc    00000001     rts2800_fpu32_eabi.lib : startup.c.obj (.text)

.const     0    00084000    000003e7     
                  00084000    0000009b     driverlib.lib : flash.obj (.const:.string)
                  0008409b    00000001     --HOLE-- [fill = 0]
                  0008409c    0000009a                   : sysctl.obj (.const:.string)
                  00084136    00000098                   : gpio.obj (.const:.string)
                  000841ce    00000097                   : sci.obj (.const:.string)
                  00084265    00000001     --HOLE-- [fill = 0]
                  00084266    00000097                   : spi.obj (.const:.string)
                  000842fd    00000001     --HOLE-- [fill = 0]
                  000842fe    00000050                   : cputimer.obj (.const:.string)
                  0008434e    0000004d                   : cmpss.obj (.const:.string)
                  0008439b    00000001     --HOLE-- [fill = 0]
                  0008439c    0000004b                   : adc.obj (.const:.string)

MODULE SUMMARY

       Module                        code   ro data   rw data
       ------                        ----   -------   -------
    .\
       project00_main.obj            153    0         4      
    +--+-----------------------------+------+---------+---------+
       Total:                        153    0         4      
                                                             
    .\app\src\
       tjx_init.obj                  4      0         0      
    +--+-----------------------------+------+---------+---------+
       Total:                        4      0         0      
                                                             
    .\bsp\src\
       oled.obj                      318    0         1152   
       key.obj                       59     0         5      
    +--+-----------------------------+------+---------+---------+
       Total:                        377    0         1157   
                                                             
    .\device\
       device.obj                    323    0         0      
       f28003x_codestartbranch.obj   10     0         0      
    +--+-----------------------------+------+---------+---------+
       Total:                        333    0         0      
                                                             
    .\syscfg\
       board.obj                     1291   0         0      
       c2000ware_libraries.obj       1      0         0      
    +--+-----------------------------+------+---------+---------+
       Total:                        1292   0         0      
                                                             
    C:/TI/C2000Ware/C2000Ware_5_02_00_00/driverlib/f28003x/driverlib/ccs/Debug/driverlib.lib
       sysctl.obj                    1352   154       0      
       flash.obj                     628    155       0      
       gpio.obj                      422    152       0      
       sci.obj                       217    151       0      
       cmpss.obj                     288    77        0      
       spi.obj                       111    151       0      
       interrupt.obj                 214    0         0      
       adc.obj                       102    75        0      
       cputimer.obj                  42     80        0      
       xbar.obj                      47     0         0      
    +--+-----------------------------+------+---------+---------+
       Total:                        3423   995       0      
                                                             
    C:\TI\ccs1281\ccs\tools\compiler\ti-cgt-c2000_22.6.1.LTS\lib\rts2800_fpu32_eabi.lib
       fs_div28.asm.obj              136    0         0      
       copy_decompress_lzss.c.obj    48     0         0      
       exit.c.obj                    41     0         6      
       autoinit.c.obj                43     0         0      
       memcpy.c.obj                  29     0         0      
       boot28.asm.obj                23     0         0      
       _lock.c.obj                   9      0         4      
       args_main.c.obj               12     0         0      
       copy_decompress_none.c.obj    8      0         0      
       memset.c.obj                  7      0         0      
       copy_zero_init.c.obj          6      0         0      
       pre_init.c.obj                2      0         0      
       startup.c.obj                 1      0         0      
    +--+-----------------------------+------+---------+---------+
       Total:                        365    0         10     
                                                             
       Stack:                        0      0         512    
       Linker Generated:             0      28        0      
    +--+-----------------------------+------+---------+---------+
       Grand Total:                  5947   1023      1683   


LINKER GENERATED COPY TABLES

__TI_cinit_table @ 00081144 records: 2, size/record: 4, table size: 8
	.data: load addr=00081130, load size=0000000a bytes, run addr=0000ac88, run size=0000000b bytes, compression=lzss
	.bss: load addr=00081140, load size=00000004 bytes, run addr=0000a800, run size=00000488 bytes, compression=zero_init


LINKER GENERATED HANDLER TABLE

__TI_handler_table @ 0008113a records: 3, size/record: 2, table size: 6
	index: 0, handler: __TI_zero_init
	index: 1, handler: __TI_decompress_lzss
	index: 2, handler: __TI_decompress_none


GLOBAL DATA SYMBOLS: SORTED BY DATA PAGE

address     data page           name
--------    ----------------    ----
00000400      10 (00000400)     __stack

0000a800     2a0 (0000a800)     OLED_GRAM

0000ac80     2b2 (0000ac80)     Key_Num
0000ac84     2b2 (0000ac80)     adcAResult
0000ac85     2b2 (0000ac80)     CMPA_result
0000ac86     2b2 (0000ac80)     duty
0000ac88     2b2 (0000ac80)     __TI_enable_exit_profile_output
0000ac8a     2b2 (0000ac80)     __TI_cleanup_ptr
0000ac8c     2b2 (0000ac80)     __TI_dtors_ptr
0000ac8e     2b2 (0000ac80)     _lock
0000ac90     2b2 (0000ac80)     _unlock
0000ac92     2b2 (0000ac80)     Key_Flag


GLOBAL SYMBOLS: SORTED ALPHABETICALLY BY Name 

page  address   name                             
----  -------   ----                             
0     00082988  ADC_init                         
0     00082f2e  ADC_setOffsetTrimAll             
0     00082f56  ADC_setVREF                      
0     0008346d  ASYSCTL_init                     
0     000830b8  Board_init                       
0     00082f05  C$$EXIT                          
0     000834db  C2000Ware_libraries_init         
0     0000ac85  CMPA_result                      
0     00082a30  CMPSS_configFilterHigh           
0     00082a79  CMPSS_configFilterLow            
0     00082eaf  CMPSS_configLatchOnPWMSYNC       
0     00082b0b  CMPSS_configRamp                 
0     000825c7  CMPSS_init                       
0     00082f7d  CPUTIMER_init                    
0     00083359  CPUTimer_setEmulationMode        
0     0008246c  Device_enableAllPeripherals      
0     00082874  Device_init                      
0     000833eb  Device_initGPIO                  
0     00083454  EPWMXBAR_init                    
0     00082388  EPWM_init                        
0     000832b9  FLASH_CS_init                    
0     00082cda  FLASH_SPI_init                   
0     00008000  Flash_initModule                 
0     000833b8  GPIO_init                        
0     000827a5  GPIO_setAnalogMode               
0     00082d15  GPIO_setControllerCore           
0     00082df1  GPIO_setDirectionMode            
0     000829de  GPIO_setPadConfig                
0     00082d4c  GPIO_setPinConfig                
0     00082d83  GPIO_setQualificationMode        
0     000831b2  I2C_Start                        
0     0008342b  I2C_Stop                         
0     0008336c  I2C_WaitAck                      
0     000834ce  IIC_delay                        
0     000831c9  INTERRUPT_init                   
0     0008292d  INT_myADCA_1_ISR                 
0     0008341b  INT_myCPUTIMER0_ISR              
0     0008323b  Interrupt_defaultHandler         
0     00082dba  Interrupt_enable                 
0     00083483  Interrupt_illegalOperationHandler
0     00082c61  Interrupt_initModule             
0     0008305f  Interrupt_initVectorTable        
0     0008348d  Interrupt_nmiHandler             
0     000832e1  KEY0_init                        
0     000832f5  KEY1_init                        
0     00083309  KEY2_init                        
0     0000ac92  Key_Flag                         
0     000834c4  Key_GetNum                       
0     000830ee  Key_GetState                     
0     0000ac80  Key_Num                          
0     000834c9  Key_Open                         
0     000831e0  Key_Tick                         
0     00083122  LED0_init                        
0     000833c9  OLED_Clear                       
0     0000a800  OLED_GRAM                        
0     00082732  OLED_Init                        
0     00082c9e  OLED_Refresh                     
0     0008307d  OLED_WR_Byte                     
0     00082000  PinMux_init                      
0     0008112e  RamfuncsLoadEnd                  
abs   0000012e  RamfuncsLoadSize                 
0     00081000  RamfuncsLoadStart                
0     0000812e  RamfuncsRunEnd                   
abs   0000012e  RamfuncsRunSize                  
0     00008000  RamfuncsRunStart                 
0     00082b99  SCI_clearInterruptStatus         
0     0008264a  SCI_init                         
0     00082c23  SCI_setConfig                    
0     0008331d  SCREEN_SCL_init                  
0     00083331  SCREEN_SDA_init                  
0     00082cda  SPI_init                         
0     000828d1  SPI_setConfig                    
0     000833da  SYNC_init                        
0     00083000  Send_Byte                        
0     0000812a  SysCtl_delay                     
0     0008280f  SysCtl_getClock                  
0     00083108  SysCtl_getLowSpeedClock          
0     0008228a  SysCtl_isPLLValid                
0     00082ac2  SysCtl_selectOscSource           
0     00082b53  SysCtl_selectXTAL                
0     00082fa3  SysCtl_selectXTALSingleEnded     
0     00082167  SysCtl_setClock                  
0     00083345  TEST_GPIO_init                   
0     00082e52  XBAR_setEPWMMuxConfig            
0     00081144  __TI_CINIT_Base                  
0     0008114c  __TI_CINIT_Limit                 
0     0008114c  __TI_CINIT_Warm                  
0     0008113a  __TI_Handler_Table_Base          
0     00081140  __TI_Handler_Table_Limit         
0     00000600  __TI_STACK_END                   
abs   00000200  __TI_STACK_SIZE                  
0     00082eda  __TI_auto_init_nobinit_nopinit   
0     0000ac8a  __TI_cleanup_ptr                 
0     00082e22  __TI_decompress_lzss             
0     000834a0  __TI_decompress_none             
0     0000ac8c  __TI_dtors_ptr                   
0     0000ac88  __TI_enable_exit_profile_output  
abs   ffffffff  __TI_pprof_out_hndl              
abs   ffffffff  __TI_prof_data_size              
abs   ffffffff  __TI_prof_data_start             
0     000834be  __TI_zero_init                   
0     0008253f  __c28xabi_divf                   
n/a   UNDEFED   __c_args__                       
0     000834d6  __error__                        
0     00000400  __stack                          
0     00083461  _args_main                       
0     0008320e  _c_int00                         
0     0000ac8e  _lock                            
0     0008349f  _nop                             
0     0008349b  _register_lock                   
0     00083497  _register_unlock                 
0     000834dc  _system_post_cinit               
0     000834d9  _system_pre_init                 
0     0000ac90  _unlock                          
0     00082f05  abort                            
0     0000ac84  adcAResult                       
0     00080000  code_start                       
0     000834d2  delay_us                         
0     0000ac86  duty                             
0     00082f07  exit                             
0     00082e81  main                             
0     0008309b  memcpy                           
0     000834b7  memset                           
0     00082988  myADCA_init                      
0     000825c7  myCMPSS3_init                    
0     00082f7d  myCPUTIMER0_init                 
0     00083454  myEPWMXBAR4_init                 
0     0008264a  mySCIB_init                      


GLOBAL SYMBOLS: SORTED BY Symbol Address 

page  address   name                             
----  -------   ----                             
0     00000400  __stack                          
0     00000600  __TI_STACK_END                   
0     00008000  Flash_initModule                 
0     00008000  RamfuncsRunStart                 
0     0000812a  SysCtl_delay                     
0     0000812e  RamfuncsRunEnd                   
0     0000a800  OLED_GRAM                        
0     0000ac80  Key_Num                          
0     0000ac84  adcAResult                       
0     0000ac85  CMPA_result                      
0     0000ac86  duty                             
0     0000ac88  __TI_enable_exit_profile_output  
0     0000ac8a  __TI_cleanup_ptr                 
0     0000ac8c  __TI_dtors_ptr                   
0     0000ac8e  _lock                            
0     0000ac90  _unlock                          
0     0000ac92  Key_Flag                         
0     00080000  code_start                       
0     00081000  RamfuncsLoadStart                
0     0008112e  RamfuncsLoadEnd                  
0     0008113a  __TI_Handler_Table_Base          
0     00081140  __TI_Handler_Table_Limit         
0     00081144  __TI_CINIT_Base                  
0     0008114c  __TI_CINIT_Limit                 
0     0008114c  __TI_CINIT_Warm                  
0     00082000  PinMux_init                      
0     00082167  SysCtl_setClock                  
0     0008228a  SysCtl_isPLLValid                
0     00082388  EPWM_init                        
0     0008246c  Device_enableAllPeripherals      
0     0008253f  __c28xabi_divf                   
0     000825c7  CMPSS_init                       
0     000825c7  myCMPSS3_init                    
0     0008264a  SCI_init                         
0     0008264a  mySCIB_init                      
0     00082732  OLED_Init                        
0     000827a5  GPIO_setAnalogMode               
0     0008280f  SysCtl_getClock                  
0     00082874  Device_init                      
0     000828d1  SPI_setConfig                    
0     0008292d  INT_myADCA_1_ISR                 
0     00082988  ADC_init                         
0     00082988  myADCA_init                      
0     000829de  GPIO_setPadConfig                
0     00082a30  CMPSS_configFilterHigh           
0     00082a79  CMPSS_configFilterLow            
0     00082ac2  SysCtl_selectOscSource           
0     00082b0b  CMPSS_configRamp                 
0     00082b53  SysCtl_selectXTAL                
0     00082b99  SCI_clearInterruptStatus         
0     00082c23  SCI_setConfig                    
0     00082c61  Interrupt_initModule             
0     00082c9e  OLED_Refresh                     
0     00082cda  FLASH_SPI_init                   
0     00082cda  SPI_init                         
0     00082d15  GPIO_setControllerCore           
0     00082d4c  GPIO_setPinConfig                
0     00082d83  GPIO_setQualificationMode        
0     00082dba  Interrupt_enable                 
0     00082df1  GPIO_setDirectionMode            
0     00082e22  __TI_decompress_lzss             
0     00082e52  XBAR_setEPWMMuxConfig            
0     00082e81  main                             
0     00082eaf  CMPSS_configLatchOnPWMSYNC       
0     00082eda  __TI_auto_init_nobinit_nopinit   
0     00082f05  C$$EXIT                          
0     00082f05  abort                            
0     00082f07  exit                             
0     00082f2e  ADC_setOffsetTrimAll             
0     00082f56  ADC_setVREF                      
0     00082f7d  CPUTIMER_init                    
0     00082f7d  myCPUTIMER0_init                 
0     00082fa3  SysCtl_selectXTALSingleEnded     
0     00083000  Send_Byte                        
0     0008305f  Interrupt_initVectorTable        
0     0008307d  OLED_WR_Byte                     
0     0008309b  memcpy                           
0     000830b8  Board_init                       
0     000830ee  Key_GetState                     
0     00083108  SysCtl_getLowSpeedClock          
0     00083122  LED0_init                        
0     000831b2  I2C_Start                        
0     000831c9  INTERRUPT_init                   
0     000831e0  Key_Tick                         
0     0008320e  _c_int00                         
0     0008323b  Interrupt_defaultHandler         
0     000832b9  FLASH_CS_init                    
0     000832e1  KEY0_init                        
0     000832f5  KEY1_init                        
0     00083309  KEY2_init                        
0     0008331d  SCREEN_SCL_init                  
0     00083331  SCREEN_SDA_init                  
0     00083345  TEST_GPIO_init                   
0     00083359  CPUTimer_setEmulationMode        
0     0008336c  I2C_WaitAck                      
0     000833b8  GPIO_init                        
0     000833c9  OLED_Clear                       
0     000833da  SYNC_init                        
0     000833eb  Device_initGPIO                  
0     0008341b  INT_myCPUTIMER0_ISR              
0     0008342b  I2C_Stop                         
0     00083454  EPWMXBAR_init                    
0     00083454  myEPWMXBAR4_init                 
0     00083461  _args_main                       
0     0008346d  ASYSCTL_init                     
0     00083483  Interrupt_illegalOperationHandler
0     0008348d  Interrupt_nmiHandler             
0     00083497  _register_unlock                 
0     0008349b  _register_lock                   
0     0008349f  _nop                             
0     000834a0  __TI_decompress_none             
0     000834b7  memset                           
0     000834be  __TI_zero_init                   
0     000834c4  Key_GetNum                       
0     000834c9  Key_Open                         
0     000834ce  IIC_delay                        
0     000834d2  delay_us                         
0     000834d6  __error__                        
0     000834d9  _system_pre_init                 
0     000834db  C2000Ware_libraries_init         
0     000834dc  _system_post_cinit               
abs   0000012e  RamfuncsLoadSize                 
abs   0000012e  RamfuncsRunSize                  
abs   00000200  __TI_STACK_SIZE                  
abs   ffffffff  __TI_pprof_out_hndl              
abs   ffffffff  __TI_prof_data_size              
abs   ffffffff  __TI_prof_data_start             
n/a   UNDEFED   __c_args__                       

[128 symbols]
